Component: ARM Compiler 5.06 update 5 (build 528) Tool: armlink [4d35e2]

==============================================================================

Section Cross References

    startup_stm32f103xb.o(STACK) refers (Special) to heapauxi.o(.text) for __use_two_region_memory
    startup_stm32f103xb.o(HEAP) refers (Special) to heapauxi.o(.text) for __use_two_region_memory
    startup_stm32f103xb.o(RESET) refers (Special) to heapauxi.o(.text) for __use_two_region_memory
    startup_stm32f103xb.o(RESET) refers to startup_stm32f103xb.o(STACK) for __initial_sp
    startup_stm32f103xb.o(RESET) refers to startup_stm32f103xb.o(.text) for Reset_Handler
    startup_stm32f103xb.o(RESET) refers to stm32f1xx_it.o(i.NMI_Handler) for NMI_Handler
    startup_stm32f103xb.o(RESET) refers to stm32f1xx_it.o(i.HardFault_Handler) for HardFault_Handler
    startup_stm32f103xb.o(RESET) refers to stm32f1xx_it.o(i.MemManage_Handler) for MemManage_Handler
    startup_stm32f103xb.o(RESET) refers to stm32f1xx_it.o(i.BusFault_Handler) for BusFault_Handler
    startup_stm32f103xb.o(RESET) refers to stm32f1xx_it.o(i.UsageFault_Handler) for UsageFault_Handler
    startup_stm32f103xb.o(RESET) refers to stm32f1xx_it.o(i.SVC_Handler) for SVC_Handler
    startup_stm32f103xb.o(RESET) refers to stm32f1xx_it.o(i.DebugMon_Handler) for DebugMon_Handler
    startup_stm32f103xb.o(RESET) refers to stm32f1xx_it.o(i.PendSV_Handler) for PendSV_Handler
    startup_stm32f103xb.o(RESET) refers to stm32f1xx_it.o(i.SysTick_Handler) for SysTick_Handler
    startup_stm32f103xb.o(RESET) refers to stm32f1xx_it.o(i.DMA1_Channel1_IRQHandler) for DMA1_Channel1_IRQHandler
    startup_stm32f103xb.o(RESET) refers to stm32f1xx_it.o(i.DMA1_Channel4_IRQHandler) for DMA1_Channel4_IRQHandler
    startup_stm32f103xb.o(RESET) refers to stm32f1xx_it.o(i.USB_HP_CAN1_TX_IRQHandler) for USB_HP_CAN1_TX_IRQHandler
    startup_stm32f103xb.o(RESET) refers to stm32f1xx_it.o(i.USB_LP_CAN1_RX0_IRQHandler) for USB_LP_CAN1_RX0_IRQHandler
    startup_stm32f103xb.o(RESET) refers to stm32f1xx_it.o(i.TIM1_UP_IRQHandler) for TIM1_UP_IRQHandler
    startup_stm32f103xb.o(RESET) refers to stm32f1xx_it.o(i.USART1_IRQHandler) for USART1_IRQHandler
    startup_stm32f103xb.o(.text) refers (Special) to heapauxi.o(.text) for __use_two_region_memory
    startup_stm32f103xb.o(.text) refers to system_stm32f1xx.o(i.SystemInit) for SystemInit
    startup_stm32f103xb.o(.text) refers to __main.o(!!!main) for __main
    startup_stm32f103xb.o(.text) refers to startup_stm32f103xb.o(HEAP) for Heap_Mem
    startup_stm32f103xb.o(.text) refers to startup_stm32f103xb.o(STACK) for Stack_Mem
    main.o(i.HAL_TIM_PeriodElapsedCallback) refers to main.o(i.RUN) for RUN
    main.o(i.RUN) refers to mpu6050.o(i.MpuGetData) for MpuGetData
    main.o(i.RUN) refers to imu.o(i.GetAngle) for GetAngle
    main.o(i.RUN) refers to remote.o(i.RC_Analy) for RC_Analy
    main.o(i.RUN) refers to control.o(i.FlightPidControl) for FlightPidControl
    main.o(i.RUN) refers to control.o(i.MotorControl) for MotorControl
    main.o(i.RUN) refers to init.o(.bss) for Angle
    main.o(i.RUN) refers to init.o(.bss) for MPU6050
    main.o(i.SystemClock_Config) refers to rt_memclr_w.o(.text) for __aeabi_memclr4
    main.o(i.SystemClock_Config) refers to stm32f1xx_hal_rcc.o(i.HAL_RCC_OscConfig) for HAL_RCC_OscConfig
    main.o(i.SystemClock_Config) refers to stm32f1xx_hal_rcc.o(i.HAL_RCC_ClockConfig) for HAL_RCC_ClockConfig
    main.o(i.SystemClock_Config) refers to stm32f1xx_hal_rcc_ex.o(i.HAL_RCCEx_PeriphCLKConfig) for HAL_RCCEx_PeriphCLKConfig
    main.o(i.main) refers to stm32f1xx_hal.o(i.HAL_Init) for HAL_Init
    main.o(i.main) refers to stm32f1xx_hal_cortex.o(i.HAL_NVIC_SetPriorityGrouping) for HAL_NVIC_SetPriorityGrouping
    main.o(i.main) refers to stm32f1xx_hal_cortex.o(i.HAL_NVIC_SetPriority) for HAL_NVIC_SetPriority
    main.o(i.main) refers to main.o(i.SystemClock_Config) for SystemClock_Config
    main.o(i.main) refers to gpio.o(i.MX_GPIO_Init) for MX_GPIO_Init
    main.o(i.main) refers to dma.o(i.MX_DMA_Init) for MX_DMA_Init
    main.o(i.main) refers to tim.o(i.MX_TIM1_Init) for MX_TIM1_Init
    main.o(i.main) refers to tim.o(i.MX_TIM2_Init) for MX_TIM2_Init
    main.o(i.main) refers to tim.o(i.MX_TIM3_Init) for MX_TIM3_Init
    main.o(i.main) refers to usart.o(i.MX_USART1_UART_Init) for MX_USART1_UART_Init
    main.o(i.main) refers to usb_device.o(i.MX_USB_DEVICE_Init) for MX_USB_DEVICE_Init
    main.o(i.main) refers to adc.o(i.MX_ADC1_Init) for MX_ADC1_Init
    main.o(i.main) refers to delay.o(i.cycleCounterInit) for cycleCounterInit
    main.o(i.main) refers to spi.o(i.SPI_Config) for SPI_Config
    main.o(i.main) refers to adc_1.o(i.ADC_DMA_Init) for ADC_DMA_Init
    main.o(i.main) refers to init.o(i.ALL_Init) for ALL_Init
    main.o(i.main) refers to tim_1.o(i.TIM1_Config) for TIM1_Config
    main.o(i.main) refers to ano_dt.o(i.ANTO_polling) for ANTO_polling
    main.o(i.main) refers to led.o(i.PilotLED) for PilotLED
[...]
    __rt_memclr_w                            0x08000293   Thumb Code    78  rt_memclr_w.o(.text)
    _memset_w                                0x08000297   Thumb Code     0  rt_memclr_w.o(.text)
    __use_two_region_memory                  0x080002e1   Thumb Code     2  heapauxi.o(.text)
    __rt_heap_escrow$2region                 0x080002e3   Thumb Code     2  heapauxi.o(.text)
    __rt_heap_expand$2region                 0x080002e5   Thumb Code     2  heapauxi.o(.text)
    __read_errno                             0x080002e7   Thumb Code    10  _rserrno.o(.text)
    __set_errno                              0x080002f1   Thumb Code    12  _rserrno.o(.text)
    __aeabi_memcpy4                          0x080002fd   Thumb Code     0  rt_memcpy_w.o(.text)
    __aeabi_memcpy8                          0x080002fd   Thumb Code     0  rt_memcpy_w.o(.text)
    __rt_memcpy_w                            0x080002fd   Thumb Code   100  rt_memcpy_w.o(.text)
    _memcpy_lastbytes_aligned                0x08000345   Thumb Code     0  rt_memcpy_w.o(.text)
    __aeabi_errno_addr                       0x08000361   Thumb Code     8  rt_errno_addr_intlibspace.o(.text)
    __errno$intlibspace                      0x08000361   Thumb Code     0  rt_errno_addr_intlibspace.o(.text)
    __rt_errno_addr$intlibspace              0x08000361   Thumb Code     0  rt_errno_addr_intlibspace.o(.text)
    __user_libspace                          0x08000369   Thumb Code     8  libspace.o(.text)
    __user_perproc_libspace                  0x08000369   Thumb Code     0  libspace.o(.text)
    __user_perthread_libspace                0x08000369   Thumb Code     0  libspace.o(.text)
    __user_setup_stackheap                   0x08000371   Thumb Code    74  sys_stackheap_outer.o(.text)
    exit                                     0x080003bb   Thumb Code    18  exit.o(.text)
    _sys_exit                                0x080003cd   Thumb Code     8  sys_exit.o(.text)
    __I$use$semihosting                      0x080003d9   Thumb Code     0  use_no_semi.o(.text)
    __use_no_semihosting_swi                 0x080003d9   Thumb Code     2  use_no_semi.o(.text)
    __semihosting_library_function           0x080003db   Thumb Code     0  indicate_semi.o(.text)
    ADC_ConversionStop_Disable               0x080003dd   Thumb Code    86  stm32f1xx_hal_adc.o(i.ADC_ConversionStop_Disable)
    ADC_DMAConvCplt                          0x08000433   Thumb Code    78  stm32f1xx_hal_adc.o(i.ADC_DMAConvCplt)
    ADC_DMAError                             0x08000481   Thumb Code    26  stm32f1xx_hal_adc.o(i.ADC_DMAError)
    ADC_DMAHalfConvCplt                      0x0800049b   Thumb Code    10  stm32f1xx_hal_adc.o(i.ADC_DMAHalfConvCplt)
    ADC_DMA_Init                             0x080004a5   Thumb Code    22  adc_1.o(i.ADC_DMA_Init)
    ADC_Enable                               0x080004c5   Thumb Code   114  stm32f1xx_hal_adc.o(i.ADC_Enable)
    ALL_Init                                 0x08000541   Thumb Code    70  init.o(i.ALL_Init)
    ANO_Recive                               0x08000591   Thumb Code   110  ano_dt.o(i.ANO_Recive)
    ANTO_Send                                0x08000609   Thumb Code   542  ano_dt.o(i.ANTO_Send)
    ANTO_polling                             0x08000865   Thumb Code   440  ano_dt.o(i.ANTO_polling)
    BusFault_Handler                         0x08000a41   Thumb Code     2  stm32f1xx_it.o(i.BusFault_Handler)
    CascadePID                               0x08000a43   Thumb Code    32  pid.o(i.CascadePID)
    DMA1_Channel1_IRQHandler                 0x08000a65   Thumb Code     6  stm32f1xx_it.o(i.DMA1_Channel1_IRQHandler)
    DMA1_Channel4_IRQHandler                 0x08000a71   Thumb Code     6  stm32f1xx_it.o(i.DMA1_Channel4_IRQHandler)
    DebugMon_Handler                         0x08000aa7   Thumb Code     2  stm32f1xx_it.o(i.DebugMon_Handler)
    Error_Handler                            0x08000aa9   Thumb Code     4  main.o(i.Error_Handler)
    FLASH_read                               0x08000aad   Thumb Code    28  flash.o(i.FLASH_read)
    FlightPidControl                         0x08000ad1   Thumb Code   290  control.o(i.FlightPidControl)
    GetAngle                                 0x08000c2d   Thumb Code  1086  imu.o(i.GetAngle)
    GetSysTime_us                            0x08001085   Thumb Code    54  delay.o(i.GetSysTime_us)
    HAL_ADCEx_Calibration_Start              0x080010c5   Thumb Code   210  stm32f1xx_hal_adc_ex.o(i.HAL_ADCEx_Calibration_Start)
    HAL_ADC_ConfigChannel                    0x0800119d   Thumb Code   240  stm32f1xx_hal_adc.o(i.HAL_ADC_ConfigChannel)
    HAL_ADC_ConvCpltCallback                 0x08001299   Thumb Code     2  stm32f1xx_hal_adc.o(i.HAL_ADC_ConvCpltCallback)
    HAL_ADC_ConvHalfCpltCallback             0x0800129b   Thumb Code     2  stm32f1xx_hal_adc.o(i.HAL_ADC_ConvHalfCpltCallback)
    HAL_ADC_ErrorCallback                    0x0800129d   Thumb Code     2  stm32f1xx_hal_adc.o(i.HAL_ADC_ErrorCallback)
    HAL_ADC_Init                             0x080012a1   Thumb Code   272  stm32f1xx_hal_adc.o(i.HAL_ADC_Init)
    HAL_ADC_MspInit                          0x080013bd   Thumb Code   122  adc.o(i.HAL_ADC_MspInit)
    HAL_ADC_Start_DMA                        0x0800144d   Thumb Code   246  stm32f1xx_hal_adc.o(i.HAL_ADC_Start_DMA)
    HAL_DMA_Abort                            0x08001559   Thumb Code    70  stm32f1xx_hal_dma.o(i.HAL_DMA_Abort)
    HAL_DMA_Abort_IT                         0x080015a1   Thumb Code   148  stm32f1xx_hal_dma.o(i.HAL_DMA_Abort_IT)
    HAL_DMA_IRQHandler                       0x08001639   Thumb Code   316  stm32f1xx_hal_dma.o(i.HAL_DMA_IRQHandler)
    HAL_DMA_Init                             0x0800178d   Thumb Code    84  stm32f1xx_hal_dma.o(i.HAL_DMA_Init)
    HAL_DMA_Start_IT                         0x080017e9   Thumb Code   112  stm32f1xx_hal_dma.o(i.HAL_DMA_Start_IT)
    HAL_GPIO_Init                            0x08001859   Thumb Code   446  stm32f1xx_hal_gpio.o(i.HAL_GPIO_Init)
    HAL_GPIO_WritePin                        0x08001a39   Thumb Code    10  stm32f1xx_hal_gpio.o(i.HAL_GPIO_WritePin)
    HAL_GetTick                              0x08001a45   Thumb Code     6  stm32f1xx_hal.o(i.HAL_GetTick)
    HAL_IncTick                              0x08001a51   Thumb Code    12  stm32f1xx_hal.o(i.HAL_IncTick)
    HAL_Init                                 0x08001a61   Thumb Code    32  stm32f1xx_hal.o(i.HAL_Init)
    HAL_InitTick                             0x08001a85   Thumb Code    54  stm32f1xx_hal.o(i.HAL_InitTick)
    HAL_MspInit                              0x08001ac5   Thumb Code    52  stm32f1xx_hal_msp.o(i.HAL_MspInit)
    HAL_NVIC_EnableIRQ                       0x08001b01   Thumb Code    26  stm32f1xx_hal_cortex.o(i.HAL_NVIC_EnableIRQ)
    HAL_NVIC_SetPriority                     0x08001b1d   Thumb Code    60  stm32f1xx_hal_cortex.o(i.HAL_NVIC_SetPriority)
    HAL_NVIC_SetPriorityGrouping             0x08001b5d   Thumb Code    26  stm32f1xx_hal_cortex.o(i.HAL_NVIC_SetPriorityGrouping)
    HAL_PCDEx_PMAConfig                      0x08001b81   Thumb Code    60  stm32f1xx_hal_pcd_ex.o(i.HAL_PCDEx_PMAConfig)
    HAL_PCDEx_SetConnectionState             0x08001bbd   Thumb Code     2  usbd_conf.o(i.HAL_PCDEx_SetConnectionState)
    HAL_PCD_DataInStageCallback              0x08001bbf   Thumb Code    18  usbd_conf.o(i.HAL_PCD_DataInStageCallback)
    HAL_PCD_DataOutStageCallback             0x08001bd1   Thumb Code    20  usbd_conf.o(i.HAL_PCD_DataOutStageCallback)
    HAL_PCD_EP_Close                         0x08001be5   Thumb Code    74  stm32f1xx_hal_pcd.o(i.HAL_PCD_EP_Close)
    HAL_PCD_EP_ClrStall                      0x08001c2f   Thumb Code    90  stm32f1xx_hal_pcd.o(i.HAL_PCD_EP_ClrStall)
    HAL_PCD_EP_Open                          0x080020a7   Thumb Code    88  stm32f1xx_hal_pcd.o(i.HAL_PCD_EP_Open)
    HAL_PCD_EP_Receive                       0x080020ff   Thumb Code    46  stm32f1xx_hal_pcd.o(i.HAL_PCD_EP_Receive)
    HAL_PCD_EP_SetStall                      0x0800212d   Thumb Code   112  stm32f1xx_hal_pcd.o(i.HAL_PCD_EP_SetStall)
    HAL_PCD_EP_Transmit                      0x0800219d   Thumb Code    46  stm32f1xx_hal_pcd.o(i.HAL_PCD_EP_Transmit)
    HAL_PCD_IRQHandler                       0x080021cd   Thumb Code   308  stm32f1xx_hal_pcd.o(i.HAL_PCD_IRQHandler)
    HAL_PCD_Init                             0x08002301   Thumb Code   186  stm32f1xx_hal_pcd.o(i.HAL_PCD_Init)
    HAL_PCD_MspInit                          0x080023bd   Thumb Code    66  usbd_conf.o(i.HAL_PCD_MspInit)
    HAL_PCD_ResetCallback                    0x08002409   Thumb Code    38  usbd_conf.o(i.HAL_PCD_ResetCallback)
    HAL_PCD_ResumeCallback                   0x0800242f   Thumb Code     8  usbd_conf.o(i.HAL_PCD_ResumeCallback)
    HAL_PCD_SOFCallback                      0x08002437   Thumb Code     8  usbd_conf.o(i.HAL_PCD_SOFCallback)
    HAL_PCD_SetAddress                       0x0800243f   Thumb Code    38  stm32f1xx_hal_pcd.o(i.HAL_PCD_SetAddress)
    HAL_PCD_SetupStageCallback               0x08002465   Thumb Code    14  usbd_conf.o(i.HAL_PCD_SetupStageCallback)
    HAL_PCD_Start                            0x08002473   Thumb Code    50  stm32f1xx_hal_pcd.o(i.HAL_PCD_Start)
    HAL_PCD_SuspendCallback                  0x080024a5   Thumb Code    30  usbd_conf.o(i.HAL_PCD_SuspendCallback)
    HAL_RCCEx_GetPeriphCLKFreq               0x080024c9   Thumb Code   148  stm32f1xx_hal_rcc_ex.o(i.HAL_RCCEx_GetPeriphCLKFreq)
    HAL_RCCEx_PeriphCLKConfig                0x0800256d   Thumb Code   224  stm32f1xx_hal_rcc_ex.o(i.HAL_RCCEx_PeriphCLKConfig)
    HAL_RCC_ClockConfig                      0x08002659   Thumb Code   280  stm32f1xx_hal_rcc.o(i.HAL_RCC_ClockConfig)
    HAL_RCC_GetPCLK1Freq                     0x08002785   Thumb Code    20  stm32f1xx_hal_rcc.o(i.HAL_RCC_GetPCLK1Freq)
    HAL_RCC_GetPCLK2Freq                     0x080027a5   Thumb Code    20  stm32f1xx_hal_rcc.o(i.HAL_RCC_GetPCLK2Freq)
    HAL_RCC_GetSysClockFreq                  0x080027c5   Thumb Code    58  stm32f1xx_hal_rcc.o(i.HAL_RCC_GetSysClockFreq)
    HAL_RCC_OscConfig                        0x08002811   Thumb Code   778  stm32f1xx_hal_rcc.o(i.HAL_RCC_OscConfig)
    HAL_SYSTICK_Config                       0x08002b31   Thumb Code    40  stm32f1xx_hal_cortex.o(i.HAL_SYSTICK_Config)
    HAL_TIMEx_BreakCallback                  0x08002b59   Thumb Code     2  stm32f1xx_hal_tim_ex.o(i.HAL_TIMEx_BreakCallback)
    HAL_TIMEx_CommutCallback                 0x08002b5b   Thumb Code     2  stm32f1xx_hal_tim_ex.o(i.HAL_TIMEx_CommutCallback)
    HAL_TIMEx_MasterConfigSynchronization    0x08002b5d   Thumb Code    92  stm32f1xx_hal_tim_ex.o(i.HAL_TIMEx_MasterConfigSynchronization)
    HAL_TIM_Base_Init                        0x08002bc5   Thumb Code    90  stm32f1xx_hal_tim.o(i.HAL_TIM_Base_Init)
    HAL_TIM_Base_MspInit                     0x08002c21   Thumb Code    94  tim.o(i.HAL_TIM_Base_MspInit)
    HAL_TIM_Base_Start_IT                    0x08002c8d   Thumb Code    76  stm32f1xx_hal_tim.o(i.HAL_TIM_Base_Start_IT)
    HAL_TIM_ConfigClockSource                0x08002ce5   Thumb Code   220  stm32f1xx_hal_tim.o(i.HAL_TIM_ConfigClockSource)
    HAL_TIM_IC_CaptureCallback               0x08002dc1   Thumb Code     2  stm32f1xx_hal_tim.o(i.HAL_TIM_IC_CaptureCallback)
    HAL_TIM_IRQHandler                       0x08002dc3   Thumb Code   304  stm32f1xx_hal_tim.o(i.HAL_TIM_IRQHandler)
    HAL_TIM_MspPostInit                      0x08002ef5   Thumb Code   128  tim.o(i.HAL_TIM_MspPostInit)
    HAL_TIM_OC_DelayElapsedCallback          0x08002f85   Thumb Code     2  stm32f1xx_hal_tim.o(i.HAL_TIM_OC_DelayElapsedCallback)
    HAL_TIM_PWM_ConfigChannel                0x08002f87   Thumb Code   204  stm32f1xx_hal_tim.o(i.HAL_TIM_PWM_ConfigChannel)
    HAL_TIM_PWM_Init                         0x08003053   Thumb Code    90  stm32f1xx_hal_tim.o(i.HAL_TIM_PWM_Init)
    HAL_TIM_PWM_MspInit                      0x080030ad   Thumb Code     2  stm32f1xx_hal_tim.o(i.HAL_TIM_PWM_MspInit)
    HAL_TIM_PWM_PulseFinishedCallback        0x080030af   Thumb Code     2  stm32f1xx_hal_tim.o(i.HAL_TIM_PWM_PulseFinishedCallback)
    HAL_TIM_PWM_Start                        0x080030b1   Thumb Code   144  stm32f1xx_hal_tim.o(i.HAL_TIM_PWM_Start)
    HAL_TIM_PeriodElapsedCallback            0x0800314d   Thumb Code    14  main.o(i.HAL_TIM_PeriodElapsedCallback)
    HAL_TIM_TriggerCallback                  0x08003161   Thumb Code     2  stm32f1xx_hal_tim.o(i.HAL_TIM_TriggerCallback)
    HAL_UARTEx_RxEventCallback               0x08003163   Thumb Code     2  stm32f1xx_hal_uart.o(i.HAL_UARTEx_RxEventCallback)
    HAL_UART_ErrorCallback                   0x08003165   Thumb Code     2  stm32f1xx_hal_uart.o(i.HAL_UART_ErrorCallback)
    HAL_UART_IRQHandler                      0x08003169   Thumb Code   616  stm32f1xx_hal_uart.o(i.HAL_UART_IRQHandler)
    HAL_UART_Init                            0x080033d5   Thumb Code   100  stm32f1xx_hal_uart.o(i.HAL_UART_Init)
    HAL_UART_MspInit                         0x08003439   Thumb Code   160  usart.o(i.HAL_UART_MspInit)
    HAL_UART_RxCpltCallback                  0x080034ed   Thumb Code     2  stm32f1xx_hal_uart.o(i.HAL_UART_RxCpltCallback)
    HAL_UART_TxCpltCallback                  0x080034ef   Thumb Code     2  stm32f1xx_hal_uart.o(i.HAL_UART_TxCpltCallback)
    HardFault_Handler                        0x080034f1   Thumb Code     2  stm32f1xx_it.o(i.HardFault_Handler)
    I2c_delay                                0x08003665   Thumb Code    26  iic_software.o(i.I2c_delay)
    IIC_Init                                 0x0800367f   Thumb Code     2  iic_software.o(i.IIC_Init)
    IIC_Read_One_Byte                        0x08003681   Thumb Code    88  iic_software.o(i.IIC_Read_One_Byte)
    IIC_Write_One_Byte                       0x080036d9   Thumb Code    66  iic_software.o(i.IIC_Write_One_Byte)
    IIC_read_Bytes                           0x0800371d   Thumb Code   164  iic_software.o(i.IIC_read_Bytes)
    MX_ADC1_Init                             0x080037fd   Thumb Code    70  adc.o(i.MX_ADC1_Init)
    MX_DMA_Init                              0x0800384d   Thumb Code    56  dma.o(i.MX_DMA_Init)
    MX_GPIO_Init                             0x08003889   Thumb Code   160  gpio.o(i.MX_GPIO_Init)
    MX_TIM1_Init                             0x08003935   Thumb Code    98  tim.o(i.MX_TIM1_Init)
    MX_TIM2_Init                             0x080039a1   Thumb Code   194  tim.o(i.MX_TIM2_Init)
    MX_TIM3_Init                             0x08003a69   Thumb Code   192  tim.o(i.MX_TIM3_Init)
    MX_USART1_UART_Init                      0x08003b31   Thumb Code    48  usart.o(i.MX_USART1_UART_Init)
    MX_USB_DEVICE_Init                       0x08003b69   Thumb Code    52  usb_device.o(i.MX_USB_DEVICE_Init)
    MemManage_Handler                        0x08003ba9   Thumb Code     2  stm32f1xx_it.o(i.MemManage_Handler)
    MotorControl                             0x08003bad   Thumb Code   510  control.o(i.MotorControl)
    MpuGetData                               0x08003dd9   Thumb Code   188  mpu6050.o(i.MpuGetData)
    MpuInit                                  0x08003ea5   Thumb Code   132  mpu6050.o(i.MpuInit)
    NMI_Handler                              0x08003f2d   Thumb Code     2  stm32f1xx_it.o(i.NMI_Handler)
    NRF24L01_Check                           0x08003f31   Thumb Code    64  nrf24l01.o(i.NRF24L01_Check)
    NRF24L01_Configuration                   0x08003f79   Thumb Code    26  nrf24l01.o(i.NRF24L01_Configuration)
    NRF24L01_Read_Buf                        0x08003f99   Thumb Code    56  nrf24l01.o(i.NRF24L01_Read_Buf)
    NRF24L01_Read_Reg                        0x08003fd5   Thumb Code    28  nrf24l01.o(i.NRF24L01_Read_Reg)
    NRF24L01_RxPacket                        0x08003ff5   Thumb Code    50  nrf24l01.o(i.NRF24L01_RxPacket)
    NRF24L01_Write_Buf                       0x08004029   Thumb Code    56  nrf24l01.o(i.NRF24L01_Write_Buf)
    NRF24L01_Write_Reg                       0x08004065   Thumb Code    34  nrf24l01.o(i.NRF24L01_Write_Reg)
    NRF24L01_init                            0x0800408d   Thumb Code    22  nrf24l01.o(i.NRF24L01_init)
    PendSV_Handler                           0x08004449   Thumb Code     2  stm32f1xx_it.o(i.PendSV_Handler)
    PilotLED                                 0x0800444d   Thumb Code   122  led.o(i.PilotLED)
    Q_rsqrt                                  0x080044d5   Thumb Code    50  mymath.o(i.Q_rsqrt)
    RC_Analy                                 0x0800450d   Thumb Code   374  remote.o(i.RC_Analy)
    RUN                                      0x080046a9   Thumb Code    36  main.o(i.RUN)
    RX_Mode                                  0x080046d9   Thumb Code    76  nrf24l01.o(i.RX_Mode)
    SPI_Config                               0x0800472d   Thumb Code    16  spi.o(i.SPI_Config)
    SPI_RW                                   0x08004741   Thumb Code    72  spi.o(i.SPI_RW)
    SVC_Handler                              0x0800478d   Thumb Code     2  stm32f1xx_it.o(i.SVC_Handler)
    SysTick_Handler                          0x0800478f   Thumb Code     4  stm32f1xx_it.o(i.SysTick_Handler)
    SystemClock_Config                       0x08004793   Thumb Code   124  main.o(i.SystemClock_Config)
    SystemInit                               0x0800480f   Thumb Code     2  system_stm32f1xx.o(i.SystemInit)
    TIM1_Config                              0x08004811   Thumb Code     6  tim_1.o(i.TIM1_Config)
    TIM1_UP_IRQHandler                       0x0800481d   Thumb Code     6  stm32f1xx_it.o(i.TIM1_UP_IRQHandler)
    TIM2_PWM_Config                          0x08004829   Thumb Code    38  tim_1.o(i.TIM2_PWM_Config)
    TIM3_PWM_Config                          0x08004855   Thumb Code    58  tim_1.o(i.TIM3_PWM_Config)
    TIM_Base_SetConfig                       0x08004895   Thumb Code   108  stm32f1xx_hal_tim.o(i.TIM_Base_SetConfig)
    TIM_CCxChannelCmd                        0x0800490d   Thumb Code    26  stm32f1xx_hal_tim.o(i.TIM_CCxChannelCmd)
    TIM_ETR_SetConfig                        0x08004927   Thumb Code    20  stm32f1xx_hal_tim.o(i.TIM_ETR_SetConfig)
    TIM_OC2_SetConfig                        0x0800499d   Thumb Code    84  stm32f1xx_hal_tim.o(i.TIM_OC2_SetConfig)
    USART1_IRQHandler                        0x08004cb1   Thumb Code     6  stm32f1xx_it.o(i.USART1_IRQHandler)
    USBD_ClrClassConfig                      0x08004cbd   Thumb Code    14  usbd_core.o(i.USBD_ClrClassConfig)
    USBD_CtlContinueRx                       0x08004ccb   Thumb Code    16  usbd_ioreq.o(i.USBD_CtlContinueRx)
    USBD_CtlContinueSendData                 0x08004cdb   Thumb Code    16  usbd_ioreq.o(i.USBD_CtlContinueSendData)
    USBD_CtlError                            0x08004ceb   Thumb Code    22  usbd_ctlreq.o(i.USBD_CtlError)
    USBD_CtlReceiveStatus                    0x08004d01   Thumb Code    22  usbd_ioreq.o(i.USBD_CtlReceiveStatus)
    USBD_CtlSendData                         0x08004d17   Thumb Code    26  usbd_ioreq.o(i.USBD_CtlSendData)
    USBD_CtlSendStatus                       0x08004d31   Thumb Code    22  usbd_ioreq.o(i.USBD_CtlSendStatus)
    USBD_FS_ConfigStrDescriptor              0x08004d49   Thumb Code    16  usbd_desc.o(i.USBD_FS_ConfigStrDescriptor)
    USBD_FS_DeviceDescriptor                 0x08004d69   Thumb Code     8  usbd_desc.o(i.USBD_FS_DeviceDescriptor)
    USBD_FS_InterfaceStrDescriptor           0x08004d75   Thumb Code    16  usbd_desc.o(i.USBD_FS_InterfaceStrDescriptor)
    USBD_FS_LangIDStrDescriptor              0x08004d99   Thumb Code     8  usbd_desc.o(i.USBD_FS_LangIDStrDescriptor)
    USBD_FS_ManufacturerStrDescriptor        0x08004da5   Thumb Code    16  usbd_desc.o(i.USBD_FS_ManufacturerStrDescriptor)
    USBD_FS_ProductStrDescriptor             0x08004dcd   Thumb Code    16  usbd_desc.o(i.USBD_FS_ProductStrDescriptor)
    USBD_FS_SerialStrDescriptor              0x08004df9   Thumb Code    48  usbd_desc.o(i.USBD_FS_SerialStrDescriptor)
    USBD_GetString                           0x08004f19   Thumb Code    72  usbd_ctlreq.o(i.USBD_GetString)
    USBD_HID_SendReport                      0x08004fff   Thumb Code    36  usbd_hid.o(i.USBD_HID_SendReport)
    USBD_Init                                0x080050ed   Thumb Code    42  usbd_core.o(i.USBD_Init)
    USBD_LL_ClearStallEP                     0x08005117   Thumb Code    18  usbd_conf.o(i.USBD_LL_ClearStallEP)
    USBD_LL_CloseEP                          0x08005129   Thumb Code    18  usbd_conf.o(i.USBD_LL_CloseEP)
    USBD_LL_DataInStage                      0x0800513b   Thumb Code   198  usbd_core.o(i.USBD_LL_DataInStage)
    USBD_LL_DataOutStage                     0x08005201   Thumb Code   130  usbd_core.o(i.USBD_LL_DataOutStage)
    USBD_LL_Init                             0x08005285   Thumb Code    94  usbd_conf.o(i.USBD_LL_Init)
    USBD_LL_IsStallEP                        0x080052ed   Thumb Code    30  usbd_conf.o(i.USBD_LL_IsStallEP)
    USBD_LL_OpenEP                           0x0800530b   Thumb Code    24  usbd_conf.o(i.USBD_LL_OpenEP)
    USBD_LL_PrepareReceive                   0x08005323   Thumb Code    18  usbd_conf.o(i.USBD_LL_PrepareReceive)
    USBD_LL_Reset                            0x08005335   Thumb Code    80  usbd_core.o(i.USBD_LL_Reset)
    USBD_LL_Resume                           0x08005385   Thumb Code    20  usbd_core.o(i.USBD_LL_Resume)
    USBD_LL_SOF                              0x08005399   Thumb Code    24  usbd_core.o(i.USBD_LL_SOF)
    USBD_LL_SetSpeed                         0x080053b1   Thumb Code     6  usbd_core.o(i.USBD_LL_SetSpeed)
    USBD_LL_SetUSBAddress                    0x080053b7   Thumb Code    18  usbd_conf.o(i.USBD_LL_SetUSBAddress)
    USBD_LL_SetupStage                       0x080053c9   Thumb Code    90  usbd_core.o(i.USBD_LL_SetupStage)
    USBD_LL_StallEP                          0x08005423   Thumb Code    18  usbd_conf.o(i.USBD_LL_StallEP)
    USBD_LL_Start                            0x08005435   Thumb Code    18  usbd_conf.o(i.USBD_LL_Start)
    USBD_LL_Suspend                          0x08005447   Thumb Code    18  usbd_core.o(i.USBD_LL_Suspend)
    USBD_LL_Transmit                         0x08005459   Thumb Code    18  usbd_conf.o(i.USBD_LL_Transmit)
    USBD_ParseSetupRequest                   0x0800546b   Thumb Code    40  usbd_ctlreq.o(i.USBD_ParseSetupRequest)
    USBD_RegisterClass                       0x08005493   Thumb Code    16  usbd_core.o(i.USBD_RegisterClass)
    USBD_SetClassConfig                      0x080054a3   Thumb Code    22  usbd_core.o(i.USBD_SetClassConfig)
    USBD_Start                               0x0800553d   Thumb Code    10  usbd_core.o(i.USBD_Start)
    USBD_StdDevReq                           0x08005547   Thumb Code   274  usbd_ctlreq.o(i.USBD_StdDevReq)
    USBD_StdEPReq                            0x08005659   Thumb Code   336  usbd_ctlreq.o(i.USBD_StdEPReq)
    USBD_StdItfReq                           0x080057a9   Thumb Code    78  usbd_ctlreq.o(i.USBD_StdItfReq)
    USBD_static_free                         0x080057f7   Thumb Code     2  usbd_conf.o(i.USBD_static_free)
    USBD_static_malloc                       0x080057f9   Thumb Code     4  usbd_conf.o(i.USBD_static_malloc)
    USB_ActivateEndpoint                     0x08005801   Thumb Code   668  stm32f1xx_ll_usb.o(i.USB_ActivateEndpoint)
    USB_CoreInit                             0x08005a9d   Thumb Code     4  stm32f1xx_ll_usb.o(i.USB_CoreInit)
    USB_DeactivateEndpoint                   0x08005aa1   Thumb Code   270  stm32f1xx_ll_usb.o(i.USB_DeactivateEndpoint)
    USB_DevConnect                           0x08005baf   Thumb Code     4  stm32f1xx_ll_usb.o(i.USB_DevConnect)
    USB_DevDisconnect                        0x08005bb3   Thumb Code     4  stm32f1xx_ll_usb.o(i.USB_DevDisconnect)
    USB_DevInit                              0x08005bb7   Thumb Code    18  stm32f1xx_ll_usb.o(i.USB_DevInit)
    USB_DisableGlobalInt                     0x08005bc9   Thumb Code    14  stm32f1xx_ll_usb.o(i.USB_DisableGlobalInt)
    USB_EP0_OutStart                         0x08005bd7   Thumb Code     4  stm32f1xx_ll_usb.o(i.USB_EP0_OutStart)
    USB_EPClearStall                         0x08005bdb   Thumb Code   120  stm32f1xx_ll_usb.o(i.USB_EPClearStall)
    USB_EPSetStall                           0x08005c53   Thumb Code    50  stm32f1xx_ll_usb.o(i.USB_EPSetStall)
    USB_EPStartXfer                          0x08005c85   Thumb Code  1250  stm32f1xx_ll_usb.o(i.USB_EPStartXfer)
    USB_EnableGlobalInt                      0x08006167   Thumb Code    18  stm32f1xx_ll_usb.o(i.USB_EnableGlobalInt)
    USB_HID_Init                             0x08006179   Thumb Code    14  usb_hid.o(i.USB_HID_Init)
    USB_HP_CAN1_TX_IRQHandler                0x0800618d   Thumb Code     6  stm32f1xx_it.o(i.USB_HP_CAN1_TX_IRQHandler)
    USB_LP_CAN1_RX0_IRQHandler               0x08006199   Thumb Code     6  stm32f1xx_it.o(i.USB_LP_CAN1_RX0_IRQHandler)
    USB_ReadInterrupts                       0x080061a5   Thumb Code     6  stm32f1xx_ll_usb.o(i.USB_ReadInterrupts)
    USB_ReadPMA                              0x080061ad   Thumb Code    44  stm32f1xx_ll_usb.o(i.USB_ReadPMA)
    USB_SetCurrentMode                       0x080061d9   Thumb Code     4  stm32f1xx_ll_usb.o(i.USB_SetCurrentMode)
    USB_SetDevAddress                        0x080061dd   Thumb Code    12  stm32f1xx_ll_usb.o(i.USB_SetDevAddress)
    USB_WritePMA                             0x080061e9   Thumb Code    38  stm32f1xx_ll_usb.o(i.USB_WritePMA)
    UsageFault_Handler                       0x0800620f   Thumb Code     2  stm32f1xx_it.o(i.UsageFault_Handler)
    Usb_Hid_Adddata                          0x08006211   Thumb Code    30  usb_hid.o(i.Usb_Hid_Adddata)
    Usb_Hid_Receive                          0x08006239   Thumb Code    96  usb_hid.o(i.Usb_Hid_Receive)
    Usb_Hid_Send                             0x080062a5   Thumb Code   224  usb_hid.o(i.Usb_Hid_Send)
    __ARM_fpclassify                         0x08006391   Thumb Code    40  fpclassify.o(i.__ARM_fpclassify)
    __kernel_poly                            0x080063d9   Thumb Code   170  poly.o(i.__kernel_poly)
    __mathlib_dbl_infnan                     0x08006483   Thumb Code     6  dunder.o(i.__mathlib_dbl_infnan)
    __mathlib_dbl_infnan2                    0x08006489   Thumb Code     4  dunder.o(i.__mathlib_dbl_infnan2)
    __mathlib_dbl_invalid                    0x0800648d   Thumb Code    12  dunder.o(i.__mathlib_dbl_invalid)
    __mathlib_dbl_underflow                  0x08006499   Thumb Code    10  dunder.o(i.__mathlib_dbl_underflow)
    asin                                     0x080064a9   Thumb Code   572  asin.o(i.asin)
    atan                                     0x08006719   Thumb Code   474  atan.o(i.atan)
    atan2                                    0x08006939   Thumb Code   346  atan2.o(i.atan2)
    cycleCounterInit                         0x08006ab9   Thumb Code    16  delay.o(i.cycleCounterInit)
    delay_ms                                 0x08006ad5   Thumb Code    34  delay.o(i.delay_ms)
    imu_rest                                 0x08006af9   Thumb Code    32  imu.o(i.imu_rest)
    kalman_1                                 0x08006b25   Thumb Code    84  kalman.o(i.kalman_1)
    main                                     0x08006b79   Thumb Code    94  main.o(i.main)
    pidRest                                  0x08006bd7   Thumb Code    42  pid.o(i.pidRest)
    pidUpdate                                0x08006c01   Thumb Code    94  pid.o(i.pidUpdate)
    pid_param_Init                           0x08006c61   Thumb Code    50  init.o(i.pid_param_Init)
    remote_unlock                            0x08006cad   Thumb Code   198  remote.o(i.remote_unlock)
    sqrt                                     0x08006d85   Thumb Code    76  sqrt.o(i.sqrt)
    __aeabi_d2f                              0x08006dd1   Thumb Code     0  d2f.o(x$fpl$d2f)
    _d2f                                     0x08006dd1   Thumb Code    98  d2f.o(x$fpl$d2f)
    __aeabi_dadd                             0x08006e35   Thumb Code     0  daddsub_clz.o(x$fpl$dadd)
    _dadd                                    0x08006e35   Thumb Code   332  daddsub_clz.o(x$fpl$dadd)
    __fpl_dcheck_NaN1                        0x08006f85   Thumb Code    10  dcheck1.o(x$fpl$dcheck1)
    __aeabi_ddiv                             0x08006f95   Thumb Code     0  ddiv.o(x$fpl$ddiv)
    _ddiv                                    0x08006f95   Thumb Code   552  ddiv.o(x$fpl$ddiv)
    __aeabi_d2iz                             0x08007245   Thumb Code     0  dfix.o(x$fpl$dfix)
    _dfix                                    0x08007245   Thumb Code    94  dfix.o(x$fpl$dfix)
    __aeabi_i2d                              0x080072a3   Thumb Code     0  dflt_clz.o(x$fpl$dflt)
    _dflt                                    0x080072a3   Thumb Code    46  dflt_clz.o(x$fpl$dflt)
    __aeabi_ui2d                             0x080072d1   Thumb Code     0  dflt_clz.o(x$fpl$dfltu)
    _dfltu                                   0x080072d1   Thumb Code    38  dflt_clz.o(x$fpl$dfltu)
    __aeabi_dmul                             0x080072f9   Thumb Code     0  dmul.o(x$fpl$dmul)
    _dmul                                    0x080072f9   Thumb Code   332  dmul.o(x$fpl$dmul)
    __fpl_dnaninf                            0x0800744d   Thumb Code   156  dnaninf.o(x$fpl$dnaninf)
    __fpl_dretinf                            0x080074e9   Thumb Code    12  dretinf.o(x$fpl$dretinf)
    __aeabi_drsub                            0x080074f5   Thumb Code     0  daddsub_clz.o(x$fpl$drsb)
    _drsb                                    0x080074f5   Thumb Code    22  daddsub_clz.o(x$fpl$drsb)
    _dsqrt                                   0x0800750d   Thumb Code   456  dsqrt_noumaal.o(x$fpl$dsqrt)
    __aeabi_dsub                             0x080076d9   Thumb Code     0  daddsub_clz.o(x$fpl$dsub)
    _dsub                                    0x080076d9   Thumb Code   464  daddsub_clz.o(x$fpl$dsub)
    __aeabi_f2d                              0x080078ad   Thumb Code     0  f2d.o(x$fpl$f2d)
    _f2d                                     0x080078ad   Thumb Code    86  f2d.o(x$fpl$f2d)
    __aeabi_fadd                             0x08007905   Thumb Code     0  faddsub_clz.o(x$fpl$fadd)
    _fadd                                    0x08007905   Thumb Code   196  faddsub_clz.o(x$fpl$fadd)
    __fpl_fcheck_NaN1                        0x080079c9   Thumb Code     6  fcheck1.o(x$fpl$fcheck1)
    __aeabi_fdiv                             0x080079d5   Thumb Code     0  fdiv.o(x$fpl$fdiv)
    _fdiv                                    0x080079d5   Thumb Code   384  fdiv.o(x$fpl$fdiv)
    __aeabi_f2iz                             0x08007b59   Thumb Code     0  ffix.o(x$fpl$ffix)
    _ffix                                    0x08007b59   Thumb Code    54  ffix.o(x$fpl$ffix)
    __aeabi_i2f                              0x08007b91   Thumb Code     0  fflt_clz.o(x$fpl$fflt)
    _fflt                                    0x08007b91   Thumb Code    48  fflt_clz.o(x$fpl$fflt)
    __aeabi_ui2f                             0x08007bc1   Thumb Code     0  fflt_clz.o(x$fpl$ffltu)
    _ffltu                                   0x08007bc1   Thumb Code    38  fflt_clz.o(x$fpl$ffltu)
    __aeabi_fmul                             0x08007be9   Thumb Code     0  fmul.o(x$fpl$fmul)
    _fmul                                    0x08007be9   Thumb Code   258  fmul.o(x$fpl$fmul)
    __fpl_fnaninf                            0x08007ceb   Thumb Code   140  fnaninf.o(x$fpl$fnaninf)
    __fpl_fretinf                            0x08007d77   Thumb Code    10  fretinf.o(x$fpl$fretinf)
    __aeabi_frsub                            0x08007d81   Thumb Code     0  faddsub_clz.o(x$fpl$frsb)
    _frsb                                    0x08007d81   Thumb Code    20  faddsub_clz.o(x$fpl$frsb)
    __aeabi_fsub                             0x08007d95   Thumb Code     0  faddsub_clz.o(x$fpl$fsub)
    _fsub                                    0x08007d95   Thumb Code   234  faddsub_clz.o(x$fpl$fsub)
    __fpl_return_NaN                         0x08007e7f   Thumb Code   100  retnan.o(x$fpl$retnan)
    __ARM_scalbn                             0x08007ee3   Thumb Code    92  scalbn.o(x$fpl$scalbn)
    __ARM_scalbnf                            0x08007f3f   Thumb Code    76  scalbnf.o(x$fpl$scalbnf)
    __fpl_cmpreturn                          0x08007f8b   Thumb Code    48  trapv.o(x$fpl$trapveneer)
    __I$use$fp                               0x08007fba   Number         0  usenofp.o(x$fpl$usenofp)
    AHBPrescTable                            0x08007fde   Data          16  system_stm32f1xx.o(.constdata)
    APBPrescTable                            0x08007fee   Data           8  system_stm32f1xx.o(.constdata)
    RtA                                      0x08007ff8   Data           4  mymath.o(.constdata)
    Gyro_G                                   0x08007ffc   Data           4  mymath.o(.constdata)
    Gyro_Gr                                  0x08008000   Data           4  mymath.o(.constdata)
    RX_ADDRESS                               0x08008004   Data           5  nrf24l01.o(.constdata)
    __mathlib_zero                           0x080080f8   Data           8  qnan.o(.constdata)
    Region$$Table$$Base                      0x08008100   Number         0  anon$$obj.o(Region$$Table)
    Region$$Table$$Limit                     0x08008120   Number         0  anon$$obj.o(Region$$Table)
    uwTickFreq                               0x20000000   Data           1  stm32f1xx_hal.o(.data)
    uwTickPrio                               0x20000004   Data           4  stm32f1xx_hal.o(.data)
    uwTick                                   0x20000008   Data           4  stm32f1xx_hal.o(.data)
    SystemCoreClock                          0x2000000c   Data           4  system_stm32f1xx.o(.data)
    FS_Desc                                  0x20000010   Data          28  usbd_desc.o(.data)
    USBD_LangIDDesc                          0x2000002c   Data           4  usbd_desc.o(.data)
    USBD_FS_DeviceDesc                       0x20000030   Data          18  usbd_desc.o(.data)
    USBD_StringSerial                        0x20000044   Data          26  usbd_desc.o(.data)
    USBD_HID                                 0x20000060   Data          56  usbd_hid.o(.data)
    Remote                                   0x2000016c   Data          16  init.o(.data)
    ALL_flag                                 0x2000017c   Data           1  init.o(.data)
    motor_PWM_Value                          0x2000017e   Data           8  init.o(.data)
    Address                                  0x20000188   Data           4  flash.o(.data)
    USB_ReceiveFlg                           0x2000018c   Data           1  usb_hid.o(.data)
    HID_SEND_TIMEOUT                         0x2000018d   Data           1  usb_hid.o(.data)
    hid_datatemp_begin                       0x2000018e   Data           1  usb_hid.o(.data)
    hid_datatemp_end                         0x2000018f   Data           1  usb_hid.o(.data)
    checkPID                                 0x20000194   Data           2  ano_dt.o(.data)
    low_thr_cnt_quiet                        0x2000019a   Data           2  control.o(.data)
    low_thr_cnt                              0x2000019c   Data           2  control.o(.data)
    pPidObject                               0x200001a0   Data          24  control.o(.data)
    NumQ                                     0x200001cc   Data          16  imu.o(.data)
    LED                                      0x200001dc   Data           4  led.o(.data)
    hadc1                                    0x20000230   Data          48  adc.o(.bss)
    hdma_adc1                                0x20000260   Data          68  adc.o(.bss)
    htim1                                    0x200002a4   Data          72  tim.o(.bss)
    htim2                                    0x200002ec   Data          72  tim.o(.bss)
    htim3                                    0x20000334   Data          72  tim.o(.bss)
    huart1                                   0x2000037c   Data          72  usart.o(.bss)
    hdma_usart1_tx                           0x200003c4   Data          68  usart.o(.bss)
    hUsbDeviceFS                             0x20000408   Data         708  usb_device.o(.bss)
    USBD_StrDesc                             0x200006cc   Data         512  usbd_desc.o(.bss)
    hpcd_USB_FS                              0x200008e0   Data         728  usbd_conf.o(.bss)
    MPU6050                                  0x20000bb8   Data          12  init.o(.bss)
    Angle                                    0x20000bc4   Data          12  init.o(.bss)
    pidRateX                                 0x20000bd0   Data          52  init.o(.bss)
    pidRateY                                 0x20000c04   Data          52  init.o(.bss)
    pidRateZ                                 0x20000c38   Data          52  init.o(.bss)
    pidPitch                                 0x20000c6c   Data          52  init.o(.bss)
    pidRoll                                  0x20000ca0   Data          52  init.o(.bss)
    pidYaw                                   0x20000cd4   Data          52  init.o(.bss)
    ADC_Value                                0x20000d08   Data          20  adc_1.o(.bss)
    Hid_RxData                               0x20000d1c   Data          64  usb_hid.o(.bss)
    hid_datatemp                             0x20000d5c   Data         256  usb_hid.o(.bss)
    Anto                                     0x20000e92   Data          30  ano_dt.o(.bss)
    RC_rxData                                0x20000eb0   Data          32  remote.o(.bss)
    GyroIntegError                           0x20000ed0   Data          12  imu.o(.bss)
    MpuOffset                                0x20000edc   Data          12  mpu6050.o(.bss)
    __libspace_start                         0x20000ef4   Data          96  libspace.o(.bss)
    __temporary_stack_top$libspace           0x20000f54   Data           0  libspace.o(.bss)



==============================================================================

Memory Map of the image

  Image Entry point : 0x080000ed

  Load Region LR_IROM1 (Base: 0x08000000, Size: 0x00008350, Max: 0x00010000, ABSOLUTE, COMPRESSED[0x00008238])

    Execution Region ER_IROM1 (Exec base: 0x08000000, Load base: 0x08000000, Size: 0x00008120, Max: 0x00010000, ABSOLUTE)

    Exec Addr    Load Addr    Size         Type   Attr      Idx    E Section Name        Object

    0x08000000   0x08000000   0x000000ec   Data   RO            3    RESET               startup_stm32f103xb.o
    0x080000ec   0x080000ec   0x00000008   Code   RO         5686  * !!!main             c_w.l(__main.o)
    0x080000f4   0x080000f4   0x00000034   Code   RO         6024    !!!scatter          c_w.l(__scatter.o)
    0x08000128   0x08000128   0x0000005a   Code   RO         6022    !!dczerorl2         c_w.l(__dczerorl2.o)
    0x08000182   0x08000182   0x00000002   PAD
    0x08000184   0x08000184   0x0000001c   Code   RO         6026    !!handler_zi        c_w.l(__scatter_zi.o)
    0x080001a0   0x080001a0   0x00000002   Code   RO         5891    .ARM.Collect$$libinit$$00000000  c_w.l(libinit.o)
    0x080001a2   0x080001a2   0x00000000   Code   RO         5899    .ARM.Collect$$libinit$$00000002  c_w.l(libinit2.o)
    0x080001a2   0x080001a2   0x00000000   Code   RO         5901    .ARM.Collect$$libinit$$00000004  c_w.l(libinit2.o)
    0x080001a2   0x080001a2   0x00000000   Code   RO         5904    .ARM.Collect$$libinit$$0000000A  c_w.l(libinit2.o)
    0x080001a2   0x080001a2   0x00000000   Code   RO         5906    .ARM.Collect$$libinit$$0000000C  c_w.l(libinit2.o)
    0x080001a2   0x080001a2   0x00000000   Code   RO         5908    .ARM.Collect$$libinit$$0000000E  c_w.l(libinit2.o)
    0x080001a2   0x080001a2   0x00000000   Code   RO         5911    .ARM.Collect$$libinit$$00000011  c_w.l(libinit2.o)
    0x080001a2   0x080001a2   0x00000000   Code   RO         5913    .ARM.Collect$$libinit$$00000013  c_w.l(libinit2.o)
    0x080001a2   0x080001a2   0x00000000   Code   RO         5915    .ARM.Collect$$libinit$$00000015  c_w.l(libinit2.o)
    0x080001a2   0x080001a2   0x00000000   Code   RO         5917    .ARM.Collect$$libinit$$00000017  c_w.l(libinit2.o)
    0x080001a2   0x080001a2   0x00000000   Code   RO         5919    .ARM.Collect$$libinit$$00000019  c_w.l(libinit2.o)
    0x080001a2   0x080001a2   0x00000000   Code   RO         5921    .ARM.Collect$$libinit$$0000001B  c_w.l(libinit2.o)
    0x080001a2   0x080001a2   0x00000000   Code   RO         5923    .ARM.Collect$$libinit$$0000001D  c_w.l(libinit2.o)
    0x080001a2   0x080001a2   0x00000000   Code   RO         5925    .ARM.Collect$$libinit$$0000001F  c_w.l(libinit2.o)
    0x080001a2   0x080001a2   0x00000000   Code   RO         5927    .ARM.Collect$$libinit$$00000021  c_w.l(libinit2.o)
    0x080001a2   0x080001a2   0x00000000   Code   RO         5929    .ARM.Collect$$libinit$$00000023  c_w.l(libinit2.o)
    0x080001a2   0x080001a2   0x00000000   Code   RO         5931    .ARM.Collect$$libinit$$00000025  c_w.l(libinit2.o)
    0x080001a2   0x080001a2   0x00000000   Code   RO         5935    .ARM.Collect$$libinit$$0000002C  c_w.l(libinit2.o)
    0x080001a2   0x080001a2   0x00000000   Code   RO         5937    .ARM.Collect$$libinit$$0000002E  c_w.l(libinit2.o)
    0x080001a2   0x080001a2   0x00000000   Code   RO         5939    .ARM.Collect$$libinit$$00000030  c_w.l(libinit2.o)
    0x080001a2   0x080001a2   0x00000000   Code   RO         5941    .ARM.Collect$$libinit$$00000032  c_w.l(libinit2.o)
    0x080001a2   0x080001a2   0x00000002   Code   RO         5942    .ARM.Collect$$libinit$$00000033  c_w.l(libinit2.o)
    0x080001a4   0x080001a4   0x00000002   Code   RO         5962    .ARM.Collect$$libshutdown$$00000000  c_w.l(libshutdown.o)
    0x080001a6   0x080001a6   0x00000000   Code   RO         5975    .ARM.Collect$$libshutdown$$00000002  c_w.l(libshutdown2.o)
    0x080001a6   0x080001a6   0x00000000   Code   RO         5977    .ARM.Collect$$libshutdown$$00000004  c_w.l(libshutdown2.o)
    0x080001a6   0x080001a6   0x00000000   Code   RO         5980    .ARM.Collect$$libshutdown$$00000007  c_w.l(libshutdown2.o)
    0x080001a6   0x080001a6   0x00000000   Code   RO         5983    .ARM.Collect$$libshutdown$$0000000A  c_w.l(libshutdown2.o)
    0x080001a6   0x080001a6   0x00000000   Code   RO         5985    .ARM.Collect$$libshutdown$$0000000C  c_w.l(libshutdown2.o)
    0x080001a6   0x080001a6   0x00000000   Code   RO         5988    .ARM.Collect$$libshutdown$$0000000F  c_w.l(libshutdown2.o)
    0x080001a6   0x080001a6   0x00000002   Code   RO         5989    .ARM.Collect$$libshutdown$$00000010  c_w.l(libshutdown2.o)
    0x080001a8   0x080001a8   0x00000000   Code   RO         5764    .ARM.Collect$$rtentry$$00000000  c_w.l(__rtentry.o)
    0x080001a8   0x080001a8   0x00000000   Code   RO         5850    .ARM.Collect$$rtentry$$00000002  c_w.l(__rtentry2.o)
    0x080001a8   0x080001a8   0x00000006   Code   RO         5862    .ARM.Collect$$rtentry$$00000004  c_w.l(__rtentry4.o)
    0x080001ae   0x080001ae   0x00000000   Code   RO         5852    .ARM.Collect$$rtentry$$00000009  c_w.l(__rtentry2.o)
    0x080001ae   0x080001ae   0x00000004   Code   RO         5853    .ARM.Collect$$rtentry$$0000000A  c_w.l(__rtentry2.o)
    0x080001b2   0x080001b2   0x00000000   Code   RO         5855    .ARM.Collect$$rtentry$$0000000C  c_w.l(__rtentry2.o)
    0x080001b2   0x080001b2   0x00000008   Code   RO         5856    .ARM.Collect$$rtentry$$0000000D  c_w.l(__rtentry2.o)
    0x080001ba   0x080001ba   0x00000002   Code   RO         5896    .ARM.Collect$$rtexit$$00000000  c_w.l(rtexit.o)
    0x080001bc   0x080001bc   0x00000000   Code   RO         5944    .ARM.Collect$$rtexit$$00000002  c_w.l(rtexit2.o)
    0x080001bc   0x080001bc   0x00000004   Code   RO         5945    .ARM.Collect$$rtexit$$00000003  c_w.l(rtexit2.o)
    0x080001c0   0x080001c0   0x00000006   Code   RO         5946    .ARM.Collect$$rtexit$$00000004  c_w.l(rtexit2.o)
    0x080001c6   0x080001c6   0x00000002   PAD
    0x080001c8   0x080001c8   0x00000040   Code   RO            4    .text               startup_stm32f103xb.o
    0x08000208   0x08000208   0x0000008a   Code   RO         5680    .text               c_w.l(rt_memcpy_v6.o)
    0x08000292   0x08000292   0x0000004e   Code   RO         5682    .text               c_w.l(rt_memclr_w.o)
    0x080002e0   0x080002e0   0x00000006   Code   RO         5684    .text               c_w.l(heapauxi.o)
    0x080002e6   0x080002e6   0x00000016   Code   RO         5765    .text               c_w.l(_rserrno.o)
    0x080002fc   0x080002fc   0x00000064   Code   RO         5767    .text               c_w.l(rt_memcpy_w.o)
    0x08000360   0x08000360   0x00000008   Code   RO         5867    .text               c_w.l(rt_errno_addr_intlibspace.o)
    0x08000368   0x08000368   0x00000008   Code   RO         5879    .text               c_w.l(libspace.o)
    0x08000370   0x08000370   0x0000004a   Code   RO         5882    .text               c_w.l(sys_stackheap_outer.o)
    0x080003ba   0x080003ba   0x00000012   Code   RO         5884    .text               c_w.l(exit.o)
    0x080003cc   0x080003cc   0x0000000c   Code   RO         5954    .text               c_w.l(sys_exit.o)
    0x080003d8   0x080003d8   0x00000002   Code   RO         5965    .text               c_w.l(use_no_semi.o)
    0x080003da   0x080003da   0x00000000   Code   RO         5967    .text               c_w.l(indicate_semi.o)
    0x080003da   0x080003da   0x00000002   PAD
    0x080003dc   0x080003dc   0x00000056   Code   RO         2060    i.ADC_ConversionStop_Disable  stm32f1xx_hal_adc.o
    0x08000432   0x08000432   0x0000004e   Code   RO         2061    i.ADC_DMAConvCplt   stm32f1xx_hal_adc.o
    0x08000480   0x08000480   0x0000001a   Code   RO         2062    i.ADC_DMAError      stm32f1xx_hal_adc.o
    0x0800049a   0x0800049a   0x0000000a   Code   RO         2063    i.ADC_DMAHalfConvCplt  stm32f1xx_hal_adc.o
    0x080004a4   0x080004a4   0x00000020   Code   RO         4563    i.ADC_DMA_Init      adc_1.o
    0x080004c4   0x080004c4   0x0000007c   Code   RO         2064    i.ADC_Enable        stm32f1xx_hal_adc.o
    0x08000540   0x08000540   0x00000050   Code   RO         4444    i.ALL_Init          init.o
    0x08000590   0x08000590   0x00000078   Code   RO         4951    i.ANO_Recive        ano_dt.o
    0x08000608   0x08000608   0x0000025c   Code   RO         4952    i.ANTO_Send         ano_dt.o
    0x08000864   0x08000864   0x000001dc   Code   RO         4953    i.ANTO_polling      ano_dt.o
    0x08000a40   0x08000a40   0x00000002   Code   RO          446    i.BusFault_Handler  stm32f1xx_it.o
    0x08000a42   0x08000a42   0x00000020   Code   RO         5478    i.CascadePID        pid.o
    0x08000a62   0x08000a62   0x00000002   PAD
    0x08000a64   0x08000a64   0x0000000c   Code   RO          447    i.DMA1_Channel1_IRQHandler  stm32f1xx_it.o
    0x08000a70   0x08000a70   0x0000000c   Code   RO          448    i.DMA1_Channel4_IRQHandler  stm32f1xx_it.o
    0x08000a7c   0x08000a7c   0x0000002a   Code   RO         1463    i.DMA_SetConfig     stm32f1xx_hal_dma.o
    0x08000aa6   0x08000aa6   0x00000002   Code   RO          449    i.DebugMon_Handler  stm32f1xx_it.o
    0x08000aa8   0x08000aa8   0x00000004   Code   RO           13    i.Error_Handler     main.o
    0x08000aac   0x08000aac   0x00000024   Code   RO         4607    i.FLASH_read        flash.o
    0x08000ad0   0x08000ad0   0x0000015c   Code   RO         5003    i.FlightPidControl  control.o
    0x08000c2c   0x08000c2c   0x00000458   Code   RO         5256    i.GetAngle          imu.o
    0x08001084   0x08001084   0x00000040   Code   RO         4392    i.GetSysTime_us     delay.o
    0x080010c4   0x080010c4   0x000000d8   Code   RO         2240    i.HAL_ADCEx_Calibration_Start  stm32f1xx_hal_adc_ex.o
    0x0800119c   0x0800119c   0x000000fc   Code   RO         2066    i.HAL_ADC_ConfigChannel  stm32f1xx_hal_adc.o
    0x08001298   0x08001298   0x00000002   Code   RO         2067    i.HAL_ADC_ConvCpltCallback  stm32f1xx_hal_adc.o
    0x0800129a   0x0800129a   0x00000002   Code   RO         2068    i.HAL_ADC_ConvHalfCpltCallback  stm32f1xx_hal_adc.o
    0x0800129c   0x0800129c   0x00000002   Code   RO         2070    i.HAL_ADC_ErrorCallback  stm32f1xx_hal_adc.o
    0x0800129e   0x0800129e   0x00000002   PAD
    0x080012a0   0x080012a0   0x0000011c   Code   RO         2075    i.HAL_ADC_Init      stm32f1xx_hal_adc.o
    0x080013bc   0x080013bc   0x00000090   Code   RO          279    i.HAL_ADC_MspInit   adc.o
    0x0800144c   0x0800144c   0x0000010c   Code   RO         2082    i.HAL_ADC_Start_DMA  stm32f1xx_hal_adc.o
    0x08001558   0x08001558   0x00000046   Code   RO         1464    i.HAL_DMA_Abort     stm32f1xx_hal_dma.o
    0x0800159e   0x0800159e   0x00000002   PAD
    0x080015a0   0x080015a0   0x00000098   Code   RO         1465    i.HAL_DMA_Abort_IT  stm32f1xx_hal_dma.o
    0x08001638   0x08001638   0x00000154   Code   RO         1469    i.HAL_DMA_IRQHandler  stm32f1xx_hal_dma.o
    0x0800178c   0x0800178c   0x0000005c   Code   RO         1470    i.HAL_DMA_Init      stm32f1xx_hal_dma.o
    0x080017e8   0x080017e8   0x00000070   Code   RO         1474    i.HAL_DMA_Start_IT  stm32f1xx_hal_dma.o
    0x08001858   0x08001858   0x000001e0   Code   RO         1400    i.HAL_GPIO_Init     stm32f1xx_hal_gpio.o
    0x08001a38   0x08001a38   0x0000000a   Code   RO         1404    i.HAL_GPIO_WritePin  stm32f1xx_hal_gpio.o
    0x08001a42   0x08001a42   0x00000002   PAD
    0x08001a44   0x08001a44   0x0000000c   Code   RO         1094    i.HAL_GetTick       stm32f1xx_hal.o
    0x08001a50   0x08001a50   0x00000010   Code   RO         1100    i.HAL_IncTick       stm32f1xx_hal.o
    0x08001a60   0x08001a60   0x00000024   Code   RO         1101    i.HAL_Init          stm32f1xx_hal.o
    0x08001a84   0x08001a84   0x00000040   Code   RO         1102    i.HAL_InitTick      stm32f1xx_hal.o
    0x08001ac4   0x08001ac4   0x0000003c   Code   RO          558    i.HAL_MspInit       stm32f1xx_hal_msp.o
    0x08001b00   0x08001b00   0x0000001a   Code   RO         1560    i.HAL_NVIC_EnableIRQ  stm32f1xx_hal_cortex.o
    0x08001b1a   0x08001b1a   0x00000002   PAD
    0x08001b1c   0x08001b1c   0x00000040   Code   RO         1566    i.HAL_NVIC_SetPriority  stm32f1xx_hal_cortex.o
    0x08001b5c   0x08001b5c   0x00000024   Code   RO         1567    i.HAL_NVIC_SetPriorityGrouping  stm32f1xx_hal_cortex.o
    0x08001b80   0x08001b80   0x0000003c   Code   RO          857    i.HAL_PCDEx_PMAConfig  stm32f1xx_hal_pcd_ex.o
    0x08001bbc   0x08001bbc   0x00000002   Code   RO         3840    i.HAL_PCDEx_SetConnectionState  usbd_conf.o
    0x08001bbe   0x08001bbe   0x00000012   Code   RO         3842    i.HAL_PCD_DataInStageCallback  usbd_conf.o
    0x08001bd0   0x08001bd0   0x00000014   Code   RO         3843    i.HAL_PCD_DataOutStageCallback  usbd_conf.o
    0x08001be4   0x08001be4   0x0000004a   Code   RO          628    i.HAL_PCD_EP_Close  stm32f1xx_hal_pcd.o
    0x08001c2e   0x08001c2e   0x0000005a   Code   RO          629    i.HAL_PCD_EP_ClrStall  stm32f1xx_hal_pcd.o
    0x08001c88   0x08001c88   0x000000e6   Code   RO          630    i.HAL_PCD_EP_DB_Receive  stm32f1xx_hal_pcd.o
    0x08001d6e   0x08001d6e   0x00000338   Code   RO          631    i.HAL_PCD_EP_DB_Transmit  stm32f1xx_hal_pcd.o
    0x080020a6   0x080020a6   0x00000058   Code   RO          634    i.HAL_PCD_EP_Open   stm32f1xx_hal_pcd.o
    0x080020fe   0x080020fe   0x0000002e   Code   RO          635    i.HAL_PCD_EP_Receive  stm32f1xx_hal_pcd.o
    0x0800212c   0x0800212c   0x00000070   Code   RO          636    i.HAL_PCD_EP_SetStall  stm32f1xx_hal_pcd.o
    0x0800219c   0x0800219c   0x0000002e   Code   RO          637    i.HAL_PCD_EP_Transmit  stm32f1xx_hal_pcd.o
    0x080021ca   0x080021ca   0x00000002   PAD
    0x080021cc   0x080021cc   0x00000134   Code   RO          639    i.HAL_PCD_IRQHandler  stm32f1xx_hal_pcd.o
    0x08002300   0x08002300   0x000000ba   Code   RO          642    i.HAL_PCD_Init      stm32f1xx_hal_pcd.o
    0x080023ba   0x080023ba   0x00000002   PAD
    0x080023bc   0x080023bc   0x0000004c   Code   RO         3848    i.HAL_PCD_MspInit   usbd_conf.o
    0x08002408   0x08002408   0x00000026   Code   RO         3849    i.HAL_PCD_ResetCallback  usbd_conf.o
    0x0800242e   0x0800242e   0x00000008   Code   RO         3850    i.HAL_PCD_ResumeCallback  usbd_conf.o
    0x08002436   0x08002436   0x00000008   Code   RO         3851    i.HAL_PCD_SOFCallback  usbd_conf.o
    0x0800243e   0x0800243e   0x00000026   Code   RO          648    i.HAL_PCD_SetAddress  stm32f1xx_hal_pcd.o
    0x08002464   0x08002464   0x0000000e   Code   RO         3852    i.HAL_PCD_SetupStageCallback  usbd_conf.o
    0x08002472   0x08002472   0x00000032   Code   RO          650    i.HAL_PCD_Start     stm32f1xx_hal_pcd.o
    0x080024a4   0x080024a4   0x00000024   Code   RO         3853    i.HAL_PCD_SuspendCallback  usbd_conf.o
    0x080024c8   0x080024c8   0x000000a4   Code   RO         1361    i.HAL_RCCEx_GetPeriphCLKFreq  stm32f1xx_hal_rcc_ex.o
    0x0800256c   0x0800256c   0x000000ec   Code   RO         1362    i.HAL_RCCEx_PeriphCLKConfig  stm32f1xx_hal_rcc_ex.o
    0x08002658   0x08002658   0x0000012c   Code   RO         1258    i.HAL_RCC_ClockConfig  stm32f1xx_hal_rcc.o
    0x08002784   0x08002784   0x00000020   Code   RO         1265    i.HAL_RCC_GetPCLK1Freq  stm32f1xx_hal_rcc.o
    0x080027a4   0x080027a4   0x00000020   Code   RO         1266    i.HAL_RCC_GetPCLK2Freq  stm32f1xx_hal_rcc.o
    0x080027c4   0x080027c4   0x0000004c   Code   RO         1267    i.HAL_RCC_GetSysClockFreq  stm32f1xx_hal_rcc.o
    0x08002810   0x08002810   0x00000320   Code   RO         1270    i.HAL_RCC_OscConfig  stm32f1xx_hal_rcc.o
    0x08002b30   0x08002b30   0x00000028   Code   RO         1571    i.HAL_SYSTICK_Config  stm32f1xx_hal_cortex.o
    0x08002b58   0x08002b58   0x00000002   Code   RO         3042    i.HAL_TIMEx_BreakCallback  stm32f1xx_hal_tim_ex.o
    0x08002b5a   0x08002b5a   0x00000002   Code   RO         3043    i.HAL_TIMEx_CommutCallback  stm32f1xx_hal_tim_ex.o
    0x08002b5c   0x08002b5c   0x00000068   Code   RO         3061    i.HAL_TIMEx_MasterConfigSynchronization  stm32f1xx_hal_tim_ex.o
    0x08002bc4   0x08002bc4   0x0000005a   Code   RO         2338    i.HAL_TIM_Base_Init  stm32f1xx_hal_tim.o
    0x08002c1e   0x08002c1e   0x00000002   PAD
    0x08002c20   0x08002c20   0x0000006c   Code   RO          345    i.HAL_TIM_Base_MspInit  tim.o
    0x08002c8c   0x08002c8c   0x00000058   Code   RO         2343    i.HAL_TIM_Base_Start_IT  stm32f1xx_hal_tim.o
    0x08002ce4   0x08002ce4   0x000000dc   Code   RO         2347    i.HAL_TIM_ConfigClockSource  stm32f1xx_hal_tim.o
    0x08002dc0   0x08002dc0   0x00000002   Code   RO         2372    i.HAL_TIM_IC_CaptureCallback  stm32f1xx_hal_tim.o
    0x08002dc2   0x08002dc2   0x00000130   Code   RO         2386    i.HAL_TIM_IRQHandler  stm32f1xx_hal_tim.o
    0x08002ef2   0x08002ef2   0x00000002   PAD
    0x08002ef4   0x08002ef4   0x00000090   Code   RO          346    i.HAL_TIM_MspPostInit  tim.o
    0x08002f84   0x08002f84   0x00000002   Code   RO         2389    i.HAL_TIM_OC_DelayElapsedCallback  stm32f1xx_hal_tim.o
    0x08002f86   0x08002f86   0x000000cc   Code   RO         2410    i.HAL_TIM_PWM_ConfigChannel  stm32f1xx_hal_tim.o
    0x08003052   0x08003052   0x0000005a   Code   RO         2413    i.HAL_TIM_PWM_Init  stm32f1xx_hal_tim.o
    0x080030ac   0x080030ac   0x00000002   Code   RO         2415    i.HAL_TIM_PWM_MspInit  stm32f1xx_hal_tim.o
    0x080030ae   0x080030ae   0x00000002   Code   RO         2416    i.HAL_TIM_PWM_PulseFinishedCallback  stm32f1xx_hal_tim.o
    0x080030b0   0x080030b0   0x0000009c   Code   RO         2418    i.HAL_TIM_PWM_Start  stm32f1xx_hal_tim.o
    0x0800314c   0x0800314c   0x00000014   Code   RO           14    i.HAL_TIM_PeriodElapsedCallback  main.o
    0x08003160   0x08003160   0x00000002   Code   RO         2429    i.HAL_TIM_TriggerCallback  stm32f1xx_hal_tim.o
    0x08003162   0x08003162   0x00000002   Code   RO         3321    i.HAL_UARTEx_RxEventCallback  stm32f1xx_hal_uart.o
    0x08003164   0x08003164   0x00000002   Code   RO         3335    i.HAL_UART_ErrorCallback  stm32f1xx_hal_uart.o
    0x08003166   0x08003166   0x00000002   PAD
    0x08003168   0x08003168   0x0000026c   Code   RO         3338    i.HAL_UART_IRQHandler  stm32f1xx_hal_uart.o
    0x080033d4   0x080033d4   0x00000064   Code   RO         3339    i.HAL_UART_Init     stm32f1xx_hal_uart.o
    0x08003438   0x08003438   0x000000b4   Code   RO          405    i.HAL_UART_MspInit  usart.o
    0x080034ec   0x080034ec   0x00000002   Code   RO         3345    i.HAL_UART_RxCpltCallback  stm32f1xx_hal_uart.o
    0x080034ee   0x080034ee   0x00000002   Code   RO         3350    i.HAL_UART_TxCpltCallback  stm32f1xx_hal_uart.o
    0x080034f0   0x080034f0   0x00000002   Code   RO          450    i.HardFault_Handler  stm32f1xx_it.o
    0x080034f2   0x080034f2   0x00000002   PAD
    0x080034f4   0x080034f4   0x00000038   Code   RO         4666    i.I2c_NoAck         iic_software.o
    0x0800352c   0x0800352c   0x0000004c   Code   RO         4667    i.I2c_ReadByte      iic_software.o
    0x08003578   0x08003578   0x00000044   Code   RO         4668    i.I2c_SendByte      iic_software.o
    0x080035bc   0x080035bc   0x00000038   Code   RO         4669    i.I2c_Start         iic_software.o
    0x080035f4   0x080035f4   0x00000030   Code   RO         4670    i.I2c_Stop          iic_software.o
    0x08003624   0x08003624   0x00000040   Code   RO         4671    i.I2c_WaitAck       iic_software.o
    0x08003664   0x08003664   0x0000001a   Code   RO         4672    i.I2c_delay         iic_software.o
    0x0800367e   0x0800367e   0x00000002   Code   RO         4673    i.IIC_Init          iic_software.o
    0x08003680   0x08003680   0x00000058   Code   RO         4674    i.IIC_Read_One_Byte  iic_software.o
    0x080036d8   0x080036d8   0x00000042   Code   RO         4676    i.IIC_Write_One_Byte  iic_software.o
    0x0800371a   0x0800371a   0x00000002   PAD
    0x0800371c   0x0800371c   0x000000a8   Code   RO         4677    i.IIC_read_Bytes    iic_software.o
    0x080037c4   0x080037c4   0x00000038   Code   RO         3754    i.IntToUnicode      usbd_desc.o
    0x080037fc   0x080037fc   0x00000050   Code   RO          280    i.MX_ADC1_Init      adc.o
    0x0800384c   0x0800384c   0x0000003c   Code   RO          320    i.MX_DMA_Init       dma.o
    0x08003888   0x08003888   0x000000ac   Code   RO          254    i.MX_GPIO_Init      gpio.o
    0x08003934   0x08003934   0x0000006c   Code   RO          347    i.MX_TIM1_Init      tim.o
    0x080039a0   0x080039a0   0x000000c8   Code   RO          348    i.MX_TIM2_Init      tim.o
    0x08003a68   0x08003a68   0x000000c8   Code   RO          349    i.MX_TIM3_Init      tim.o
    0x08003b30   0x08003b30   0x00000038   Code   RO          406    i.MX_USART1_UART_Init  usart.o
    0x08003b68   0x08003b68   0x00000040   Code   RO         3710    i.MX_USB_DEVICE_Init  usb_device.o
    0x08003ba8   0x08003ba8   0x00000002   Code   RO          451    i.MemManage_Handler  stm32f1xx_it.o
    0x08003baa   0x08003baa   0x00000002   PAD
    0x08003bac   0x08003bac   0x0000022c   Code   RO         5004    i.MotorControl      control.o
    0x08003dd8   0x08003dd8   0x000000cc   Code   RO         5538    i.MpuGetData        mpu6050.o
    0x08003ea4   0x08003ea4   0x00000088   Code   RO         5540    i.MpuInit           mpu6050.o
    0x08003f2c   0x08003f2c   0x00000002   Code   RO          452    i.NMI_Handler       stm32f1xx_it.o
    0x08003f2e   0x08003f2e   0x00000002   PAD
    0x08003f30   0x08003f30   0x00000048   Code   RO         5596    i.NRF24L01_Check    nrf24l01.o
    0x08003f78   0x08003f78   0x00000020   Code   RO         5597    i.NRF24L01_Configuration  nrf24l01.o
    0x08003f98   0x08003f98   0x0000003c   Code   RO         5598    i.NRF24L01_Read_Buf  nrf24l01.o
    0x08003fd4   0x08003fd4   0x00000020   Code   RO         5599    i.NRF24L01_Read_Reg  nrf24l01.o
    0x08003ff4   0x08003ff4   0x00000032   Code   RO         5600    i.NRF24L01_RxPacket  nrf24l01.o
    0x08004026   0x08004026   0x00000002   PAD
    0x08004028   0x08004028   0x0000003c   Code   RO         5602    i.NRF24L01_Write_Buf  nrf24l01.o
    0x08004064   0x08004064   0x00000028   Code   RO         5603    i.NRF24L01_Write_Reg  nrf24l01.o
    0x0800408c   0x0800408c   0x00000016   Code   RO         5604    i.NRF24L01_init     nrf24l01.o
    0x080040a2   0x080040a2   0x000003a6   Code   RO          654    i.PCD_EP_ISR_Handler  stm32f1xx_hal_pcd.o
    0x08004448   0x08004448   0x00000002   Code   RO          453    i.PendSV_Handler    stm32f1xx_it.o
    0x0800444a   0x0800444a   0x00000002   PAD
    0x0800444c   0x0800444c   0x00000088   Code   RO         5508    i.PilotLED          led.o
    0x080044d4   0x080044d4   0x00000038   Code   RO         5374    i.Q_rsqrt           mymath.o
    0x0800450c   0x0800450c   0x0000019c   Code   RO         5140    i.RC_Analy          remote.o
    0x080046a8   0x080046a8   0x00000030   Code   RO           15    i.RUN               main.o
    0x080046d8   0x080046d8   0x00000054   Code   RO         5605    i.RX_Mode           nrf24l01.o
    0x0800472c   0x0800472c   0x00000014   Code   RO         4753    i.SPI_Config        spi.o
    0x08004740   0x08004740   0x0000004c   Code   RO         4754    i.SPI_RW            spi.o
    0x0800478c   0x0800478c   0x00000002   Code   RO          454    i.SVC_Handler       stm32f1xx_it.o
    0x0800478e   0x0800478e   0x00000004   Code   RO          455    i.SysTick_Handler   stm32f1xx_it.o
    0x08004792   0x08004792   0x0000007c   Code   RO           16    i.SystemClock_Config  main.o
    0x0800480e   0x0800480e   0x00000002   Code   RO         3673    i.SystemInit        system_stm32f1xx.o
    0x08004810   0x08004810   0x0000000c   Code   RO         4786    i.TIM1_Config       tim_1.o
    0x0800481c   0x0800481c   0x0000000c   Code   RO          456    i.TIM1_UP_IRQHandler  stm32f1xx_it.o
    0x08004828   0x08004828   0x0000002c   Code   RO         4787    i.TIM2_PWM_Config   tim_1.o
    0x08004854   0x08004854   0x00000040   Code   RO         4788    i.TIM3_PWM_Config   tim_1.o
    0x08004894   0x08004894   0x00000078   Code   RO         2431    i.TIM_Base_SetConfig  stm32f1xx_hal_tim.o
    0x0800490c   0x0800490c   0x0000001a   Code   RO         2432    i.TIM_CCxChannelCmd  stm32f1xx_hal_tim.o
    0x08004926   0x08004926   0x00000014   Code   RO         2442    i.TIM_ETR_SetConfig  stm32f1xx_hal_tim.o
    0x0800493a   0x0800493a   0x00000010   Code   RO         2443    i.TIM_ITRx_SetConfig  stm32f1xx_hal_tim.o
    0x0800494a   0x0800494a   0x00000002   PAD
    0x0800494c   0x0800494c   0x00000050   Code   RO         2444    i.TIM_OC1_SetConfig  stm32f1xx_hal_tim.o
    0x0800499c   0x0800499c   0x00000058   Code   RO         2445    i.TIM_OC2_SetConfig  stm32f1xx_hal_tim.o
    0x080049f4   0x080049f4   0x00000058   Code   RO         2446    i.TIM_OC3_SetConfig  stm32f1xx_hal_tim.o
    0x08004a4c   0x08004a4c   0x00000044   Code   RO         2447    i.TIM_OC4_SetConfig  stm32f1xx_hal_tim.o
    0x08004a90   0x08004a90   0x00000022   Code   RO         2449    i.TIM_TI1_ConfigInputStage  stm32f1xx_hal_tim.o
    0x08004ab2   0x08004ab2   0x00000024   Code   RO         2451    i.TIM_TI2_ConfigInputStage  stm32f1xx_hal_tim.o
    0x08004ad6   0x08004ad6   0x00000010   Code   RO         3352    i.UART_DMAAbortOnError  stm32f1xx_hal_uart.o
    0x08004ae6   0x08004ae6   0x0000004e   Code   RO         3362    i.UART_EndRxTransfer  stm32f1xx_hal_uart.o
    0x08004b34   0x08004b34   0x000000c2   Code   RO         3364    i.UART_Receive_IT   stm32f1xx_hal_uart.o
    0x08004bf6   0x08004bf6   0x00000002   PAD
    0x08004bf8   0x08004bf8   0x000000b8   Code   RO         3365    i.UART_SetConfig    stm32f1xx_hal_uart.o
    0x08004cb0   0x08004cb0   0x0000000c   Code   RO          457    i.USART1_IRQHandler  stm32f1xx_it.o
    0x08004cbc   0x08004cbc   0x0000000e   Code   RO         4052    i.USBD_ClrClassConfig  usbd_core.o
    0x08004cca   0x08004cca   0x00000010   Code   RO         4255    i.USBD_CtlContinueRx  usbd_ioreq.o
    0x08004cda   0x08004cda   0x00000010   Code   RO         4256    i.USBD_CtlContinueSendData  usbd_ioreq.o
    0x08004cea   0x08004cea   0x00000016   Code   RO         4190    i.USBD_CtlError     usbd_ctlreq.o
    0x08004d00   0x08004d00   0x00000016   Code   RO         4258    i.USBD_CtlReceiveStatus  usbd_ioreq.o
    0x08004d16   0x08004d16   0x0000001a   Code   RO         4259    i.USBD_CtlSendData  usbd_ioreq.o
    0x08004d30   0x08004d30   0x00000016   Code   RO         4260    i.USBD_CtlSendStatus  usbd_ioreq.o
    0x08004d46   0x08004d46   0x00000002   PAD
    0x08004d48   0x08004d48   0x00000020   Code   RO         3755    i.USBD_FS_ConfigStrDescriptor  usbd_desc.o
    0x08004d68   0x08004d68   0x0000000c   Code   RO         3756    i.USBD_FS_DeviceDescriptor  usbd_desc.o
    0x08004d74   0x08004d74   0x00000024   Code   RO         3757    i.USBD_FS_InterfaceStrDescriptor  usbd_desc.o
    0x08004d98   0x08004d98   0x0000000c   Code   RO         3758    i.USBD_FS_LangIDStrDescriptor  usbd_desc.o
    0x08004da4   0x08004da4   0x00000028   Code   RO         3759    i.USBD_FS_ManufacturerStrDescriptor  usbd_desc.o
    0x08004dcc   0x08004dcc   0x0000002c   Code   RO         3760    i.USBD_FS_ProductStrDescriptor  usbd_desc.o
    0x08004df8   0x08004df8   0x00000038   Code   RO         3761    i.USBD_FS_SerialStrDescriptor  usbd_desc.o
    0x08004e30   0x08004e30   0x000000e8   Code   RO         4191    i.USBD_GetDescriptor  usbd_ctlreq.o
    0x08004f18   0x08004f18   0x00000048   Code   RO         4192    i.USBD_GetString    usbd_ctlreq.o
    0x08004f60   0x08004f60   0x00000018   Code   RO         3854    i.USBD_Get_USB_Status  usbd_conf.o
    0x08004f78   0x08004f78   0x0000000c   Code   RO         4315    i.USBD_HID_DataIn   usbd_hid.o
    0x08004f84   0x08004f84   0x00000020   Code   RO         4316    i.USBD_HID_DeInit   usbd_hid.o
    0x08004fa4   0x08004fa4   0x0000000c   Code   RO         4317    i.USBD_HID_GetDeviceQualifierDesc  usbd_hid.o
    0x08004fb0   0x08004fb0   0x0000000c   Code   RO         4318    i.USBD_HID_GetFSCfgDesc  usbd_hid.o
    0x08004fbc   0x08004fbc   0x0000000c   Code   RO         4319    i.USBD_HID_GetHSCfgDesc  usbd_hid.o
    0x08004fc8   0x08004fc8   0x0000000c   Code   RO         4320    i.USBD_HID_GetOtherSpeedCfgDesc  usbd_hid.o
    0x08004fd4   0x08004fd4   0x0000002a   Code   RO         4322    i.USBD_HID_Init     usbd_hid.o
    0x08004ffe   0x08004ffe   0x00000024   Code   RO         4323    i.USBD_HID_SendReport  usbd_hid.o
    0x08005022   0x08005022   0x00000002   PAD
    0x08005024   0x08005024   0x000000c8   Code   RO         4324    i.USBD_HID_Setup    usbd_hid.o
    0x080050ec   0x080050ec   0x0000002a   Code   RO         4054    i.USBD_Init         usbd_core.o
    0x08005116   0x08005116   0x00000012   Code   RO         3855    i.USBD_LL_ClearStallEP  usbd_conf.o
    0x08005128   0x08005128   0x00000012   Code   RO         3856    i.USBD_LL_CloseEP   usbd_conf.o
    0x0800513a   0x0800513a   0x000000c6   Code   RO         4055    i.USBD_LL_DataInStage  usbd_core.o
    0x08005200   0x08005200   0x00000082   Code   RO         4056    i.USBD_LL_DataOutStage  usbd_core.o
    0x08005282   0x08005282   0x00000002   PAD
    0x08005284   0x08005284   0x00000068   Code   RO         3861    i.USBD_LL_Init      usbd_conf.o
    0x080052ec   0x080052ec   0x0000001e   Code   RO         3862    i.USBD_LL_IsStallEP  usbd_conf.o
    0x0800530a   0x0800530a   0x00000018   Code   RO         3863    i.USBD_LL_OpenEP    usbd_conf.o
    0x08005322   0x08005322   0x00000012   Code   RO         3864    i.USBD_LL_PrepareReceive  usbd_conf.o
    0x08005334   0x08005334   0x00000050   Code   RO         4061    i.USBD_LL_Reset     usbd_core.o
    0x08005384   0x08005384   0x00000014   Code   RO         4062    i.USBD_LL_Resume    usbd_core.o
    0x08005398   0x08005398   0x00000018   Code   RO         4063    i.USBD_LL_SOF       usbd_core.o
    0x080053b0   0x080053b0   0x00000006   Code   RO         4064    i.USBD_LL_SetSpeed  usbd_core.o
    0x080053b6   0x080053b6   0x00000012   Code   RO         3865    i.USBD_LL_SetUSBAddress  usbd_conf.o
    0x080053c8   0x080053c8   0x0000005a   Code   RO         4065    i.USBD_LL_SetupStage  usbd_core.o
    0x08005422   0x08005422   0x00000012   Code   RO         3866    i.USBD_LL_StallEP   usbd_conf.o
    0x08005434   0x08005434   0x00000012   Code   RO         3867    i.USBD_LL_Start     usbd_conf.o
    0x08005446   0x08005446   0x00000012   Code   RO         4066    i.USBD_LL_Suspend   usbd_core.o
    0x08005458   0x08005458   0x00000012   Code   RO         3869    i.USBD_LL_Transmit  usbd_conf.o
    0x0800546a   0x0800546a   0x00000028   Code   RO         4193    i.USBD_ParseSetupRequest  usbd_ctlreq.o
    0x08005492   0x08005492   0x00000010   Code   RO         4067    i.USBD_RegisterClass  usbd_core.o
    0x080054a2   0x080054a2   0x00000016   Code   RO         4069    i.USBD_SetClassConfig  usbd_core.o
    0x080054b8   0x080054b8   0x00000084   Code   RO         4194    i.USBD_SetConfig    usbd_ctlreq.o
    0x0800553c   0x0800553c   0x0000000a   Code   RO         4070    i.USBD_Start        usbd_core.o
    0x08005546   0x08005546   0x00000112   Code   RO         4195    i.USBD_StdDevReq    usbd_ctlreq.o
    0x08005658   0x08005658   0x00000150   Code   RO         4196    i.USBD_StdEPReq     usbd_ctlreq.o
    0x080057a8   0x080057a8   0x0000004e   Code   RO         4197    i.USBD_StdItfReq    usbd_ctlreq.o
    0x080057f6   0x080057f6   0x00000002   Code   RO         3870    i.USBD_static_free  usbd_conf.o
    0x080057f8   0x080057f8   0x00000008   Code   RO         3871    i.USBD_static_malloc  usbd_conf.o
    0x08005800   0x08005800   0x0000029c   Code   RO          897    i.USB_ActivateEndpoint  stm32f1xx_ll_usb.o
    0x08005a9c   0x08005a9c   0x00000004   Code   RO          900    i.USB_CoreInit      stm32f1xx_ll_usb.o
    0x08005aa0   0x08005aa0   0x0000010e   Code   RO          902    i.USB_DeactivateEndpoint  stm32f1xx_ll_usb.o
    0x08005bae   0x08005bae   0x00000004   Code   RO          903    i.USB_DevConnect    stm32f1xx_ll_usb.o
    0x08005bb2   0x08005bb2   0x00000004   Code   RO          904    i.USB_DevDisconnect  stm32f1xx_ll_usb.o
    0x08005bb6   0x08005bb6   0x00000012   Code   RO          905    i.USB_DevInit       stm32f1xx_ll_usb.o
    0x08005bc8   0x08005bc8   0x0000000e   Code   RO          906    i.USB_DisableGlobalInt  stm32f1xx_ll_usb.o
    0x08005bd6   0x08005bd6   0x00000004   Code   RO          907    i.USB_EP0_OutStart  stm32f1xx_ll_usb.o
    0x08005bda   0x08005bda   0x00000078   Code   RO          908    i.USB_EPClearStall  stm32f1xx_ll_usb.o
    0x08005c52   0x08005c52   0x00000032   Code   RO          909    i.USB_EPSetStall    stm32f1xx_ll_usb.o
    0x08005c84   0x08005c84   0x000004e2   Code   RO          910    i.USB_EPStartXfer   stm32f1xx_ll_usb.o
    0x08006166   0x08006166   0x00000012   Code   RO          912    i.USB_EnableGlobalInt  stm32f1xx_ll_usb.o
    0x08006178   0x08006178   0x00000014   Code   RO         4872    i.USB_HID_Init      usb_hid.o
    0x0800618c   0x0800618c   0x0000000c   Code   RO          458    i.USB_HP_CAN1_TX_IRQHandler  stm32f1xx_it.o
    0x08006198   0x08006198   0x0000000c   Code   RO          459    i.USB_LP_CAN1_RX0_IRQHandler  stm32f1xx_it.o
    0x080061a4   0x080061a4   0x00000006   Code   RO          919    i.USB_ReadInterrupts  stm32f1xx_ll_usb.o
    0x080061aa   0x080061aa   0x00000002   PAD
    0x080061ac   0x080061ac   0x0000002c   Code   RO          920    i.USB_ReadPMA       stm32f1xx_ll_usb.o
    0x080061d8   0x080061d8   0x00000004   Code   RO          921    i.USB_SetCurrentMode  stm32f1xx_ll_usb.o
    0x080061dc   0x080061dc   0x0000000c   Code   RO          922    i.USB_SetDevAddress  stm32f1xx_ll_usb.o
    0x080061e8   0x080061e8   0x00000026   Code   RO          924    i.USB_WritePMA      stm32f1xx_ll_usb.o
    0x0800620e   0x0800620e   0x00000002   Code   RO          460    i.UsageFault_Handler  stm32f1xx_it.o
    0x08006210   0x08006210   0x00000028   Code   RO         4873    i.Usb_Hid_Adddata   usb_hid.o
    0x08006238   0x08006238   0x0000006c   Code   RO         4874    i.Usb_Hid_Receive   usb_hid.o
    0x080062a4   0x080062a4   0x000000ec   Code   RO         4875    i.Usb_Hid_Send      usb_hid.o
    0x08006390   0x08006390   0x00000028   Code   RO         5812    i.__ARM_fpclassify  m_ws.l(fpclassify.o)
    0x080063b8   0x080063b8   0x00000020   Code   RO         1573    i.__NVIC_SetPriority  stm32f1xx_hal_cortex.o
    0x080063d8   0x080063d8   0x000000aa   Code   RO         5830    i.__kernel_poly     m_ws.l(poly.o)
    0x08006482   0x08006482   0x00000006   Code   RO         5799    i.__mathlib_dbl_infnan  m_ws.l(dunder.o)
    0x08006488   0x08006488   0x00000004   Code   RO         5800    i.__mathlib_dbl_infnan2  m_ws.l(dunder.o)
    0x0800648c   0x0800648c   0x0000000c   Code   RO         5801    i.__mathlib_dbl_invalid  m_ws.l(dunder.o)
    0x08006498   0x08006498   0x00000010   Code   RO         5804    i.__mathlib_dbl_underflow  m_ws.l(dunder.o)
    0x080064a8   0x080064a8   0x00000270   Code   RO         5739    i.asin              m_ws.l(asin.o)
    0x08006718   0x08006718   0x00000220   Code   RO         5789    i.atan              m_ws.l(atan.o)
    0x08006938   0x08006938   0x00000180   Code   RO         5757    i.atan2             m_ws.l(atan2.o)
    0x08006ab8   0x08006ab8   0x0000001c   Code   RO         4393    i.cycleCounterInit  delay.o
    0x08006ad4   0x08006ad4   0x00000022   Code   RO         4394    i.delay_ms          delay.o
    0x08006af6   0x08006af6   0x00000002   PAD
    0x08006af8   0x08006af8   0x0000002c   Code   RO         5257    i.imu_rest          imu.o
    0x08006b24   0x08006b24   0x00000054   Code   RO         5293    i.kalman_1          kalman.o
    0x08006b78   0x08006b78   0x0000005e   Code   RO           17    i.main              main.o
    0x08006bd6   0x08006bd6   0x0000002a   Code   RO         5479    i.pidRest           pid.o
    0x08006c00   0x08006c00   0x0000005e   Code   RO         5480    i.pidUpdate         pid.o
    0x08006c5e   0x08006c5e   0x00000002   PAD
    0x08006c60   0x08006c60   0x0000004c   Code   RO         4445    i.pid_param_Init    init.o
    0x08006cac   0x08006cac   0x000000d8   Code   RO         5141    i.remote_unlock     remote.o
    0x08006d84   0x08006d84   0x0000004c   Code   RO         5834    i.sqrt              m_ws.l(sqrt.o)
    0x08006dd0   0x08006dd0   0x00000062   Code   RO         5688    x$fpl$d2f           fz_ws.l(d2f.o)
    0x08006e32   0x08006e32   0x00000002   PAD
    0x08006e34   0x08006e34   0x00000150   Code   RO         5690    x$fpl$dadd          fz_ws.l(daddsub_clz.o)
    0x08006f84   0x08006f84   0x00000010   Code   RO         5869    x$fpl$dcheck1       fz_ws.l(dcheck1.o)
    0x08006f94   0x08006f94   0x000002b0   Code   RO         5770    x$fpl$ddiv          fz_ws.l(ddiv.o)
    0x08007244   0x08007244   0x0000005e   Code   RO         5696    x$fpl$dfix          fz_ws.l(dfix.o)
    0x080072a2   0x080072a2   0x0000002e   Code   RO         5701    x$fpl$dflt          fz_ws.l(dflt_clz.o)
    0x080072d0   0x080072d0   0x00000026   Code   RO         5700    x$fpl$dfltu         fz_ws.l(dflt_clz.o)
    0x080072f6   0x080072f6   0x00000002   PAD
    0x080072f8   0x080072f8   0x00000154   Code   RO         5706    x$fpl$dmul          fz_ws.l(dmul.o)
    0x0800744c   0x0800744c   0x0000009c   Code   RO         5773    x$fpl$dnaninf       fz_ws.l(dnaninf.o)
    0x080074e8   0x080074e8   0x0000000c   Code   RO         5775    x$fpl$dretinf       fz_ws.l(dretinf.o)
    0x080074f4   0x080074f4   0x00000016   Code   RO         5691    x$fpl$drsb          fz_ws.l(daddsub_clz.o)
    0x0800750a   0x0800750a   0x00000002   PAD
    0x0800750c   0x0800750c   0x000001cc   Code   RO         5873    x$fpl$dsqrt         fz_ws.l(dsqrt_noumaal.o)
    0x080076d8   0x080076d8   0x000001d4   Code   RO         5692    x$fpl$dsub          fz_ws.l(daddsub_clz.o)
    0x080078ac   0x080078ac   0x00000056   Code   RO         5708    x$fpl$f2d           fz_ws.l(f2d.o)
    0x08007902   0x08007902   0x00000002   PAD
    0x08007904   0x08007904   0x000000c4   Code   RO         5710    x$fpl$fadd          fz_ws.l(faddsub_clz.o)
    0x080079c8   0x080079c8   0x0000000c   Code   RO         5777    x$fpl$fcheck1       fz_ws.l(fcheck1.o)
    0x080079d4   0x080079d4   0x00000184   Code   RO         5717    x$fpl$fdiv          fz_ws.l(fdiv.o)
    0x08007b58   0x08007b58   0x00000036   Code   RO         5720    x$fpl$ffix          fz_ws.l(ffix.o)
    0x08007b8e   0x08007b8e   0x00000002   PAD
    0x08007b90   0x08007b90   0x00000030   Code   RO         5725    x$fpl$fflt          fz_ws.l(fflt_clz.o)
    0x08007bc0   0x08007bc0   0x00000026   Code   RO         5724    x$fpl$ffltu         fz_ws.l(fflt_clz.o)
    0x08007be6   0x08007be6   0x00000002   PAD
    0x08007be8   0x08007be8   0x00000102   Code   RO         5732    x$fpl$fmul          fz_ws.l(fmul.o)
    0x08007cea   0x08007cea   0x0000008c   Code   RO         5781    x$fpl$fnaninf       fz_ws.l(fnaninf.o)
    0x08007d76   0x08007d76   0x0000000a   Code   RO         5783    x$fpl$fretinf       fz_ws.l(fretinf.o)
    0x08007d80   0x08007d80   0x00000014   Code   RO         5711    x$fpl$frsb          fz_ws.l(faddsub_clz.o)
    0x08007d94   0x08007d94   0x000000ea   Code   RO         5712    x$fpl$fsub          fz_ws.l(faddsub_clz.o)
    0x08007e7e   0x08007e7e   0x00000064   Code   RO         5877    x$fpl$retnan        fz_ws.l(retnan.o)
    0x08007ee2   0x08007ee2   0x0000005c   Code   RO         5785    x$fpl$scalbn        fz_ws.l(scalbn.o)
    0x08007f3e   0x08007f3e   0x0000004c   Code   RO         5736    x$fpl$scalbnf       fz_ws.l(scalbnf.o)
    0x08007f8a   0x08007f8a   0x00000030   Code   RO         5894    x$fpl$trapveneer    fz_ws.l(trapv.o)
    0x08007fba   0x08007fba   0x00000000   Code   RO         5787    x$fpl$usenofp       fz_ws.l(usenofp.o)
    0x08007fba   0x08007fba   0x00000012   Data   RO         1271    .constdata          stm32f1xx_hal_rcc.o
    0x08007fcc   0x08007fcc   0x00000012   Data   RO         1363    .constdata          stm32f1xx_hal_rcc_ex.o
    0x08007fde   0x08007fde   0x00000010   Data   RO         3674    .constdata          system_stm32f1xx.o
    0x08007fee   0x08007fee   0x00000008   Data   RO         3675    .constdata          system_stm32f1xx.o
    0x08007ff6   0x08007ff6   0x00000002   PAD
    0x08007ff8   0x08007ff8   0x00000004   Data   RO         5388    .constdata          mymath.o
    0x08007ffc   0x08007ffc   0x00000004   Data   RO         5390    .constdata          mymath.o
    0x08008000   0x08008000   0x00000004   Data   RO         5391    .constdata          mymath.o
    0x08008004   0x08008004   0x00000005   Data   RO         5607    .constdata          nrf24l01.o
    0x08008009   0x08008009   0x00000007   PAD
    0x08008010   0x08008010   0x00000050   Data   RO         5740    .constdata          m_ws.l(asin.o)
    0x08008060   0x08008060   0x00000098   Data   RO         5790    .constdata          m_ws.l(atan.o)
    0x080080f8   0x080080f8   0x00000008   Data   RO         5832    .constdata          m_ws.l(qnan.o)
    0x08008100   0x08008100   0x00000020   Data   RO         6020    Region$$Table       anon$$obj.o


    Execution Region RW_IRAM1 (Exec base: 0x20000000, Load base: 0x08008120, Size: 0x00001558, Max: 0x00005000, ABSOLUTE, COMPRESSED[0x00000118])

    Exec Addr    Load Addr    Size         Type   Attr      Idx    E Section Name        Object

    0x20000000   COMPRESSED   0x0000000c   Data   RW         1108    .data               stm32f1xx_hal.o
    0x2000000c   COMPRESSED   0x00000004   Data   RW         3676    .data               system_stm32f1xx.o
    0x20000010   COMPRESSED   0x0000001c   Data   RW         3763    .data               usbd_desc.o
    0x2000002c   COMPRESSED   0x00000032   Data   RW         3764    .data               usbd_desc.o
    0x2000005e   COMPRESSED   0x00000001   Data   RW         4198    .data               usbd_ctlreq.o
    0x2000005f   COMPRESSED   0x00000001   PAD
    0x20000060   COMPRESSED   0x00000038   Data   RW         4325    .data               usbd_hid.o
    0x20000098   COMPRESSED   0x000000ce   Data   RW         4326    .data               usbd_hid.o
    0x20000166   COMPRESSED   0x00000002   PAD
    0x20000168   COMPRESSED   0x00000004   Data   RW         4396    .data               delay.o
    0x2000016c   COMPRESSED   0x00000010   Data   RW         4449    .data               init.o
    0x2000017c   COMPRESSED   0x00000001   Data   RW         4450    .data               init.o
    0x2000017d   COMPRESSED   0x00000001   PAD
    0x2000017e   COMPRESSED   0x00000008   Data   RW         4451    .data               init.o
    0x20000186   COMPRESSED   0x00000002   PAD
    0x20000188   COMPRESSED   0x00000004   Data   RW         4610    .data               flash.o
    0x2000018c   COMPRESSED   0x00000005   Data   RW         4877    .data               usb_hid.o
    0x20000191   COMPRESSED   0x00000001   PAD
    0x20000192   COMPRESSED   0x00000004   Data   RW         4955    .data               ano_dt.o
    0x20000196   COMPRESSED   0x00000002   PAD
    0x20000198   COMPRESSED   0x00000020   Data   RW         5005    .data               control.o
    0x200001b8   COMPRESSED   0x00000006   Data   RW         5143    .data               remote.o
    0x200001be   COMPRESSED   0x00000002   PAD
    0x200001c0   COMPRESSED   0x0000001c   Data   RW         5259    .data               imu.o
    0x200001dc   COMPRESSED   0x00000008   Data   RW         5509    .data               led.o
    0x200001e4   COMPRESSED   0x0000004c   Data   RW         5543    .data               mpu6050.o
    0x20000230        -       0x00000074   Zero   RW          281    .bss                adc.o
    0x200002a4        -       0x000000d8   Zero   RW          350    .bss                tim.o
    0x2000037c        -       0x0000008c   Zero   RW          407    .bss                usart.o
    0x20000408        -       0x000002c4   Zero   RW         3711    .bss                usb_device.o
    0x200006cc        -       0x00000200   Zero   RW         3762    .bss                usbd_desc.o
    0x200008cc        -       0x000002ec   Zero   RW         3872    .bss                usbd_conf.o
    0x20000bb8        -       0x0000000c   Zero   RW         4446    .bss                init.o
    0x20000bc4        -       0x0000000c   Zero   RW         4447    .bss                init.o
    0x20000bd0        -       0x00000138   Zero   RW         4448    .bss                init.o
    0x20000d08        -       0x00000014   Zero   RW         4565    .bss                adc_1.o
    0x20000d1c        -       0x00000140   Zero   RW         4876    .bss                usb_hid.o
    0x20000e5c        -       0x00000054   Zero   RW         4954    .bss                ano_dt.o
    0x20000eb0        -       0x00000020   Zero   RW         5142    .bss                remote.o
    0x20000ed0        -       0x0000000c   Zero   RW         5258    .bss                imu.o
    0x20000edc        -       0x00000018   Zero   RW         5542    .bss                mpu6050.o
    0x20000ef4        -       0x00000060   Zero   RW         5880    .bss                c_w.l(libspace.o)
    0x20000f54   COMPRESSED   0x00000004   PAD
    0x20000f58        -       0x00000200   Zero   RW            2    HEAP                startup_stm32f103xb.o
    0x20001158        -       0x00000400   Zero   RW            1    STACK               startup_stm32f103xb.o


==============================================================================

Image component sizes


      Code (inc. data)   RO Data    RW Data    ZI Data      Debug   Object Name

       224         32          0          0        116       1663   adc.o
        32         10          0          0         20       1033   adc_1.o
      1200        116          0          4         84       4340   ano_dt.o
       904        104          0         32          0       3768   control.o
       126         22          0          4          0       1910   delay.o
        60          4          0          0          0        726   dma.o
        36          8          0          4          0       1111   flash.o
       172         12          0          0          0        895   gpio.o
       718         34          0          0          0       6457   iic_software.o
      1156         38          0         28         12       2072   imu.o
       156         36          0         25        336       2743   init.o
        84          0          0          0          0       1543   kalman.o
       136         14          0          8          0       2301   led.o
       290         18          0          0          0     470095   main.o
       340         20          0         76         24       2979   mpu6050.o
        56          6         12          0          0        921   mymath.o
       452         40          5          0          0       6042   nrf24l01.o
       168          0          0          0          0       1971   pid.o
       628         56          0          6         32       2435   remote.o
        96          8          0          0          0       1270   spi.o
        64         26        236          0       1536        792   startup_stm32f103xb.o
       128         24          0         12          0       5157   stm32f1xx_hal.o
      1134         56          0          0          0       8282   stm32f1xx_hal_adc.o
       216          6          0          0          0       1390   stm32f1xx_hal_adc_ex.o
       198         14          0          0          0      28815   stm32f1xx_hal_cortex.o
       808         36          0          0          0       4846   stm32f1xx_hal_dma.o
       490         34          0          0          0       2832   stm32f1xx_hal_gpio.o
        60          8          0          0          0        834   stm32f1xx_hal_msp.o
      3026          0          0          0          0      13365   stm32f1xx_hal_pcd.o
        60          0          0          0          0       1134   stm32f1xx_hal_pcd_ex.o
      1240         84         18          0          0       4992   stm32f1xx_hal_rcc.o
       400         28         18          0          0       2405   stm32f1xx_hal_rcc_ex.o
      1738         56          0          0          0      15666   stm32f1xx_hal_tim.o
       108         12          0          0          0       2321   stm32f1xx_hal_tim_ex.o
      1200         10          0          0          0       7760   stm32f1xx_hal_uart.o
        92         36          0          0          0       6238   stm32f1xx_it.o
      2528          0          0          0          0      15747   stm32f1xx_ll_usb.o
         2          0         24          4          0       1059   system_stm32f1xx.o
       760         54          0          0        216       3830   tim.o
       120         18          0          0          0       1266   tim_1.o
       236         28          0          0        140       1705   usart.o
        64         12          0          0        708        740   usb_device.o
       404         40          0          5        320       3651   usb_hid.o
       538         30          0          0        748      13181   usbd_conf.o
       670          0          0          0          0       9183   usbd_core.o
      1186         28          0          1          0       7736   usbd_ctlreq.o
       288        104          0         78        512       5721   usbd_desc.o
       370         20          0        262          0       7537   usbd_hid.o
       102          0          0          0          0       3532   usbd_ioreq.o

    ----------------------------------------------------------------------
     25312       1342        354        560       4804     697992   Object Totals
         0          0         32          0          0          0   (incl. Generated)
        48          0          9         11          0          0   (incl. Padding)

    ----------------------------------------------------------------------

      Code (inc. data)   RO Data    RW Data    ZI Data      Debug   Library Member Name

        90          0          0          0          0          0   __dczerorl2.o
         8          0          0          0          0         68   __main.o
         0          0          0          0          0          0   __rtentry.o
        12          0          0          0          0          0   __rtentry2.o
         6          0          0          0          0          0   __rtentry4.o
        52          8          0          0          0          0   __scatter.o
        28          0          0          0          0          0   __scatter_zi.o
        22          0          0          0          0        100   _rserrno.o
        18          0          0          0          0         80   exit.o
         6          0          0          0          0        152   heapauxi.o
         0          0          0          0          0          0   indicate_semi.o
         2          0          0          0          0          0   libinit.o
         2          0          0          0          0          0   libinit2.o
         2          0          0          0          0          0   libshutdown.o
         2          0          0          0          0          0   libshutdown2.o
         8          4          0          0         96         68   libspace.o
         8          4          0          0          0         68   rt_errno_addr_intlibspace.o
        78          0          0          0          0         80   rt_memclr_w.o
       138          0          0          0          0         68   rt_memcpy_v6.o
       100          0          0          0          0         80   rt_memcpy_w.o
         2          0          0          0          0          0   rtexit.o
        10          0          0          0          0          0   rtexit2.o
        12          4          0          0          0         68   sys_exit.o
        74          0          0          0          0         80   sys_stackheap_outer.o
         2          0          0          0          0         68   use_no_semi.o
        98          4          0          0          0         92   d2f.o
       826         16          0          0          0        348   daddsub_clz.o
        16          4          0          0          0         68   dcheck1.o
       688        140          0          0          0        208   ddiv.o
        94          4          0          0          0         92   dfix.o
        84          0          0          0          0        136   dflt_clz.o
       340         12          0          0          0        104   dmul.o
       156          4          0          0          0         92   dnaninf.o
        12          0          0          0          0         68   dretinf.o
       460         56          0          0          0        120   dsqrt_noumaal.o
        86          4          0          0          0         84   f2d.o
       450          8          0          0          0        236   faddsub_clz.o
        12          4          0          0          0         68   fcheck1.o
       388         76          0          0          0         96   fdiv.o
        54          4          0          0          0         84   ffix.o
        86          0          0          0          0        136   fflt_clz.o
       258          4          0          0          0         84   fmul.o
       140          4          0          0          0         84   fnaninf.o
        10          0          0          0          0         68   fretinf.o
       100          0          0          0          0         68   retnan.o
        92          0          0          0          0         68   scalbn.o
        76          0          0          0          0         68   scalbnf.o
        48          0          0          0          0         68   trapv.o
         0          0          0          0          0          0   usenofp.o
       624         52         80          0          0        168   asin.o
       544         70        152          0          0        124   atan.o
       384         38          0          0          0        144   atan2.o
        38          6          0          0          0        272   dunder.o
        40          0          0          0          0         68   fpclassify.o
       170          0          0          0          0         96   poly.o
         0          0          8          0          0          0   qnan.o
        76          0          0          0          0         84   sqrt.o

    ----------------------------------------------------------------------
      7150        530        240          0        100       4476   Library Totals
        18          0          0          0          4          0   (incl. Padding)

    ----------------------------------------------------------------------

      Code (inc. data)   RO Data    RW Data    ZI Data      Debug   Library Name

       682         20          0          0         96        980   c_w.l
      4574        344          0          0          0       2540   fz_ws.l
      1876        166        240          0          0        956   m_ws.l

    ----------------------------------------------------------------------
      7150        530        240          0        100       4476   Library Totals

    ----------------------------------------------------------------------

==============================================================================


      Code (inc. data)   RO Data    RW Data    ZI Data      Debug   

     32462       1872        594        560       4904     687176   Grand Totals
     32462       1872        594        280       4904     687176   ELF Image Totals (compressed)
     32462       1872        594        280          0          0   ROM Totals

==============================================================================

    Total RO  Size (Code + RO Data)                33056 (  32.28kB)
    Total RW  Size (RW Data + ZI Data)              5464 (   5.34kB)
    Total ROM Size (Code + RO Data + RW Data)      33336 (  32.55kB)

==============================================================================

