Component: ARM Compiler 5.06 update 5 (build 528) Tool: armlink [4d35e2]

==============================================================================

Section Cross References

    startup_stm32f103xb.o(STACK) refers (Special) to heapauxi.o(.text) for __use_two_region_memory
    startup_stm32f103xb.o(HEAP) refers (Special) to heapauxi.o(.text) for __use_two_region_memory
    startup_stm32f103xb.o(RESET) refers (Special) to heapauxi.o(.text) for __use_two_region_memory
    startup_stm32f103xb.o(RESET) refers to startup_stm32f103xb.o(STACK) for __initial_sp
    startup_stm32f103xb.o(RESET) refers to startup_stm32f103xb.o(.text) for Reset_Handler
    startup_stm32f103xb.o(RESET) refers to stm32f1xx_it.o(i.NMI_Handler) for NMI_Handler
    startup_stm32f103xb.o(RESET) refers to stm32f1xx_it.o(i.HardFault_Handler) for HardFault_Handler
    startup_stm32f103xb.o(RESET) refers to stm32f1xx_it.o(i.MemManage_Handler) for MemManage_Handler
    startup_stm32f103xb.o(RESET) refers to stm32f1xx_it.o(i.BusFault_Handler) for BusFault_Handler
    startup_stm32f103xb.o(RESET) refers to stm32f1xx_it.o(i.UsageFault_Handler) for UsageFault_Handler
    startup_stm32f103xb.o(RESET) refers to stm32f1xx_it.o(i.SVC_Handler) for SVC_Handler
    startup_stm32f103xb.o(RESET) refers to stm32f1xx_it.o(i.DebugMon_Handler) for DebugMon_Handler
    startup_stm32f103xb.o(RESET) refers to stm32f1xx_it.o(i.PendSV_Handler) for PendSV_Handler
    startup_stm32f103xb.o(RESET) refers to stm32f1xx_it.o(i.SysTick_Handler) for SysTick_Handler
    startup_stm32f103xb.o(RESET) refers to stm32f1xx_it.o(i.DMA1_Channel1_IRQHandler) for DMA1_Channel1_IRQHandler
    startup_stm32f103xb.o(RESET) refers to stm32f1xx_it.o(i.DMA1_Channel4_IRQHandler) for DMA1_Channel4_IRQHandler
    startup_stm32f103xb.o(RESET) refers to stm32f1xx_it.o(i.USB_HP_CAN1_TX_IRQHandler) for USB_HP_CAN1_TX_IRQHandler
    startup_stm32f103xb.o(RESET) refers to stm32f1xx_it.o(i.USB_LP_CAN1_RX0_IRQHandler) for USB_LP_CAN1_RX0_IRQHandler
    startup_stm32f103xb.o(RESET) refers to stm32f1xx_it.o(i.TIM1_UP_IRQHandler) for TIM1_UP_IRQHandler
    startup_stm32f103xb.o(RESET) refers to stm32f1xx_it.o(i.USART1_IRQHandler) for USART1_IRQHandler
    startup_stm32f103xb.o(.text) refers (Special) to heapauxi.o(.text) for __use_two_region_memory
    startup_stm32f103xb.o(.text) refers to system_stm32f1xx.o(i.SystemInit) for SystemInit
    startup_stm32f103xb.o(.text) refers to __main.o(!!!main) for __main
    startup_stm32f103xb.o(.text) refers to startup_stm32f103xb.o(HEAP) for Heap_Mem
    startup_stm32f103xb.o(.text) refers to startup_stm32f103xb.o(STACK) for Stack_Mem
    main.o(i.HAL_TIM_PeriodElapsedCallback) refers to main.o(i.RUN) for RUN
    main.o(i.RUN) refers to flow.o(i.flow_data_sins) for flow_data_sins
    main.o(i.RUN) refers to control.o(i.FlowPidControl) for FlowPidControl
    main.o(i.RUN) refers to mpu6050.o(i.MpuGetData) for MpuGetData
    main.o(i.RUN) refers to imu.o(i.GetAngle) for GetAngle
    main.o(i.RUN) refers to remote.o(i.RC_Analy) for RC_Analy
    main.o(i.RUN) refers to control.o(i.FlightPidControl) for FlightPidControl
    main.o(i.RUN) refers to control.o(i.MotorControl) for MotorControl
    main.o(i.RUN) refers to flow.o(i.flow_get_data) for flow_get_data
    main.o(i.RUN) refers to control.o(i.HeightPidControl) for HeightPidControl
    main.o(i.RUN) refers to main.o(.data) for .data
    main.o(i.RUN) refers to init.o(.bss) for Angle
    main.o(i.RUN) refers to init.o(.bss) for MPU6050
    main.o(i.RUN) refers to control.o(.data) for VL53L01_high
    main.o(i.SystemClock_Config) refers to rt_memclr_w.o(.text) for __aeabi_memclr4
    main.o(i.SystemClock_Config) refers to stm32f1xx_hal_rcc.o(i.HAL_RCC_OscConfig) for HAL_RCC_OscConfig
    main.o(i.SystemClock_Config) refers to stm32f1xx_hal_rcc.o(i.HAL_RCC_ClockConfig) for HAL_RCC_ClockConfig
    main.o(i.SystemClock_Config) refers to stm32f1xx_hal_rcc_ex.o(i.HAL_RCCEx_PeriphCLKConfig) for HAL_RCCEx_PeriphCLKConfig
    main.o(i.main) refers to stm32f1xx_hal.o(i.HAL_Init) for HAL_Init
    main.o(i.main) refers to stm32f1xx_hal_cortex.o(i.HAL_NVIC_SetPriorityGrouping) for HAL_NVIC_SetPriorityGrouping
    main.o(i.main) refers to stm32f1xx_hal_cortex.o(i.HAL_NVIC_SetPriority) for HAL_NVIC_SetPriority
    main.o(i.main) refers to main.o(i.SystemClock_Config) for SystemClock_Config
    main.o(i.main) refers to gpio.o(i.MX_GPIO_Init) for MX_GPIO_Init
    main.o(i.main) refers to dma.o(i.MX_DMA_Init) for MX_DMA_Init
    main.o(i.main) refers to tim.o(i.MX_TIM1_Init) for MX_TIM1_Init
    main.o(i.main) refers to tim.o(i.MX_TIM2_Init) for MX_TIM2_Init
    main.o(i.main) refers to tim.o(i.MX_TIM3_Init) for MX_TIM3_Init
    main.o(i.main) refers to usart.o(i.MX_USART1_UART_Init) for MX_USART1_UART_Init
    main.o(i.main) refers to usb_device.o(i.MX_USB_DEVICE_Init) for MX_USB_DEVICE_Init
    main.o(i.main) refers to adc.o(i.MX_ADC1_Init) for MX_ADC1_Init
[...]
    HAL_PCD_EP_Open                          0x08002347   Thumb Code    88  stm32f1xx_hal_pcd.o(i.HAL_PCD_EP_Open)
    HAL_PCD_EP_Receive                       0x0800239f   Thumb Code    46  stm32f1xx_hal_pcd.o(i.HAL_PCD_EP_Receive)
    HAL_PCD_EP_SetStall                      0x080023cd   Thumb Code   112  stm32f1xx_hal_pcd.o(i.HAL_PCD_EP_SetStall)
    HAL_PCD_EP_Transmit                      0x0800243d   Thumb Code    46  stm32f1xx_hal_pcd.o(i.HAL_PCD_EP_Transmit)
    HAL_PCD_IRQHandler                       0x0800246d   Thumb Code   308  stm32f1xx_hal_pcd.o(i.HAL_PCD_IRQHandler)
    HAL_PCD_Init                             0x080025a1   Thumb Code   186  stm32f1xx_hal_pcd.o(i.HAL_PCD_Init)
    HAL_PCD_MspInit                          0x0800265d   Thumb Code    66  usbd_conf.o(i.HAL_PCD_MspInit)
    HAL_PCD_ResetCallback                    0x080026a9   Thumb Code    38  usbd_conf.o(i.HAL_PCD_ResetCallback)
    HAL_PCD_ResumeCallback                   0x080026cf   Thumb Code     8  usbd_conf.o(i.HAL_PCD_ResumeCallback)
    HAL_PCD_SOFCallback                      0x080026d7   Thumb Code     8  usbd_conf.o(i.HAL_PCD_SOFCallback)
    HAL_PCD_SetAddress                       0x080026df   Thumb Code    38  stm32f1xx_hal_pcd.o(i.HAL_PCD_SetAddress)
    HAL_PCD_SetupStageCallback               0x08002705   Thumb Code    14  usbd_conf.o(i.HAL_PCD_SetupStageCallback)
    HAL_PCD_Start                            0x08002713   Thumb Code    50  stm32f1xx_hal_pcd.o(i.HAL_PCD_Start)
    HAL_PCD_SuspendCallback                  0x08002745   Thumb Code    30  usbd_conf.o(i.HAL_PCD_SuspendCallback)
    HAL_RCCEx_GetPeriphCLKFreq               0x08002769   Thumb Code   148  stm32f1xx_hal_rcc_ex.o(i.HAL_RCCEx_GetPeriphCLKFreq)
    HAL_RCCEx_PeriphCLKConfig                0x0800280d   Thumb Code   224  stm32f1xx_hal_rcc_ex.o(i.HAL_RCCEx_PeriphCLKConfig)
    HAL_RCC_ClockConfig                      0x080028f9   Thumb Code   280  stm32f1xx_hal_rcc.o(i.HAL_RCC_ClockConfig)
    HAL_RCC_GetPCLK1Freq                     0x08002a25   Thumb Code    20  stm32f1xx_hal_rcc.o(i.HAL_RCC_GetPCLK1Freq)
    HAL_RCC_GetPCLK2Freq                     0x08002a45   Thumb Code    20  stm32f1xx_hal_rcc.o(i.HAL_RCC_GetPCLK2Freq)
    HAL_RCC_GetSysClockFreq                  0x08002a65   Thumb Code    58  stm32f1xx_hal_rcc.o(i.HAL_RCC_GetSysClockFreq)
    HAL_RCC_OscConfig                        0x08002ab1   Thumb Code   778  stm32f1xx_hal_rcc.o(i.HAL_RCC_OscConfig)
    HAL_SYSTICK_Config                       0x08002dd1   Thumb Code    40  stm32f1xx_hal_cortex.o(i.HAL_SYSTICK_Config)
    HAL_TIMEx_BreakCallback                  0x08002df9   Thumb Code     2  stm32f1xx_hal_tim_ex.o(i.HAL_TIMEx_BreakCallback)
    HAL_TIMEx_CommutCallback                 0x08002dfb   Thumb Code     2  stm32f1xx_hal_tim_ex.o(i.HAL_TIMEx_CommutCallback)
    HAL_TIMEx_MasterConfigSynchronization    0x08002dfd   Thumb Code    92  stm32f1xx_hal_tim_ex.o(i.HAL_TIMEx_MasterConfigSynchronization)
    HAL_TIM_Base_Init                        0x08002e65   Thumb Code    90  stm32f1xx_hal_tim.o(i.HAL_TIM_Base_Init)
    HAL_TIM_Base_MspInit                     0x08002ec1   Thumb Code    94  tim.o(i.HAL_TIM_Base_MspInit)
    HAL_TIM_Base_Start_IT                    0x08002f2d   Thumb Code    76  stm32f1xx_hal_tim.o(i.HAL_TIM_Base_Start_IT)
    HAL_TIM_ConfigClockSource                0x08002f85   Thumb Code   220  stm32f1xx_hal_tim.o(i.HAL_TIM_ConfigClockSource)
    HAL_TIM_IC_CaptureCallback               0x08003061   Thumb Code     2  stm32f1xx_hal_tim.o(i.HAL_TIM_IC_CaptureCallback)
    HAL_TIM_IRQHandler                       0x08003063   Thumb Code   304  stm32f1xx_hal_tim.o(i.HAL_TIM_IRQHandler)
    HAL_TIM_MspPostInit                      0x08003195   Thumb Code   128  tim.o(i.HAL_TIM_MspPostInit)
    HAL_TIM_OC_DelayElapsedCallback          0x08003225   Thumb Code     2  stm32f1xx_hal_tim.o(i.HAL_TIM_OC_DelayElapsedCallback)
    HAL_TIM_PWM_ConfigChannel                0x08003227   Thumb Code   204  stm32f1xx_hal_tim.o(i.HAL_TIM_PWM_ConfigChannel)
    HAL_TIM_PWM_Init                         0x080032f3   Thumb Code    90  stm32f1xx_hal_tim.o(i.HAL_TIM_PWM_Init)
    HAL_TIM_PWM_MspInit                      0x0800334d   Thumb Code     2  stm32f1xx_hal_tim.o(i.HAL_TIM_PWM_MspInit)
    HAL_TIM_PWM_PulseFinishedCallback        0x0800334f   Thumb Code     2  stm32f1xx_hal_tim.o(i.HAL_TIM_PWM_PulseFinishedCallback)
    HAL_TIM_PWM_Start                        0x08003351   Thumb Code   144  stm32f1xx_hal_tim.o(i.HAL_TIM_PWM_Start)
    HAL_TIM_PeriodElapsedCallback            0x080033ed   Thumb Code    14  main.o(i.HAL_TIM_PeriodElapsedCallback)
    HAL_TIM_TriggerCallback                  0x08003401   Thumb Code     2  stm32f1xx_hal_tim.o(i.HAL_TIM_TriggerCallback)
    HAL_UARTEx_RxEventCallback               0x08003403   Thumb Code     2  stm32f1xx_hal_uart.o(i.HAL_UARTEx_RxEventCallback)
    HAL_UART_ErrorCallback                   0x08003405   Thumb Code     2  stm32f1xx_hal_uart.o(i.HAL_UART_ErrorCallback)
    HAL_UART_IRQHandler                      0x08003409   Thumb Code   616  stm32f1xx_hal_uart.o(i.HAL_UART_IRQHandler)
    HAL_UART_Init                            0x08003675   Thumb Code   100  stm32f1xx_hal_uart.o(i.HAL_UART_Init)
    HAL_UART_MspInit                         0x080036d9   Thumb Code   160  usart.o(i.HAL_UART_MspInit)
    HAL_UART_RxCpltCallback                  0x0800378d   Thumb Code     2  stm32f1xx_hal_uart.o(i.HAL_UART_RxCpltCallback)
    HAL_UART_TxCpltCallback                  0x0800378f   Thumb Code     2  stm32f1xx_hal_uart.o(i.HAL_UART_TxCpltCallback)
    HardFault_Handler                        0x08003791   Thumb Code     2  stm32f1xx_it.o(i.HardFault_Handler)
    HeightPidControl                         0x08003795   Thumb Code   544  control.o(i.HeightPidControl)
    I2c_delay                                0x08003b61   Thumb Code    26  iic_software.o(i.I2c_delay)
    IIC_Init                                 0x08003b7d   Thumb Code    14  iic_software.o(i.IIC_Init)
    IIC_Read_One_Byte                        0x08003b91   Thumb Code    88  iic_software.o(i.IIC_Read_One_Byte)
    IIC_Write_One_Byte                       0x08003be9   Thumb Code    66  iic_software.o(i.IIC_Write_One_Byte)
    IIC_read_Bytes                           0x08003c2d   Thumb Code   164  iic_software.o(i.IIC_read_Bytes)
    MX_ADC1_Init                             0x08003d0d   Thumb Code    70  adc.o(i.MX_ADC1_Init)
    MX_DMA_Init                              0x08003d5d   Thumb Code    56  dma.o(i.MX_DMA_Init)
    MX_GPIO_Init                             0x08003d99   Thumb Code   182  gpio.o(i.MX_GPIO_Init)
    MX_TIM1_Init                             0x08003e5d   Thumb Code    98  tim.o(i.MX_TIM1_Init)
    MX_TIM2_Init                             0x08003ec9   Thumb Code   194  tim.o(i.MX_TIM2_Init)
    MX_TIM3_Init                             0x08003f91   Thumb Code   192  tim.o(i.MX_TIM3_Init)
    MX_USART1_UART_Init                      0x08004059   Thumb Code    48  usart.o(i.MX_USART1_UART_Init)
    MX_USB_DEVICE_Init                       0x08004091   Thumb Code    52  usb_device.o(i.MX_USB_DEVICE_Init)
    MemManage_Handler                        0x080040d1   Thumb Code     2  stm32f1xx_it.o(i.MemManage_Handler)
    MotorControl                             0x080040d5   Thumb Code   644  control.o(i.MotorControl)
    MpuGetData                               0x08004389   Thumb Code   188  mpu6050.o(i.MpuGetData)
    MpuInit                                  0x08004455   Thumb Code   122  mpu6050.o(i.MpuInit)
    NMI_Handler                              0x080044d5   Thumb Code     2  stm32f1xx_it.o(i.NMI_Handler)
    NRF24L01_Check                           0x080044d9   Thumb Code    64  nrf24l01.o(i.NRF24L01_Check)
    NRF24L01_Configuration                   0x08004521   Thumb Code    26  nrf24l01.o(i.NRF24L01_Configuration)
    NRF24L01_Read_Buf                        0x08004541   Thumb Code    56  nrf24l01.o(i.NRF24L01_Read_Buf)
    NRF24L01_Read_Reg                        0x0800457d   Thumb Code    28  nrf24l01.o(i.NRF24L01_Read_Reg)
    NRF24L01_RxPacket                        0x0800459d   Thumb Code    50  nrf24l01.o(i.NRF24L01_RxPacket)
    NRF24L01_Write_Buf                       0x080045d1   Thumb Code    56  nrf24l01.o(i.NRF24L01_Write_Buf)
    NRF24L01_Write_Reg                       0x0800460d   Thumb Code    34  nrf24l01.o(i.NRF24L01_Write_Reg)
    NRF24L01_init                            0x08004635   Thumb Code    22  nrf24l01.o(i.NRF24L01_init)
    PendSV_Handler                           0x080049f1   Thumb Code     2  stm32f1xx_it.o(i.PendSV_Handler)
    PilotLED                                 0x080049f5   Thumb Code   122  led.o(i.PilotLED)
    Q_rsqrt                                  0x08004a7d   Thumb Code    50  mymath.o(i.Q_rsqrt)
    RC_Analy                                 0x08004ab5   Thumb Code   464  remote.o(i.RC_Analy)
    RUN                                      0x08004ca5   Thumb Code   106  main.o(i.RUN)
    RX_Mode                                  0x08004d2d   Thumb Code    76  nrf24l01.o(i.RX_Mode)
    SPI_Config                               0x08004d81   Thumb Code    16  spi.o(i.SPI_Config)
    SPI_RW                                   0x08004d95   Thumb Code    72  spi.o(i.SPI_RW)
    SVC_Handler                              0x08004de1   Thumb Code     2  stm32f1xx_it.o(i.SVC_Handler)
    SysTick_Handler                          0x08004de3   Thumb Code     4  stm32f1xx_it.o(i.SysTick_Handler)
    SystemClock_Config                       0x08004de7   Thumb Code   124  main.o(i.SystemClock_Config)
    SystemInit                               0x08004e63   Thumb Code     2  system_stm32f1xx.o(i.SystemInit)
    TIM1_Config                              0x08004e65   Thumb Code     6  tim_1.o(i.TIM1_Config)
    TIM1_UP_IRQHandler                       0x08004e71   Thumb Code     6  stm32f1xx_it.o(i.TIM1_UP_IRQHandler)
    TIM2_PWM_Config                          0x08004e7d   Thumb Code    38  tim_1.o(i.TIM2_PWM_Config)
    TIM3_PWM_Config                          0x08004ea9   Thumb Code    58  tim_1.o(i.TIM3_PWM_Config)
    TIM_Base_SetConfig                       0x08004ee9   Thumb Code   108  stm32f1xx_hal_tim.o(i.TIM_Base_SetConfig)
    TIM_CCxChannelCmd                        0x08004f61   Thumb Code    26  stm32f1xx_hal_tim.o(i.TIM_CCxChannelCmd)
    TIM_ETR_SetConfig                        0x08004f7b   Thumb Code    20  stm32f1xx_hal_tim.o(i.TIM_ETR_SetConfig)
    TIM_OC2_SetConfig                        0x08004ff1   Thumb Code    84  stm32f1xx_hal_tim.o(i.TIM_OC2_SetConfig)
    USART1_IRQHandler                        0x08005305   Thumb Code     6  stm32f1xx_it.o(i.USART1_IRQHandler)
    USBD_ClrClassConfig                      0x08005311   Thumb Code    14  usbd_core.o(i.USBD_ClrClassConfig)
    USBD_CtlContinueRx                       0x0800531f   Thumb Code    16  usbd_ioreq.o(i.USBD_CtlContinueRx)
    USBD_CtlContinueSendData                 0x0800532f   Thumb Code    16  usbd_ioreq.o(i.USBD_CtlContinueSendData)
    USBD_CtlError                            0x0800533f   Thumb Code    22  usbd_ctlreq.o(i.USBD_CtlError)
    USBD_CtlReceiveStatus                    0x08005355   Thumb Code    22  usbd_ioreq.o(i.USBD_CtlReceiveStatus)
    USBD_CtlSendData                         0x0800536b   Thumb Code    26  usbd_ioreq.o(i.USBD_CtlSendData)
    USBD_CtlSendStatus                       0x08005385   Thumb Code    22  usbd_ioreq.o(i.USBD_CtlSendStatus)
    USBD_FS_ConfigStrDescriptor              0x0800539d   Thumb Code    16  usbd_desc.o(i.USBD_FS_ConfigStrDescriptor)
    USBD_FS_DeviceDescriptor                 0x080053bd   Thumb Code     8  usbd_desc.o(i.USBD_FS_DeviceDescriptor)
    USBD_FS_InterfaceStrDescriptor           0x080053c9   Thumb Code    16  usbd_desc.o(i.USBD_FS_InterfaceStrDescriptor)
    USBD_FS_LangIDStrDescriptor              0x080053ed   Thumb Code     8  usbd_desc.o(i.USBD_FS_LangIDStrDescriptor)
    USBD_FS_ManufacturerStrDescriptor        0x080053f9   Thumb Code    16  usbd_desc.o(i.USBD_FS_ManufacturerStrDescriptor)
    USBD_FS_ProductStrDescriptor             0x08005421   Thumb Code    16  usbd_desc.o(i.USBD_FS_ProductStrDescriptor)
    USBD_FS_SerialStrDescriptor              0x0800544d   Thumb Code    48  usbd_desc.o(i.USBD_FS_SerialStrDescriptor)
    USBD_GetString                           0x0800556d   Thumb Code    72  usbd_ctlreq.o(i.USBD_GetString)
    USBD_HID_SendReport                      0x08005653   Thumb Code    36  usbd_hid.o(i.USBD_HID_SendReport)
    USBD_Init                                0x08005741   Thumb Code    42  usbd_core.o(i.USBD_Init)
    USBD_LL_ClearStallEP                     0x0800576b   Thumb Code    18  usbd_conf.o(i.USBD_LL_ClearStallEP)
    USBD_LL_CloseEP                          0x0800577d   Thumb Code    18  usbd_conf.o(i.USBD_LL_CloseEP)
    USBD_LL_DataInStage                      0x0800578f   Thumb Code   198  usbd_core.o(i.USBD_LL_DataInStage)
    USBD_LL_DataOutStage                     0x08005855   Thumb Code   130  usbd_core.o(i.USBD_LL_DataOutStage)
    USBD_LL_Init                             0x080058d9   Thumb Code    94  usbd_conf.o(i.USBD_LL_Init)
    USBD_LL_IsStallEP                        0x08005941   Thumb Code    30  usbd_conf.o(i.USBD_LL_IsStallEP)
    USBD_LL_OpenEP                           0x0800595f   Thumb Code    24  usbd_conf.o(i.USBD_LL_OpenEP)
    USBD_LL_PrepareReceive                   0x08005977   Thumb Code    18  usbd_conf.o(i.USBD_LL_PrepareReceive)
    USBD_LL_Reset                            0x08005989   Thumb Code    80  usbd_core.o(i.USBD_LL_Reset)
    USBD_LL_Resume                           0x080059d9   Thumb Code    20  usbd_core.o(i.USBD_LL_Resume)
    USBD_LL_SOF                              0x080059ed   Thumb Code    24  usbd_core.o(i.USBD_LL_SOF)
    USBD_LL_SetSpeed                         0x08005a05   Thumb Code     6  usbd_core.o(i.USBD_LL_SetSpeed)
    USBD_LL_SetUSBAddress                    0x08005a0b   Thumb Code    18  usbd_conf.o(i.USBD_LL_SetUSBAddress)
    USBD_LL_SetupStage                       0x08005a1d   Thumb Code    90  usbd_core.o(i.USBD_LL_SetupStage)
    USBD_LL_StallEP                          0x08005a77   Thumb Code    18  usbd_conf.o(i.USBD_LL_StallEP)
    USBD_LL_Start                            0x08005a89   Thumb Code    18  usbd_conf.o(i.USBD_LL_Start)
    USBD_LL_Suspend                          0x08005a9b   Thumb Code    18  usbd_core.o(i.USBD_LL_Suspend)
    USBD_LL_Transmit                         0x08005aad   Thumb Code    18  usbd_conf.o(i.USBD_LL_Transmit)
    USBD_ParseSetupRequest                   0x08005abf   Thumb Code    40  usbd_ctlreq.o(i.USBD_ParseSetupRequest)
    USBD_RegisterClass                       0x08005ae7   Thumb Code    16  usbd_core.o(i.USBD_RegisterClass)
    USBD_SetClassConfig                      0x08005af7   Thumb Code    22  usbd_core.o(i.USBD_SetClassConfig)
    USBD_Start                               0x08005b91   Thumb Code    10  usbd_core.o(i.USBD_Start)
    USBD_StdDevReq                           0x08005b9b   Thumb Code   274  usbd_ctlreq.o(i.USBD_StdDevReq)
    USBD_StdEPReq                            0x08005cad   Thumb Code   336  usbd_ctlreq.o(i.USBD_StdEPReq)
    USBD_StdItfReq                           0x08005dfd   Thumb Code    78  usbd_ctlreq.o(i.USBD_StdItfReq)
    USBD_static_free                         0x08005e4b   Thumb Code     2  usbd_conf.o(i.USBD_static_free)
    USBD_static_malloc                       0x08005e4d   Thumb Code     4  usbd_conf.o(i.USBD_static_malloc)
    USB_ActivateEndpoint                     0x08005e55   Thumb Code   668  stm32f1xx_ll_usb.o(i.USB_ActivateEndpoint)
    USB_CoreInit                             0x080060f1   Thumb Code     4  stm32f1xx_ll_usb.o(i.USB_CoreInit)
    USB_DeactivateEndpoint                   0x080060f5   Thumb Code   270  stm32f1xx_ll_usb.o(i.USB_DeactivateEndpoint)
    USB_DevConnect                           0x08006203   Thumb Code     4  stm32f1xx_ll_usb.o(i.USB_DevConnect)
    USB_DevDisconnect                        0x08006207   Thumb Code     4  stm32f1xx_ll_usb.o(i.USB_DevDisconnect)
    USB_DevInit                              0x0800620b   Thumb Code    18  stm32f1xx_ll_usb.o(i.USB_DevInit)
    USB_DisableGlobalInt                     0x0800621d   Thumb Code    14  stm32f1xx_ll_usb.o(i.USB_DisableGlobalInt)
    USB_EP0_OutStart                         0x0800622b   Thumb Code     4  stm32f1xx_ll_usb.o(i.USB_EP0_OutStart)
    USB_EPClearStall                         0x0800622f   Thumb Code   120  stm32f1xx_ll_usb.o(i.USB_EPClearStall)
    USB_EPSetStall                           0x080062a7   Thumb Code    50  stm32f1xx_ll_usb.o(i.USB_EPSetStall)
    USB_EPStartXfer                          0x080062d9   Thumb Code  1250  stm32f1xx_ll_usb.o(i.USB_EPStartXfer)
    USB_EnableGlobalInt                      0x080067bb   Thumb Code    18  stm32f1xx_ll_usb.o(i.USB_EnableGlobalInt)
    USB_HID_Init                             0x080067cd   Thumb Code    14  usb_hid.o(i.USB_HID_Init)
    USB_HP_CAN1_TX_IRQHandler                0x080067e1   Thumb Code     6  stm32f1xx_it.o(i.USB_HP_CAN1_TX_IRQHandler)
    USB_LP_CAN1_RX0_IRQHandler               0x080067ed   Thumb Code     6  stm32f1xx_it.o(i.USB_LP_CAN1_RX0_IRQHandler)
    USB_ReadInterrupts                       0x080067f9   Thumb Code     6  stm32f1xx_ll_usb.o(i.USB_ReadInterrupts)
    USB_ReadPMA                              0x08006801   Thumb Code    44  stm32f1xx_ll_usb.o(i.USB_ReadPMA)
    USB_SetCurrentMode                       0x0800682d   Thumb Code     4  stm32f1xx_ll_usb.o(i.USB_SetCurrentMode)
    USB_SetDevAddress                        0x08006831   Thumb Code    12  stm32f1xx_ll_usb.o(i.USB_SetDevAddress)
    USB_WritePMA                             0x0800683d   Thumb Code    38  stm32f1xx_ll_usb.o(i.USB_WritePMA)
    UsageFault_Handler                       0x08006863   Thumb Code     2  stm32f1xx_it.o(i.UsageFault_Handler)
    Usb_Hid_Adddata                          0x08006865   Thumb Code    30  usb_hid.o(i.Usb_Hid_Adddata)
    Usb_Hid_Receive                          0x0800688d   Thumb Code    96  usb_hid.o(i.Usb_Hid_Receive)
    Usb_Hid_Send                             0x080068f9   Thumb Code   224  usb_hid.o(i.Usb_Hid_Send)
    __ARM_fpclassify                         0x080069e5   Thumb Code    40  fpclassify.o(i.__ARM_fpclassify)
    __ARM_fpclassifyf                        0x08006a0d   Thumb Code    38  fpclassifyf.o(i.__ARM_fpclassifyf)
    __kernel_poly                            0x08006a53   Thumb Code   170  poly.o(i.__kernel_poly)
    __mathlib_dbl_infnan                     0x08006afd   Thumb Code     6  dunder.o(i.__mathlib_dbl_infnan)
    __mathlib_dbl_infnan2                    0x08006b03   Thumb Code     4  dunder.o(i.__mathlib_dbl_infnan2)
    __mathlib_dbl_invalid                    0x08006b07   Thumb Code    12  dunder.o(i.__mathlib_dbl_invalid)
    __mathlib_dbl_underflow                  0x08006b15   Thumb Code    10  dunder.o(i.__mathlib_dbl_underflow)
    __mathlib_flt_infnan                     0x08006b25   Thumb Code     6  funder.o(i.__mathlib_flt_infnan)
    __mathlib_flt_invalid                    0x08006b2b   Thumb Code     8  funder.o(i.__mathlib_flt_invalid)
    __mathlib_flt_underflow                  0x08006b33   Thumb Code    10  funder.o(i.__mathlib_flt_underflow)
    __mathlib_rredf2                         0x08006b3d   Thumb Code   344  rredf.o(i.__mathlib_rredf2)
    asin                                     0x08006ca5   Thumb Code   572  asin.o(i.asin)
    atan                                     0x08006f15   Thumb Code   474  atan.o(i.atan)
    atan2                                    0x08007135   Thumb Code   346  atan2.o(i.atan2)
    cycleCounterInit                         0x080072b5   Thumb Code    16  delay.o(i.cycleCounterInit)
    delay_ms                                 0x080072d1   Thumb Code    34  delay.o(i.delay_ms)
    flow_data_sins                           0x080072f5   Thumb Code   460  flow.o(i.flow_data_sins)
    flow_get_data                            0x080074ed   Thumb Code   118  flow.o(i.flow_get_data)
    imu_rest                                 0x08007575   Thumb Code    32  imu.o(i.imu_rest)
    kalman_1                                 0x080075a1   Thumb Code    84  kalman.o(i.kalman_1)
    main                                     0x080075f5   Thumb Code    94  main.o(i.main)
    pidRest                                  0x08007653   Thumb Code    42  pid.o(i.pidRest)
    pidUpdate                                0x0800767d   Thumb Code   158  pid.o(i.pidUpdate)
    pid_param_Init                           0x0800771d   Thumb Code   294  init.o(i.pid_param_Init)
    remote_unlock                            0x08007895   Thumb Code   304  remote.o(i.remote_unlock)
    sqrt                                     0x080079e5   Thumb Code    76  sqrt.o(i.sqrt)
    tanf                                     0x08007a31   Thumb Code   314  tanf.o(i.tanf)
    __aeabi_d2f                              0x08007ba5   Thumb Code     0  d2f.o(x$fpl$d2f)
    _d2f                                     0x08007ba5   Thumb Code    98  d2f.o(x$fpl$d2f)
    __aeabi_dadd                             0x08007c09   Thumb Code     0  daddsub_clz.o(x$fpl$dadd)
    _dadd                                    0x08007c09   Thumb Code   332  daddsub_clz.o(x$fpl$dadd)
    __fpl_dcheck_NaN1                        0x08007d59   Thumb Code    10  dcheck1.o(x$fpl$dcheck1)
    __aeabi_ddiv                             0x08007d69   Thumb Code     0  ddiv.o(x$fpl$ddiv)
    _ddiv                                    0x08007d69   Thumb Code   552  ddiv.o(x$fpl$ddiv)
    __aeabi_d2iz                             0x08008019   Thumb Code     0  dfix.o(x$fpl$dfix)
    _dfix                                    0x08008019   Thumb Code    94  dfix.o(x$fpl$dfix)
    __aeabi_i2d                              0x08008077   Thumb Code     0  dflt_clz.o(x$fpl$dflt)
    _dflt                                    0x08008077   Thumb Code    46  dflt_clz.o(x$fpl$dflt)
    __aeabi_ui2d                             0x080080a5   Thumb Code     0  dflt_clz.o(x$fpl$dfltu)
    _dfltu                                   0x080080a5   Thumb Code    38  dflt_clz.o(x$fpl$dfltu)
    __aeabi_dmul                             0x080080cd   Thumb Code     0  dmul.o(x$fpl$dmul)
    _dmul                                    0x080080cd   Thumb Code   332  dmul.o(x$fpl$dmul)
    __fpl_dnaninf                            0x08008221   Thumb Code   156  dnaninf.o(x$fpl$dnaninf)
    __fpl_dretinf                            0x080082bd   Thumb Code    12  dretinf.o(x$fpl$dretinf)
    __aeabi_drsub                            0x080082c9   Thumb Code     0  daddsub_clz.o(x$fpl$drsb)
    _drsb                                    0x080082c9   Thumb Code    22  daddsub_clz.o(x$fpl$drsb)
    _dsqrt                                   0x080082e1   Thumb Code   456  dsqrt_noumaal.o(x$fpl$dsqrt)
    __aeabi_dsub                             0x080084ad   Thumb Code     0  daddsub_clz.o(x$fpl$dsub)
    _dsub                                    0x080084ad   Thumb Code   464  daddsub_clz.o(x$fpl$dsub)
    __aeabi_f2d                              0x08008681   Thumb Code     0  f2d.o(x$fpl$f2d)
    _f2d                                     0x08008681   Thumb Code    86  f2d.o(x$fpl$f2d)
    __aeabi_fadd                             0x080086d9   Thumb Code     0  faddsub_clz.o(x$fpl$fadd)
    _fadd                                    0x080086d9   Thumb Code   196  faddsub_clz.o(x$fpl$fadd)
    __fpl_fcheck_NaN1                        0x0800879d   Thumb Code     6  fcheck1.o(x$fpl$fcheck1)
    __fpl_fcmp_Inf                           0x080087a9   Thumb Code    24  fcmpi.o(x$fpl$fcmpinf)
    __aeabi_fdiv                             0x080087c1   Thumb Code     0  fdiv.o(x$fpl$fdiv)
    _fdiv                                    0x080087c1   Thumb Code   384  fdiv.o(x$fpl$fdiv)
    __aeabi_f2iz                             0x08008945   Thumb Code     0  ffix.o(x$fpl$ffix)
    _ffix                                    0x08008945   Thumb Code    54  ffix.o(x$fpl$ffix)
    __aeabi_f2uiz                            0x0800897d   Thumb Code     0  ffixu.o(x$fpl$ffixu)
    _ffixu                                   0x0800897d   Thumb Code    62  ffixu.o(x$fpl$ffixu)
    __aeabi_i2f                              0x080089bd   Thumb Code     0  fflt_clz.o(x$fpl$fflt)
    _fflt                                    0x080089bd   Thumb Code    48  fflt_clz.o(x$fpl$fflt)
    __aeabi_ui2f                             0x080089ed   Thumb Code     0  fflt_clz.o(x$fpl$ffltu)
    _ffltu                                   0x080089ed   Thumb Code    38  fflt_clz.o(x$fpl$ffltu)
    __aeabi_cfcmple                          0x08008a15   Thumb Code     0  fleqf.o(x$fpl$fleqf)
    _fcmple                                  0x08008a15   Thumb Code   104  fleqf.o(x$fpl$fleqf)
    __fpl_fcmple_InfNaN                      0x08008a67   Thumb Code     0  fleqf.o(x$fpl$fleqf)
    __aeabi_fmul                             0x08008a7d   Thumb Code     0  fmul.o(x$fpl$fmul)
    _fmul                                    0x08008a7d   Thumb Code   258  fmul.o(x$fpl$fmul)
    __fpl_fnaninf                            0x08008b7f   Thumb Code   140  fnaninf.o(x$fpl$fnaninf)
    __fpl_fretinf                            0x08008c0b   Thumb Code    10  fretinf.o(x$fpl$fretinf)
    __aeabi_cfrcmple                         0x08008c15   Thumb Code     0  frleqf.o(x$fpl$frleqf)
    _frcmple                                 0x08008c15   Thumb Code    98  frleqf.o(x$fpl$frleqf)
    _frnd                                    0x08008c79   Thumb Code    96  frnd.o(x$fpl$frnd)
    __aeabi_frsub                            0x08008cd9   Thumb Code     0  faddsub_clz.o(x$fpl$frsb)
    _frsb                                    0x08008cd9   Thumb Code    20  faddsub_clz.o(x$fpl$frsb)
    __aeabi_fsub                             0x08008ced   Thumb Code     0  faddsub_clz.o(x$fpl$fsub)
    _fsub                                    0x08008ced   Thumb Code   234  faddsub_clz.o(x$fpl$fsub)
    __fpl_return_NaN                         0x08008dd7   Thumb Code   100  retnan.o(x$fpl$retnan)
    __ARM_scalbn                             0x08008e3b   Thumb Code    92  scalbn.o(x$fpl$scalbn)
    __ARM_scalbnf                            0x08008e97   Thumb Code    76  scalbnf.o(x$fpl$scalbnf)
    __fpl_cmpreturn                          0x08008ee3   Thumb Code    48  trapv.o(x$fpl$trapveneer)
    __I$use$fp                               0x08008f12   Number         0  usenofp.o(x$fpl$usenofp)
    AHBPrescTable                            0x08008f36   Data          16  system_stm32f1xx.o(.constdata)
    APBPrescTable                            0x08008f46   Data           8  system_stm32f1xx.o(.constdata)
    RtA                                      0x08008f50   Data           4  mymath.o(.constdata)
    Gyro_G                                   0x08008f54   Data           4  mymath.o(.constdata)
    Gyro_Gr                                  0x08008f58   Data           4  mymath.o(.constdata)
    RX_ADDRESS                               0x08008f5c   Data           5  nrf24l01.o(.constdata)
    __mathlib_zero                           0x08009050   Data           8  qnan.o(.constdata)
    Region$$Table$$Base                      0x08009078   Number         0  anon$$obj.o(Region$$Table)
    Region$$Table$$Limit                     0x08009098   Number         0  anon$$obj.o(Region$$Table)
    uwTickFreq                               0x20000008   Data           1  stm32f1xx_hal.o(.data)
    uwTickPrio                               0x2000000c   Data           4  stm32f1xx_hal.o(.data)
    uwTick                                   0x20000010   Data           4  stm32f1xx_hal.o(.data)
    SystemCoreClock                          0x20000014   Data           4  system_stm32f1xx.o(.data)
    FS_Desc                                  0x20000018   Data          28  usbd_desc.o(.data)
    USBD_LangIDDesc                          0x20000034   Data           4  usbd_desc.o(.data)
    USBD_FS_DeviceDesc                       0x20000038   Data          18  usbd_desc.o(.data)
    USBD_StringSerial                        0x2000004c   Data          26  usbd_desc.o(.data)
    USBD_HID                                 0x20000068   Data          56  usbd_hid.o(.data)
    Remote                                   0x20000174   Data          24  init.o(.data)
    ALL_flag                                 0x2000018c   Data           1  init.o(.data)
    motor_PWM_Value                          0x2000018e   Data           8  init.o(.data)
    Address                                  0x20000198   Data           4  flash.o(.data)
    USB_ReceiveFlg                           0x2000019c   Data           1  usb_hid.o(.data)
    HID_SEND_TIMEOUT                         0x2000019d   Data           1  usb_hid.o(.data)
    hid_datatemp_begin                       0x2000019e   Data           1  usb_hid.o(.data)
    hid_datatemp_end                         0x2000019f   Data           1  usb_hid.o(.data)
    checkPID                                 0x200001a4   Data           2  ano_dt.o(.data)
    set_high                                 0x200001a8   Data           1  control.o(.data)
    thr_hold                                 0x200001b0   Data           2  control.o(.data)
    low_thr_cnt_quiet                        0x200001b4   Data           2  control.o(.data)
    low_thr_cnt                              0x200001b6   Data           2  control.o(.data)
    sins_high                                0x200001b8   Data           4  control.o(.data)
    sins_vel                                 0x200001bc   Data           4  control.o(.data)
    last_high                                0x200001c0   Data           4  control.o(.data)
    last_vel                                 0x200001c4   Data           4  control.o(.data)
    VL53L01_high                             0x200001c8   Data           4  control.o(.data)
    pPidObject                               0x200001cc   Data          48  control.o(.data)
    last_Remote_AUX1                         0x200001fe   Data           2  remote.o(.data)
    roll_offset                              0x20000204   Data           2  remote.o(.data)
    pitch_offset                             0x20000206   Data           2  remote.o(.data)
    NumQ                                     0x20000218   Data          16  imu.o(.data)
    LED                                      0x20000240   Data           4  led.o(.data)
    error_count                              0x20000294   Data           1  flow.o(.data)
    flow_x_vel_lpf_i                         0x20000298   Data           4  flow.o(.data)
    flow_y_vel_lpf_i                         0x2000029c   Data           4  flow.o(.data)
    flow_x_pos_lpf_i                         0x200002a0   Data           4  flow.o(.data)
    flow_y_pos_lpf_i                         0x200002a4   Data           4  flow.o(.data)
    flow_x_lpf_att_i                         0x200002a8   Data           4  flow.o(.data)
    flow_y_lpf_att_i                         0x200002ac   Data           4  flow.o(.data)
    flow_x_att                               0x200002b0   Data           4  flow.o(.data)
    flow_y_att                               0x200002b4   Data           4  flow.o(.data)
    flow_vel_x_i                             0x200002b8   Data           4  flow.o(.data)
    flow_vel_y_i                             0x200002bc   Data           4  flow.o(.data)
    last_flow_pos_x_i                        0x200002c0   Data           4  flow.o(.data)
    last_flow_pos_y_i                        0x200002c4   Data           4  flow.o(.data)
    temp_data                                0x200002c8   Data           6  flow.o(.data)
    hadc1                                    0x200002d0   Data          48  adc.o(.bss)
    hdma_adc1                                0x20000300   Data          68  adc.o(.bss)
    htim1                                    0x20000344   Data          72  tim.o(.bss)
    htim2                                    0x2000038c   Data          72  tim.o(.bss)
    htim3                                    0x200003d4   Data          72  tim.o(.bss)
    huart1                                   0x2000041c   Data          72  usart.o(.bss)
    hdma_usart1_tx                           0x20000464   Data          68  usart.o(.bss)
    hUsbDeviceFS                             0x200004a8   Data         708  usb_device.o(.bss)
    USBD_StrDesc                             0x2000076c   Data         512  usbd_desc.o(.bss)
    hpcd_USB_FS                              0x20000980   Data         728  usbd_conf.o(.bss)
    MPU6050                                  0x20000c58   Data          12  init.o(.bss)
    Angle                                    0x20000c64   Data          12  init.o(.bss)
    pidRateX                                 0x20000c70   Data          52  init.o(.bss)
    pidRateY                                 0x20000ca4   Data          52  init.o(.bss)
    pidRateZ                                 0x20000cd8   Data          52  init.o(.bss)
    pidPitch                                 0x20000d0c   Data          52  init.o(.bss)
    pidRoll                                  0x20000d40   Data          52  init.o(.bss)
    pidYaw                                   0x20000d74   Data          52  init.o(.bss)
    pidHeightRate                            0x20000da8   Data          52  init.o(.bss)
    pidHeightHigh                            0x20000ddc   Data          52  init.o(.bss)
    pidPositionX                             0x20000e10   Data          52  init.o(.bss)
    pidPositionY                             0x20000e44   Data          52  init.o(.bss)
    pidPosRateX                              0x20000e78   Data          52  init.o(.bss)
    pidPosRateY                              0x20000eac   Data          52  init.o(.bss)
    ADC_Value                                0x20000ee0   Data          20  adc_1.o(.bss)
    Hid_RxData                               0x20000ef4   Data          64  usb_hid.o(.bss)
    hid_datatemp                             0x20000f34   Data         256  usb_hid.o(.bss)
    Anto                                     0x2000106a   Data          30  ano_dt.o(.bss)
    RC_rxData                                0x20001088   Data          32  remote.o(.bss)
    GyroIntegError                           0x200010a8   Data          12  imu.o(.bss)
    MpuOffset                                0x200010b4   Data          12  mpu6050.o(.bss)
    flow_data                                0x200010cc   Data          16  flow.o(.bss)
    __libspace_start                         0x200010dc   Data          96  libspace.o(.bss)
    __temporary_stack_top$libspace           0x2000113c   Data           0  libspace.o(.bss)



==============================================================================

Memory Map of the image

  Image Entry point : 0x080000ed

  Load Region LR_IROM1 (Base: 0x08000000, Size: 0x00009368, Max: 0x00010000, ABSOLUTE, COMPRESSED[0x000091d0])

    Execution Region ER_IROM1 (Exec base: 0x08000000, Load base: 0x08000000, Size: 0x00009098, Max: 0x00010000, ABSOLUTE)

    Exec Addr    Load Addr    Size         Type   Attr      Idx    E Section Name        Object

    0x08000000   0x08000000   0x000000ec   Data   RO            3    RESET               startup_stm32f103xb.o
    0x080000ec   0x080000ec   0x00000008   Code   RO         5763  * !!!main             c_w.l(__main.o)
    0x080000f4   0x080000f4   0x00000034   Code   RO         6118    !!!scatter          c_w.l(__scatter.o)
    0x08000128   0x08000128   0x0000005a   Code   RO         6116    !!dczerorl2         c_w.l(__dczerorl2.o)
    0x08000182   0x08000182   0x00000002   PAD
    0x08000184   0x08000184   0x0000001c   Code   RO         6120    !!handler_zi        c_w.l(__scatter_zi.o)
    0x080001a0   0x080001a0   0x00000002   Code   RO         5985    .ARM.Collect$$libinit$$00000000  c_w.l(libinit.o)
    0x080001a2   0x080001a2   0x00000000   Code   RO         5993    .ARM.Collect$$libinit$$00000002  c_w.l(libinit2.o)
    0x080001a2   0x080001a2   0x00000000   Code   RO         5995    .ARM.Collect$$libinit$$00000004  c_w.l(libinit2.o)
    0x080001a2   0x080001a2   0x00000000   Code   RO         5998    .ARM.Collect$$libinit$$0000000A  c_w.l(libinit2.o)
    0x080001a2   0x080001a2   0x00000000   Code   RO         6000    .ARM.Collect$$libinit$$0000000C  c_w.l(libinit2.o)
    0x080001a2   0x080001a2   0x00000000   Code   RO         6002    .ARM.Collect$$libinit$$0000000E  c_w.l(libinit2.o)
    0x080001a2   0x080001a2   0x00000000   Code   RO         6005    .ARM.Collect$$libinit$$00000011  c_w.l(libinit2.o)
    0x080001a2   0x080001a2   0x00000000   Code   RO         6007    .ARM.Collect$$libinit$$00000013  c_w.l(libinit2.o)
    0x080001a2   0x080001a2   0x00000000   Code   RO         6009    .ARM.Collect$$libinit$$00000015  c_w.l(libinit2.o)
    0x080001a2   0x080001a2   0x00000000   Code   RO         6011    .ARM.Collect$$libinit$$00000017  c_w.l(libinit2.o)
    0x080001a2   0x080001a2   0x00000000   Code   RO         6013    .ARM.Collect$$libinit$$00000019  c_w.l(libinit2.o)
    0x080001a2   0x080001a2   0x00000000   Code   RO         6015    .ARM.Collect$$libinit$$0000001B  c_w.l(libinit2.o)
    0x080001a2   0x080001a2   0x00000000   Code   RO         6017    .ARM.Collect$$libinit$$0000001D  c_w.l(libinit2.o)
    0x080001a2   0x080001a2   0x00000000   Code   RO         6019    .ARM.Collect$$libinit$$0000001F  c_w.l(libinit2.o)
    0x080001a2   0x080001a2   0x00000000   Code   RO         6021    .ARM.Collect$$libinit$$00000021  c_w.l(libinit2.o)
    0x080001a2   0x080001a2   0x00000000   Code   RO         6023    .ARM.Collect$$libinit$$00000023  c_w.l(libinit2.o)
    0x080001a2   0x080001a2   0x00000000   Code   RO         6025    .ARM.Collect$$libinit$$00000025  c_w.l(libinit2.o)
    0x080001a2   0x080001a2   0x00000000   Code   RO         6029    .ARM.Collect$$libinit$$0000002C  c_w.l(libinit2.o)
    0x080001a2   0x080001a2   0x00000000   Code   RO         6031    .ARM.Collect$$libinit$$0000002E  c_w.l(libinit2.o)
    0x080001a2   0x080001a2   0x00000000   Code   RO         6033    .ARM.Collect$$libinit$$00000030  c_w.l(libinit2.o)
    0x080001a2   0x080001a2   0x00000000   Code   RO         6035    .ARM.Collect$$libinit$$00000032  c_w.l(libinit2.o)
    0x080001a2   0x080001a2   0x00000002   Code   RO         6036    .ARM.Collect$$libinit$$00000033  c_w.l(libinit2.o)
    0x080001a4   0x080001a4   0x00000002   Code   RO         6056    .ARM.Collect$$libshutdown$$00000000  c_w.l(libshutdown.o)
    0x080001a6   0x080001a6   0x00000000   Code   RO         6069    .ARM.Collect$$libshutdown$$00000002  c_w.l(libshutdown2.o)
    0x080001a6   0x080001a6   0x00000000   Code   RO         6071    .ARM.Collect$$libshutdown$$00000004  c_w.l(libshutdown2.o)
    0x080001a6   0x080001a6   0x00000000   Code   RO         6074    .ARM.Collect$$libshutdown$$00000007  c_w.l(libshutdown2.o)
    0x080001a6   0x080001a6   0x00000000   Code   RO         6077    .ARM.Collect$$libshutdown$$0000000A  c_w.l(libshutdown2.o)
    0x080001a6   0x080001a6   0x00000000   Code   RO         6079    .ARM.Collect$$libshutdown$$0000000C  c_w.l(libshutdown2.o)
    0x080001a6   0x080001a6   0x00000000   Code   RO         6082    .ARM.Collect$$libshutdown$$0000000F  c_w.l(libshutdown2.o)
    0x080001a6   0x080001a6   0x00000002   Code   RO         6083    .ARM.Collect$$libshutdown$$00000010  c_w.l(libshutdown2.o)
    0x080001a8   0x080001a8   0x00000000   Code   RO         5853    .ARM.Collect$$rtentry$$00000000  c_w.l(__rtentry.o)
    0x080001a8   0x080001a8   0x00000000   Code   RO         5944    .ARM.Collect$$rtentry$$00000002  c_w.l(__rtentry2.o)
    0x080001a8   0x080001a8   0x00000006   Code   RO         5956    .ARM.Collect$$rtentry$$00000004  c_w.l(__rtentry4.o)
    0x080001ae   0x080001ae   0x00000000   Code   RO         5946    .ARM.Collect$$rtentry$$00000009  c_w.l(__rtentry2.o)
    0x080001ae   0x080001ae   0x00000004   Code   RO         5947    .ARM.Collect$$rtentry$$0000000A  c_w.l(__rtentry2.o)
    0x080001b2   0x080001b2   0x00000000   Code   RO         5949    .ARM.Collect$$rtentry$$0000000C  c_w.l(__rtentry2.o)
    0x080001b2   0x080001b2   0x00000008   Code   RO         5950    .ARM.Collect$$rtentry$$0000000D  c_w.l(__rtentry2.o)
    0x080001ba   0x080001ba   0x00000002   Code   RO         5990    .ARM.Collect$$rtexit$$00000000  c_w.l(rtexit.o)
    0x080001bc   0x080001bc   0x00000000   Code   RO         6038    .ARM.Collect$$rtexit$$00000002  c_w.l(rtexit2.o)
    0x080001bc   0x080001bc   0x00000004   Code   RO         6039    .ARM.Collect$$rtexit$$00000003  c_w.l(rtexit2.o)
    0x080001c0   0x080001c0   0x00000006   Code   RO         6040    .ARM.Collect$$rtexit$$00000004  c_w.l(rtexit2.o)
    0x080001c6   0x080001c6   0x00000002   PAD
    0x080001c8   0x080001c8   0x00000040   Code   RO            4    .text               startup_stm32f103xb.o
    0x08000208   0x08000208   0x0000008a   Code   RO         5757    .text               c_w.l(rt_memcpy_v6.o)
    0x08000292   0x08000292   0x0000004e   Code   RO         5759    .text               c_w.l(rt_memclr_w.o)
    0x080002e0   0x080002e0   0x00000006   Code   RO         5761    .text               c_w.l(heapauxi.o)
    0x080002e6   0x080002e6   0x00000016   Code   RO         5854    .text               c_w.l(_rserrno.o)
    0x080002fc   0x080002fc   0x00000064   Code   RO         5856    .text               c_w.l(rt_memcpy_w.o)
    0x08000360   0x08000360   0x00000008   Code   RO         5961    .text               c_w.l(rt_errno_addr_intlibspace.o)
    0x08000368   0x08000368   0x00000008   Code   RO         5973    .text               c_w.l(libspace.o)
    0x08000370   0x08000370   0x0000004a   Code   RO         5976    .text               c_w.l(sys_stackheap_outer.o)
    0x080003ba   0x080003ba   0x00000012   Code   RO         5978    .text               c_w.l(exit.o)
    0x080003cc   0x080003cc   0x0000000c   Code   RO         6048    .text               c_w.l(sys_exit.o)
    0x080003d8   0x080003d8   0x00000002   Code   RO         6059    .text               c_w.l(use_no_semi.o)
    0x080003da   0x080003da   0x00000000   Code   RO         6061    .text               c_w.l(indicate_semi.o)
    0x080003da   0x080003da   0x00000002   PAD
    0x080003dc   0x080003dc   0x00000056   Code   RO         2066    i.ADC_ConversionStop_Disable  stm32f1xx_hal_adc.o
    0x08000432   0x08000432   0x0000004e   Code   RO         2067    i.ADC_DMAConvCplt   stm32f1xx_hal_adc.o
    0x08000480   0x08000480   0x0000001a   Code   RO         2068    i.ADC_DMAError      stm32f1xx_hal_adc.o
    0x0800049a   0x0800049a   0x0000000a   Code   RO         2069    i.ADC_DMAHalfConvCplt  stm32f1xx_hal_adc.o
    0x080004a4   0x080004a4   0x00000020   Code   RO         4569    i.ADC_DMA_Init      adc_1.o
    0x080004c4   0x080004c4   0x0000007c   Code   RO         2070    i.ADC_Enable        stm32f1xx_hal_adc.o
    0x08000540   0x08000540   0x00000038   Code   RO         4450    i.ALL_Init          init.o
    0x08000578   0x08000578   0x00000078   Code   RO         4957    i.ANO_Recive        ano_dt.o
    0x080005f0   0x080005f0   0x0000025c   Code   RO         4958    i.ANTO_Send         ano_dt.o
    0x0800084c   0x0800084c   0x000001dc   Code   RO         4959    i.ANTO_polling      ano_dt.o
    0x08000a28   0x08000a28   0x00000002   Code   RO          452    i.BusFault_Handler  stm32f1xx_it.o
    0x08000a2a   0x08000a2a   0x00000020   Code   RO         5516    i.CascadePID        pid.o
    0x08000a4a   0x08000a4a   0x00000002   PAD
    0x08000a4c   0x08000a4c   0x0000000c   Code   RO          453    i.DMA1_Channel1_IRQHandler  stm32f1xx_it.o
    0x08000a58   0x08000a58   0x0000000c   Code   RO          454    i.DMA1_Channel4_IRQHandler  stm32f1xx_it.o
    0x08000a64   0x08000a64   0x0000002a   Code   RO         1469    i.DMA_SetConfig     stm32f1xx_hal_dma.o
    0x08000a8e   0x08000a8e   0x00000002   Code   RO          455    i.DebugMon_Handler  stm32f1xx_it.o
    0x08000a90   0x08000a90   0x00000004   Code   RO           13    i.Error_Handler     main.o
    0x08000a94   0x08000a94   0x00000024   Code   RO         4613    i.FLASH_read        flash.o
    0x08000ab8   0x08000ab8   0x0000015c   Code   RO         5009    i.FlightPidControl  control.o
    0x08000c14   0x08000c14   0x000001e0   Code   RO         5010    i.FlowPidControl    control.o
    0x08000df4   0x08000df4   0x00000514   Code   RO         5288    i.GetAngle          imu.o
    0x08001308   0x08001308   0x0000001c   Code   RO         5289    i.GetNormAccz       imu.o
    0x08001324   0x08001324   0x00000040   Code   RO         4398    i.GetSysTime_us     delay.o
    0x08001364   0x08001364   0x000000d8   Code   RO         2246    i.HAL_ADCEx_Calibration_Start  stm32f1xx_hal_adc_ex.o
    0x0800143c   0x0800143c   0x000000fc   Code   RO         2072    i.HAL_ADC_ConfigChannel  stm32f1xx_hal_adc.o
    0x08001538   0x08001538   0x00000002   Code   RO         2073    i.HAL_ADC_ConvCpltCallback  stm32f1xx_hal_adc.o
    0x0800153a   0x0800153a   0x00000002   Code   RO         2074    i.HAL_ADC_ConvHalfCpltCallback  stm32f1xx_hal_adc.o
    0x0800153c   0x0800153c   0x00000002   Code   RO         2076    i.HAL_ADC_ErrorCallback  stm32f1xx_hal_adc.o
    0x0800153e   0x0800153e   0x00000002   PAD
    0x08001540   0x08001540   0x0000011c   Code   RO         2081    i.HAL_ADC_Init      stm32f1xx_hal_adc.o
    0x0800165c   0x0800165c   0x00000090   Code   RO          285    i.HAL_ADC_MspInit   adc.o
    0x080016ec   0x080016ec   0x0000010c   Code   RO         2088    i.HAL_ADC_Start_DMA  stm32f1xx_hal_adc.o
    0x080017f8   0x080017f8   0x00000046   Code   RO         1470    i.HAL_DMA_Abort     stm32f1xx_hal_dma.o
    0x0800183e   0x0800183e   0x00000002   PAD
    0x08001840   0x08001840   0x00000098   Code   RO         1471    i.HAL_DMA_Abort_IT  stm32f1xx_hal_dma.o
    0x080018d8   0x080018d8   0x00000154   Code   RO         1475    i.HAL_DMA_IRQHandler  stm32f1xx_hal_dma.o
    0x08001a2c   0x08001a2c   0x0000005c   Code   RO         1476    i.HAL_DMA_Init      stm32f1xx_hal_dma.o
    0x08001a88   0x08001a88   0x00000070   Code   RO         1480    i.HAL_DMA_Start_IT  stm32f1xx_hal_dma.o
    0x08001af8   0x08001af8   0x000001e0   Code   RO         1406    i.HAL_GPIO_Init     stm32f1xx_hal_gpio.o
    0x08001cd8   0x08001cd8   0x0000000a   Code   RO         1410    i.HAL_GPIO_WritePin  stm32f1xx_hal_gpio.o
    0x08001ce2   0x08001ce2   0x00000002   PAD
    0x08001ce4   0x08001ce4   0x0000000c   Code   RO         1100    i.HAL_GetTick       stm32f1xx_hal.o
    0x08001cf0   0x08001cf0   0x00000010   Code   RO         1106    i.HAL_IncTick       stm32f1xx_hal.o
    0x08001d00   0x08001d00   0x00000024   Code   RO         1107    i.HAL_Init          stm32f1xx_hal.o
    0x08001d24   0x08001d24   0x00000040   Code   RO         1108    i.HAL_InitTick      stm32f1xx_hal.o
    0x08001d64   0x08001d64   0x0000003c   Code   RO          564    i.HAL_MspInit       stm32f1xx_hal_msp.o
    0x08001da0   0x08001da0   0x0000001a   Code   RO         1566    i.HAL_NVIC_EnableIRQ  stm32f1xx_hal_cortex.o
    0x08001dba   0x08001dba   0x00000002   PAD
    0x08001dbc   0x08001dbc   0x00000040   Code   RO         1572    i.HAL_NVIC_SetPriority  stm32f1xx_hal_cortex.o
    0x08001dfc   0x08001dfc   0x00000024   Code   RO         1573    i.HAL_NVIC_SetPriorityGrouping  stm32f1xx_hal_cortex.o
    0x08001e20   0x08001e20   0x0000003c   Code   RO          863    i.HAL_PCDEx_PMAConfig  stm32f1xx_hal_pcd_ex.o
    0x08001e5c   0x08001e5c   0x00000002   Code   RO         3846    i.HAL_PCDEx_SetConnectionState  usbd_conf.o
    0x08001e5e   0x08001e5e   0x00000012   Code   RO         3848    i.HAL_PCD_DataInStageCallback  usbd_conf.o
    0x08001e70   0x08001e70   0x00000014   Code   RO         3849    i.HAL_PCD_DataOutStageCallback  usbd_conf.o
    0x08001e84   0x08001e84   0x0000004a   Code   RO          634    i.HAL_PCD_EP_Close  stm32f1xx_hal_pcd.o
    0x08001ece   0x08001ece   0x0000005a   Code   RO          635    i.HAL_PCD_EP_ClrStall  stm32f1xx_hal_pcd.o
    0x08001f28   0x08001f28   0x000000e6   Code   RO          636    i.HAL_PCD_EP_DB_Receive  stm32f1xx_hal_pcd.o
    0x0800200e   0x0800200e   0x00000338   Code   RO          637    i.HAL_PCD_EP_DB_Transmit  stm32f1xx_hal_pcd.o
    0x08002346   0x08002346   0x00000058   Code   RO          640    i.HAL_PCD_EP_Open   stm32f1xx_hal_pcd.o
    0x0800239e   0x0800239e   0x0000002e   Code   RO          641    i.HAL_PCD_EP_Receive  stm32f1xx_hal_pcd.o
    0x080023cc   0x080023cc   0x00000070   Code   RO          642    i.HAL_PCD_EP_SetStall  stm32f1xx_hal_pcd.o
    0x0800243c   0x0800243c   0x0000002e   Code   RO          643    i.HAL_PCD_EP_Transmit  stm32f1xx_hal_pcd.o
    0x0800246a   0x0800246a   0x00000002   PAD
    0x0800246c   0x0800246c   0x00000134   Code   RO          645    i.HAL_PCD_IRQHandler  stm32f1xx_hal_pcd.o
    0x080025a0   0x080025a0   0x000000ba   Code   RO          648    i.HAL_PCD_Init      stm32f1xx_hal_pcd.o
    0x0800265a   0x0800265a   0x00000002   PAD
    0x0800265c   0x0800265c   0x0000004c   Code   RO         3854    i.HAL_PCD_MspInit   usbd_conf.o
    0x080026a8   0x080026a8   0x00000026   Code   RO         3855    i.HAL_PCD_ResetCallback  usbd_conf.o
    0x080026ce   0x080026ce   0x00000008   Code   RO         3856    i.HAL_PCD_ResumeCallback  usbd_conf.o
    0x080026d6   0x080026d6   0x00000008   Code   RO         3857    i.HAL_PCD_SOFCallback  usbd_conf.o
    0x080026de   0x080026de   0x00000026   Code   RO          654    i.HAL_PCD_SetAddress  stm32f1xx_hal_pcd.o
    0x08002704   0x08002704   0x0000000e   Code   RO         3858    i.HAL_PCD_SetupStageCallback  usbd_conf.o
    0x08002712   0x08002712   0x00000032   Code   RO          656    i.HAL_PCD_Start     stm32f1xx_hal_pcd.o
    0x08002744   0x08002744   0x00000024   Code   RO         3859    i.HAL_PCD_SuspendCallback  usbd_conf.o
    0x08002768   0x08002768   0x000000a4   Code   RO         1367    i.HAL_RCCEx_GetPeriphCLKFreq  stm32f1xx_hal_rcc_ex.o
    0x0800280c   0x0800280c   0x000000ec   Code   RO         1368    i.HAL_RCCEx_PeriphCLKConfig  stm32f1xx_hal_rcc_ex.o
    0x080028f8   0x080028f8   0x0000012c   Code   RO         1264    i.HAL_RCC_ClockConfig  stm32f1xx_hal_rcc.o
    0x08002a24   0x08002a24   0x00000020   Code   RO         1271    i.HAL_RCC_GetPCLK1Freq  stm32f1xx_hal_rcc.o
    0x08002a44   0x08002a44   0x00000020   Code   RO         1272    i.HAL_RCC_GetPCLK2Freq  stm32f1xx_hal_rcc.o
    0x08002a64   0x08002a64   0x0000004c   Code   RO         1273    i.HAL_RCC_GetSysClockFreq  stm32f1xx_hal_rcc.o
    0x08002ab0   0x08002ab0   0x00000320   Code   RO         1276    i.HAL_RCC_OscConfig  stm32f1xx_hal_rcc.o
    0x08002dd0   0x08002dd0   0x00000028   Code   RO         1577    i.HAL_SYSTICK_Config  stm32f1xx_hal_cortex.o
    0x08002df8   0x08002df8   0x00000002   Code   RO         3048    i.HAL_TIMEx_BreakCallback  stm32f1xx_hal_tim_ex.o
    0x08002dfa   0x08002dfa   0x00000002   Code   RO         3049    i.HAL_TIMEx_CommutCallback  stm32f1xx_hal_tim_ex.o
    0x08002dfc   0x08002dfc   0x00000068   Code   RO         3067    i.HAL_TIMEx_MasterConfigSynchronization  stm32f1xx_hal_tim_ex.o
    0x08002e64   0x08002e64   0x0000005a   Code   RO         2344    i.HAL_TIM_Base_Init  stm32f1xx_hal_tim.o
    0x08002ebe   0x08002ebe   0x00000002   PAD
    0x08002ec0   0x08002ec0   0x0000006c   Code   RO          351    i.HAL_TIM_Base_MspInit  tim.o
    0x08002f2c   0x08002f2c   0x00000058   Code   RO         2349    i.HAL_TIM_Base_Start_IT  stm32f1xx_hal_tim.o
    0x08002f84   0x08002f84   0x000000dc   Code   RO         2353    i.HAL_TIM_ConfigClockSource  stm32f1xx_hal_tim.o
    0x08003060   0x08003060   0x00000002   Code   RO         2378    i.HAL_TIM_IC_CaptureCallback  stm32f1xx_hal_tim.o
    0x08003062   0x08003062   0x00000130   Code   RO         2392    i.HAL_TIM_IRQHandler  stm32f1xx_hal_tim.o
    0x08003192   0x08003192   0x00000002   PAD
    0x08003194   0x08003194   0x00000090   Code   RO          352    i.HAL_TIM_MspPostInit  tim.o
    0x08003224   0x08003224   0x00000002   Code   RO         2395    i.HAL_TIM_OC_DelayElapsedCallback  stm32f1xx_hal_tim.o
    0x08003226   0x08003226   0x000000cc   Code   RO         2416    i.HAL_TIM_PWM_ConfigChannel  stm32f1xx_hal_tim.o
    0x080032f2   0x080032f2   0x0000005a   Code   RO         2419    i.HAL_TIM_PWM_Init  stm32f1xx_hal_tim.o
    0x0800334c   0x0800334c   0x00000002   Code   RO         2421    i.HAL_TIM_PWM_MspInit  stm32f1xx_hal_tim.o
    0x0800334e   0x0800334e   0x00000002   Code   RO         2422    i.HAL_TIM_PWM_PulseFinishedCallback  stm32f1xx_hal_tim.o
    0x08003350   0x08003350   0x0000009c   Code   RO         2424    i.HAL_TIM_PWM_Start  stm32f1xx_hal_tim.o
    0x080033ec   0x080033ec   0x00000014   Code   RO           14    i.HAL_TIM_PeriodElapsedCallback  main.o
    0x08003400   0x08003400   0x00000002   Code   RO         2435    i.HAL_TIM_TriggerCallback  stm32f1xx_hal_tim.o
    0x08003402   0x08003402   0x00000002   Code   RO         3327    i.HAL_UARTEx_RxEventCallback  stm32f1xx_hal_uart.o
    0x08003404   0x08003404   0x00000002   Code   RO         3341    i.HAL_UART_ErrorCallback  stm32f1xx_hal_uart.o
    0x08003406   0x08003406   0x00000002   PAD
    0x08003408   0x08003408   0x0000026c   Code   RO         3344    i.HAL_UART_IRQHandler  stm32f1xx_hal_uart.o
    0x08003674   0x08003674   0x00000064   Code   RO         3345    i.HAL_UART_Init     stm32f1xx_hal_uart.o
    0x080036d8   0x080036d8   0x000000b4   Code   RO          411    i.HAL_UART_MspInit  usart.o
    0x0800378c   0x0800378c   0x00000002   Code   RO         3351    i.HAL_UART_RxCpltCallback  stm32f1xx_hal_uart.o
    0x0800378e   0x0800378e   0x00000002   Code   RO         3356    i.HAL_UART_TxCpltCallback  stm32f1xx_hal_uart.o
    0x08003790   0x08003790   0x00000002   Code   RO          456    i.HardFault_Handler  stm32f1xx_it.o
    0x08003792   0x08003792   0x00000002   PAD
    0x08003794   0x08003794   0x0000025c   Code   RO         5011    i.HeightPidControl  control.o
    0x080039f0   0x080039f0   0x00000038   Code   RO         4672    i.I2c_NoAck         iic_software.o
    0x08003a28   0x08003a28   0x0000004c   Code   RO         4673    i.I2c_ReadByte      iic_software.o
    0x08003a74   0x08003a74   0x00000044   Code   RO         4674    i.I2c_SendByte      iic_software.o
    0x08003ab8   0x08003ab8   0x00000038   Code   RO         4675    i.I2c_Start         iic_software.o
    0x08003af0   0x08003af0   0x00000030   Code   RO         4676    i.I2c_Stop          iic_software.o
    0x08003b20   0x08003b20   0x00000040   Code   RO         4677    i.I2c_WaitAck       iic_software.o
    0x08003b60   0x08003b60   0x0000001a   Code   RO         4678    i.I2c_delay         iic_software.o
    0x08003b7a   0x08003b7a   0x00000002   PAD
    0x08003b7c   0x08003b7c   0x00000014   Code   RO         4679    i.IIC_Init          iic_software.o
    0x08003b90   0x08003b90   0x00000058   Code   RO         4680    i.IIC_Read_One_Byte  iic_software.o
    0x08003be8   0x08003be8   0x00000042   Code   RO         4682    i.IIC_Write_One_Byte  iic_software.o
    0x08003c2a   0x08003c2a   0x00000002   PAD
    0x08003c2c   0x08003c2c   0x000000a8   Code   RO         4683    i.IIC_read_Bytes    iic_software.o
    0x08003cd4   0x08003cd4   0x00000038   Code   RO         3760    i.IntToUnicode      usbd_desc.o
    0x08003d0c   0x08003d0c   0x00000050   Code   RO          286    i.MX_ADC1_Init      adc.o
    0x08003d5c   0x08003d5c   0x0000003c   Code   RO          326    i.MX_DMA_Init       dma.o
    0x08003d98   0x08003d98   0x000000c4   Code   RO          260    i.MX_GPIO_Init      gpio.o
    0x08003e5c   0x08003e5c   0x0000006c   Code   RO          353    i.MX_TIM1_Init      tim.o
    0x08003ec8   0x08003ec8   0x000000c8   Code   RO          354    i.MX_TIM2_Init      tim.o
    0x08003f90   0x08003f90   0x000000c8   Code   RO          355    i.MX_TIM3_Init      tim.o
    0x08004058   0x08004058   0x00000038   Code   RO          412    i.MX_USART1_UART_Init  usart.o
    0x08004090   0x08004090   0x00000040   Code   RO         3716    i.MX_USB_DEVICE_Init  usb_device.o
    0x080040d0   0x080040d0   0x00000002   Code   RO          457    i.MemManage_Handler  stm32f1xx_it.o
    0x080040d2   0x080040d2   0x00000002   PAD
    0x080040d4   0x080040d4   0x000002b4   Code   RO         5012    i.MotorControl      control.o
    0x08004388   0x08004388   0x000000cc   Code   RO         5576    i.MpuGetData        mpu6050.o
    0x08004454   0x08004454   0x00000080   Code   RO         5578    i.MpuInit           mpu6050.o
    0x080044d4   0x080044d4   0x00000002   Code   RO          458    i.NMI_Handler       stm32f1xx_it.o
    0x080044d6   0x080044d6   0x00000002   PAD
    0x080044d8   0x080044d8   0x00000048   Code   RO         5631    i.NRF24L01_Check    nrf24l01.o
    0x08004520   0x08004520   0x00000020   Code   RO         5632    i.NRF24L01_Configuration  nrf24l01.o
    0x08004540   0x08004540   0x0000003c   Code   RO         5633    i.NRF24L01_Read_Buf  nrf24l01.o
    0x0800457c   0x0800457c   0x00000020   Code   RO         5634    i.NRF24L01_Read_Reg  nrf24l01.o
    0x0800459c   0x0800459c   0x00000032   Code   RO         5635    i.NRF24L01_RxPacket  nrf24l01.o
    0x080045ce   0x080045ce   0x00000002   PAD
    0x080045d0   0x080045d0   0x0000003c   Code   RO         5637    i.NRF24L01_Write_Buf  nrf24l01.o
    0x0800460c   0x0800460c   0x00000028   Code   RO         5638    i.NRF24L01_Write_Reg  nrf24l01.o
    0x08004634   0x08004634   0x00000016   Code   RO         5639    i.NRF24L01_init     nrf24l01.o
    0x0800464a   0x0800464a   0x000003a6   Code   RO          660    i.PCD_EP_ISR_Handler  stm32f1xx_hal_pcd.o
    0x080049f0   0x080049f0   0x00000002   Code   RO          459    i.PendSV_Handler    stm32f1xx_it.o
    0x080049f2   0x080049f2   0x00000002   PAD
    0x080049f4   0x080049f4   0x00000088   Code   RO         5546    i.PilotLED          led.o
    0x08004a7c   0x08004a7c   0x00000038   Code   RO         5412    i.Q_rsqrt           mymath.o
    0x08004ab4   0x08004ab4   0x000001f0   Code   RO         5165    i.RC_Analy          remote.o
    0x08004ca4   0x08004ca4   0x00000088   Code   RO           15    i.RUN               main.o
    0x08004d2c   0x08004d2c   0x00000054   Code   RO         5640    i.RX_Mode           nrf24l01.o
    0x08004d80   0x08004d80   0x00000014   Code   RO         4759    i.SPI_Config        spi.o
    0x08004d94   0x08004d94   0x0000004c   Code   RO         4760    i.SPI_RW            spi.o
    0x08004de0   0x08004de0   0x00000002   Code   RO          460    i.SVC_Handler       stm32f1xx_it.o
    0x08004de2   0x08004de2   0x00000004   Code   RO          461    i.SysTick_Handler   stm32f1xx_it.o
    0x08004de6   0x08004de6   0x0000007c   Code   RO           16    i.SystemClock_Config  main.o
    0x08004e62   0x08004e62   0x00000002   Code   RO         3679    i.SystemInit        system_stm32f1xx.o
    0x08004e64   0x08004e64   0x0000000c   Code   RO         4792    i.TIM1_Config       tim_1.o
    0x08004e70   0x08004e70   0x0000000c   Code   RO          462    i.TIM1_UP_IRQHandler  stm32f1xx_it.o
    0x08004e7c   0x08004e7c   0x0000002c   Code   RO         4793    i.TIM2_PWM_Config   tim_1.o
    0x08004ea8   0x08004ea8   0x00000040   Code   RO         4794    i.TIM3_PWM_Config   tim_1.o
    0x08004ee8   0x08004ee8   0x00000078   Code   RO         2437    i.TIM_Base_SetConfig  stm32f1xx_hal_tim.o
    0x08004f60   0x08004f60   0x0000001a   Code   RO         2438    i.TIM_CCxChannelCmd  stm32f1xx_hal_tim.o
    0x08004f7a   0x08004f7a   0x00000014   Code   RO         2448    i.TIM_ETR_SetConfig  stm32f1xx_hal_tim.o
    0x08004f8e   0x08004f8e   0x00000010   Code   RO         2449    i.TIM_ITRx_SetConfig  stm32f1xx_hal_tim.o
    0x08004f9e   0x08004f9e   0x00000002   PAD
    0x08004fa0   0x08004fa0   0x00000050   Code   RO         2450    i.TIM_OC1_SetConfig  stm32f1xx_hal_tim.o
    0x08004ff0   0x08004ff0   0x00000058   Code   RO         2451    i.TIM_OC2_SetConfig  stm32f1xx_hal_tim.o
    0x08005048   0x08005048   0x00000058   Code   RO         2452    i.TIM_OC3_SetConfig  stm32f1xx_hal_tim.o
    0x080050a0   0x080050a0   0x00000044   Code   RO         2453    i.TIM_OC4_SetConfig  stm32f1xx_hal_tim.o
    0x080050e4   0x080050e4   0x00000022   Code   RO         2455    i.TIM_TI1_ConfigInputStage  stm32f1xx_hal_tim.o
    0x08005106   0x08005106   0x00000024   Code   RO         2457    i.TIM_TI2_ConfigInputStage  stm32f1xx_hal_tim.o
    0x0800512a   0x0800512a   0x00000010   Code   RO         3358    i.UART_DMAAbortOnError  stm32f1xx_hal_uart.o
    0x0800513a   0x0800513a   0x0000004e   Code   RO         3368    i.UART_EndRxTransfer  stm32f1xx_hal_uart.o
    0x08005188   0x08005188   0x000000c2   Code   RO         3370    i.UART_Receive_IT   stm32f1xx_hal_uart.o
    0x0800524a   0x0800524a   0x00000002   PAD
    0x0800524c   0x0800524c   0x000000b8   Code   RO         3371    i.UART_SetConfig    stm32f1xx_hal_uart.o
    0x08005304   0x08005304   0x0000000c   Code   RO          463    i.USART1_IRQHandler  stm32f1xx_it.o
    0x08005310   0x08005310   0x0000000e   Code   RO         4058    i.USBD_ClrClassConfig  usbd_core.o
    0x0800531e   0x0800531e   0x00000010   Code   RO         4261    i.USBD_CtlContinueRx  usbd_ioreq.o
    0x0800532e   0x0800532e   0x00000010   Code   RO         4262    i.USBD_CtlContinueSendData  usbd_ioreq.o
    0x0800533e   0x0800533e   0x00000016   Code   RO         4196    i.USBD_CtlError     usbd_ctlreq.o
    0x08005354   0x08005354   0x00000016   Code   RO         4264    i.USBD_CtlReceiveStatus  usbd_ioreq.o
    0x0800536a   0x0800536a   0x0000001a   Code   RO         4265    i.USBD_CtlSendData  usbd_ioreq.o
    0x08005384   0x08005384   0x00000016   Code   RO         4266    i.USBD_CtlSendStatus  usbd_ioreq.o
    0x0800539a   0x0800539a   0x00000002   PAD
    0x0800539c   0x0800539c   0x00000020   Code   RO         3761    i.USBD_FS_ConfigStrDescriptor  usbd_desc.o
    0x080053bc   0x080053bc   0x0000000c   Code   RO         3762    i.USBD_FS_DeviceDescriptor  usbd_desc.o
    0x080053c8   0x080053c8   0x00000024   Code   RO         3763    i.USBD_FS_InterfaceStrDescriptor  usbd_desc.o
    0x080053ec   0x080053ec   0x0000000c   Code   RO         3764    i.USBD_FS_LangIDStrDescriptor  usbd_desc.o
    0x080053f8   0x080053f8   0x00000028   Code   RO         3765    i.USBD_FS_ManufacturerStrDescriptor  usbd_desc.o
    0x08005420   0x08005420   0x0000002c   Code   RO         3766    i.USBD_FS_ProductStrDescriptor  usbd_desc.o
    0x0800544c   0x0800544c   0x00000038   Code   RO         3767    i.USBD_FS_SerialStrDescriptor  usbd_desc.o
    0x08005484   0x08005484   0x000000e8   Code   RO         4197    i.USBD_GetDescriptor  usbd_ctlreq.o
    0x0800556c   0x0800556c   0x00000048   Code   RO         4198    i.USBD_GetString    usbd_ctlreq.o
    0x080055b4   0x080055b4   0x00000018   Code   RO         3860    i.USBD_Get_USB_Status  usbd_conf.o
    0x080055cc   0x080055cc   0x0000000c   Code   RO         4321    i.USBD_HID_DataIn   usbd_hid.o
    0x080055d8   0x080055d8   0x00000020   Code   RO         4322    i.USBD_HID_DeInit   usbd_hid.o
    0x080055f8   0x080055f8   0x0000000c   Code   RO         4323    i.USBD_HID_GetDeviceQualifierDesc  usbd_hid.o
    0x08005604   0x08005604   0x0000000c   Code   RO         4324    i.USBD_HID_GetFSCfgDesc  usbd_hid.o
    0x08005610   0x08005610   0x0000000c   Code   RO         4325    i.USBD_HID_GetHSCfgDesc  usbd_hid.o
    0x0800561c   0x0800561c   0x0000000c   Code   RO         4326    i.USBD_HID_GetOtherSpeedCfgDesc  usbd_hid.o
    0x08005628   0x08005628   0x0000002a   Code   RO         4328    i.USBD_HID_Init     usbd_hid.o
    0x08005652   0x08005652   0x00000024   Code   RO         4329    i.USBD_HID_SendReport  usbd_hid.o
    0x08005676   0x08005676   0x00000002   PAD
    0x08005678   0x08005678   0x000000c8   Code   RO         4330    i.USBD_HID_Setup    usbd_hid.o
    0x08005740   0x08005740   0x0000002a   Code   RO         4060    i.USBD_Init         usbd_core.o
    0x0800576a   0x0800576a   0x00000012   Code   RO         3861    i.USBD_LL_ClearStallEP  usbd_conf.o
    0x0800577c   0x0800577c   0x00000012   Code   RO         3862    i.USBD_LL_CloseEP   usbd_conf.o
    0x0800578e   0x0800578e   0x000000c6   Code   RO         4061    i.USBD_LL_DataInStage  usbd_core.o
    0x08005854   0x08005854   0x00000082   Code   RO         4062    i.USBD_LL_DataOutStage  usbd_core.o
    0x080058d6   0x080058d6   0x00000002   PAD
    0x080058d8   0x080058d8   0x00000068   Code   RO         3867    i.USBD_LL_Init      usbd_conf.o
    0x08005940   0x08005940   0x0000001e   Code   RO         3868    i.USBD_LL_IsStallEP  usbd_conf.o
    0x0800595e   0x0800595e   0x00000018   Code   RO         3869    i.USBD_LL_OpenEP    usbd_conf.o
    0x08005976   0x08005976   0x00000012   Code   RO         3870    i.USBD_LL_PrepareReceive  usbd_conf.o
    0x08005988   0x08005988   0x00000050   Code   RO         4067    i.USBD_LL_Reset     usbd_core.o
    0x080059d8   0x080059d8   0x00000014   Code   RO         4068    i.USBD_LL_Resume    usbd_core.o
    0x080059ec   0x080059ec   0x00000018   Code   RO         4069    i.USBD_LL_SOF       usbd_core.o
    0x08005a04   0x08005a04   0x00000006   Code   RO         4070    i.USBD_LL_SetSpeed  usbd_core.o
    0x08005a0a   0x08005a0a   0x00000012   Code   RO         3871    i.USBD_LL_SetUSBAddress  usbd_conf.o
    0x08005a1c   0x08005a1c   0x0000005a   Code   RO         4071    i.USBD_LL_SetupStage  usbd_core.o
    0x08005a76   0x08005a76   0x00000012   Code   RO         3872    i.USBD_LL_StallEP   usbd_conf.o
    0x08005a88   0x08005a88   0x00000012   Code   RO         3873    i.USBD_LL_Start     usbd_conf.o
    0x08005a9a   0x08005a9a   0x00000012   Code   RO         4072    i.USBD_LL_Suspend   usbd_core.o
    0x08005aac   0x08005aac   0x00000012   Code   RO         3875    i.USBD_LL_Transmit  usbd_conf.o
    0x08005abe   0x08005abe   0x00000028   Code   RO         4199    i.USBD_ParseSetupRequest  usbd_ctlreq.o
    0x08005ae6   0x08005ae6   0x00000010   Code   RO         4073    i.USBD_RegisterClass  usbd_core.o
    0x08005af6   0x08005af6   0x00000016   Code   RO         4075    i.USBD_SetClassConfig  usbd_core.o
    0x08005b0c   0x08005b0c   0x00000084   Code   RO         4200    i.USBD_SetConfig    usbd_ctlreq.o
    0x08005b90   0x08005b90   0x0000000a   Code   RO         4076    i.USBD_Start        usbd_core.o
    0x08005b9a   0x08005b9a   0x00000112   Code   RO         4201    i.USBD_StdDevReq    usbd_ctlreq.o
    0x08005cac   0x08005cac   0x00000150   Code   RO         4202    i.USBD_StdEPReq     usbd_ctlreq.o
    0x08005dfc   0x08005dfc   0x0000004e   Code   RO         4203    i.USBD_StdItfReq    usbd_ctlreq.o
    0x08005e4a   0x08005e4a   0x00000002   Code   RO         3876    i.USBD_static_free  usbd_conf.o
    0x08005e4c   0x08005e4c   0x00000008   Code   RO         3877    i.USBD_static_malloc  usbd_conf.o
    0x08005e54   0x08005e54   0x0000029c   Code   RO          903    i.USB_ActivateEndpoint  stm32f1xx_ll_usb.o
    0x080060f0   0x080060f0   0x00000004   Code   RO          906    i.USB_CoreInit      stm32f1xx_ll_usb.o
    0x080060f4   0x080060f4   0x0000010e   Code   RO          908    i.USB_DeactivateEndpoint  stm32f1xx_ll_usb.o
    0x08006202   0x08006202   0x00000004   Code   RO          909    i.USB_DevConnect    stm32f1xx_ll_usb.o
    0x08006206   0x08006206   0x00000004   Code   RO          910    i.USB_DevDisconnect  stm32f1xx_ll_usb.o
    0x0800620a   0x0800620a   0x00000012   Code   RO          911    i.USB_DevInit       stm32f1xx_ll_usb.o
    0x0800621c   0x0800621c   0x0000000e   Code   RO          912    i.USB_DisableGlobalInt  stm32f1xx_ll_usb.o
    0x0800622a   0x0800622a   0x00000004   Code   RO          913    i.USB_EP0_OutStart  stm32f1xx_ll_usb.o
    0x0800622e   0x0800622e   0x00000078   Code   RO          914    i.USB_EPClearStall  stm32f1xx_ll_usb.o
    0x080062a6   0x080062a6   0x00000032   Code   RO          915    i.USB_EPSetStall    stm32f1xx_ll_usb.o
    0x080062d8   0x080062d8   0x000004e2   Code   RO          916    i.USB_EPStartXfer   stm32f1xx_ll_usb.o
    0x080067ba   0x080067ba   0x00000012   Code   RO          918    i.USB_EnableGlobalInt  stm32f1xx_ll_usb.o
    0x080067cc   0x080067cc   0x00000014   Code   RO         4878    i.USB_HID_Init      usb_hid.o
    0x080067e0   0x080067e0   0x0000000c   Code   RO          464    i.USB_HP_CAN1_TX_IRQHandler  stm32f1xx_it.o
    0x080067ec   0x080067ec   0x0000000c   Code   RO          465    i.USB_LP_CAN1_RX0_IRQHandler  stm32f1xx_it.o
    0x080067f8   0x080067f8   0x00000006   Code   RO          925    i.USB_ReadInterrupts  stm32f1xx_ll_usb.o
    0x080067fe   0x080067fe   0x00000002   PAD
    0x08006800   0x08006800   0x0000002c   Code   RO          926    i.USB_ReadPMA       stm32f1xx_ll_usb.o
    0x0800682c   0x0800682c   0x00000004   Code   RO          927    i.USB_SetCurrentMode  stm32f1xx_ll_usb.o
    0x08006830   0x08006830   0x0000000c   Code   RO          928    i.USB_SetDevAddress  stm32f1xx_ll_usb.o
    0x0800683c   0x0800683c   0x00000026   Code   RO          930    i.USB_WritePMA      stm32f1xx_ll_usb.o
    0x08006862   0x08006862   0x00000002   Code   RO          466    i.UsageFault_Handler  stm32f1xx_it.o
    0x08006864   0x08006864   0x00000028   Code   RO         4879    i.Usb_Hid_Adddata   usb_hid.o
    0x0800688c   0x0800688c   0x0000006c   Code   RO         4880    i.Usb_Hid_Receive   usb_hid.o
    0x080068f8   0x080068f8   0x000000ec   Code   RO         4881    i.Usb_Hid_Send      usb_hid.o
    0x080069e4   0x080069e4   0x00000028   Code   RO         5903    i.__ARM_fpclassify  m_ws.l(fpclassify.o)
    0x08006a0c   0x08006a0c   0x00000026   Code   RO         5905    i.__ARM_fpclassifyf  m_ws.l(fpclassifyf.o)
    0x08006a32   0x08006a32   0x00000020   Code   RO         1579    i.__NVIC_SetPriority  stm32f1xx_hal_cortex.o
    0x08006a52   0x08006a52   0x000000aa   Code   RO         5921    i.__kernel_poly     m_ws.l(poly.o)
    0x08006afc   0x08006afc   0x00000006   Code   RO         5890    i.__mathlib_dbl_infnan  m_ws.l(dunder.o)
    0x08006b02   0x08006b02   0x00000004   Code   RO         5891    i.__mathlib_dbl_infnan2  m_ws.l(dunder.o)
    0x08006b06   0x08006b06   0x0000000c   Code   RO         5892    i.__mathlib_dbl_invalid  m_ws.l(dunder.o)
    0x08006b12   0x08006b12   0x00000002   PAD
    0x08006b14   0x08006b14   0x00000010   Code   RO         5895    i.__mathlib_dbl_underflow  m_ws.l(dunder.o)
    0x08006b24   0x08006b24   0x00000006   Code   RO         5908    i.__mathlib_flt_infnan  m_ws.l(funder.o)
    0x08006b2a   0x08006b2a   0x00000008   Code   RO         5910    i.__mathlib_flt_invalid  m_ws.l(funder.o)
    0x08006b32   0x08006b32   0x0000000a   Code   RO         5913    i.__mathlib_flt_underflow  m_ws.l(funder.o)
    0x08006b3c   0x08006b3c   0x00000168   Code   RO         5924    i.__mathlib_rredf2  m_ws.l(rredf.o)
    0x08006ca4   0x08006ca4   0x00000270   Code   RO         5820    i.asin              m_ws.l(asin.o)
    0x08006f14   0x08006f14   0x00000220   Code   RO         5880    i.atan              m_ws.l(atan.o)
    0x08007134   0x08007134   0x00000180   Code   RO         5838    i.atan2             m_ws.l(atan2.o)
    0x080072b4   0x080072b4   0x0000001c   Code   RO         4399    i.cycleCounterInit  delay.o
    0x080072d0   0x080072d0   0x00000022   Code   RO         4400    i.delay_ms          delay.o
    0x080072f2   0x080072f2   0x00000002   PAD
    0x080072f4   0x080072f4   0x000001f8   Code   RO         5714    i.flow_data_sins    flow.o
    0x080074ec   0x080074ec   0x00000088   Code   RO         5715    i.flow_get_data     flow.o
    0x08007574   0x08007574   0x0000002c   Code   RO         5290    i.imu_rest          imu.o
    0x080075a0   0x080075a0   0x00000054   Code   RO         5334    i.kalman_1          kalman.o
    0x080075f4   0x080075f4   0x0000005e   Code   RO           17    i.main              main.o
    0x08007652   0x08007652   0x0000002a   Code   RO         5517    i.pidRest           pid.o
    0x0800767c   0x0800767c   0x0000009e   Code   RO         5518    i.pidUpdate         pid.o
    0x0800771a   0x0800771a   0x00000002   PAD
    0x0800771c   0x0800771c   0x00000178   Code   RO         4451    i.pid_param_Init    init.o
    0x08007894   0x08007894   0x00000150   Code   RO         5166    i.remote_unlock     remote.o
    0x080079e4   0x080079e4   0x0000004c   Code   RO         5928    i.sqrt              m_ws.l(sqrt.o)
    0x08007a30   0x08007a30   0x00000174   Code   RO         5846    i.tanf              m_ws.l(tanf.o)
    0x08007ba4   0x08007ba4   0x00000062   Code   RO         5765    x$fpl$d2f           fz_ws.l(d2f.o)
    0x08007c06   0x08007c06   0x00000002   PAD
    0x08007c08   0x08007c08   0x00000150   Code   RO         5767    x$fpl$dadd          fz_ws.l(daddsub_clz.o)
    0x08007d58   0x08007d58   0x00000010   Code   RO         5963    x$fpl$dcheck1       fz_ws.l(dcheck1.o)
    0x08007d68   0x08007d68   0x000002b0   Code   RO         5859    x$fpl$ddiv          fz_ws.l(ddiv.o)
    0x08008018   0x08008018   0x0000005e   Code   RO         5773    x$fpl$dfix          fz_ws.l(dfix.o)
    0x08008076   0x08008076   0x0000002e   Code   RO         5778    x$fpl$dflt          fz_ws.l(dflt_clz.o)
    0x080080a4   0x080080a4   0x00000026   Code   RO         5777    x$fpl$dfltu         fz_ws.l(dflt_clz.o)
    0x080080ca   0x080080ca   0x00000002   PAD
    0x080080cc   0x080080cc   0x00000154   Code   RO         5783    x$fpl$dmul          fz_ws.l(dmul.o)
    0x08008220   0x08008220   0x0000009c   Code   RO         5862    x$fpl$dnaninf       fz_ws.l(dnaninf.o)
    0x080082bc   0x080082bc   0x0000000c   Code   RO         5864    x$fpl$dretinf       fz_ws.l(dretinf.o)
    0x080082c8   0x080082c8   0x00000016   Code   RO         5768    x$fpl$drsb          fz_ws.l(daddsub_clz.o)
    0x080082de   0x080082de   0x00000002   PAD
    0x080082e0   0x080082e0   0x000001cc   Code   RO         5967    x$fpl$dsqrt         fz_ws.l(dsqrt_noumaal.o)
    0x080084ac   0x080084ac   0x000001d4   Code   RO         5769    x$fpl$dsub          fz_ws.l(daddsub_clz.o)
    0x08008680   0x08008680   0x00000056   Code   RO         5785    x$fpl$f2d           fz_ws.l(f2d.o)
    0x080086d6   0x080086d6   0x00000002   PAD
    0x080086d8   0x080086d8   0x000000c4   Code   RO         5787    x$fpl$fadd          fz_ws.l(faddsub_clz.o)
    0x0800879c   0x0800879c   0x0000000c   Code   RO         5866    x$fpl$fcheck1       fz_ws.l(fcheck1.o)
    0x080087a8   0x080087a8   0x00000018   Code   RO         5868    x$fpl$fcmpinf       fz_ws.l(fcmpi.o)
    0x080087c0   0x080087c0   0x00000184   Code   RO         5794    x$fpl$fdiv          fz_ws.l(fdiv.o)
    0x08008944   0x08008944   0x00000036   Code   RO         5797    x$fpl$ffix          fz_ws.l(ffix.o)
    0x0800897a   0x0800897a   0x00000002   PAD
    0x0800897c   0x0800897c   0x0000003e   Code   RO         5801    x$fpl$ffixu         fz_ws.l(ffixu.o)
    0x080089ba   0x080089ba   0x00000002   PAD
    0x080089bc   0x080089bc   0x00000030   Code   RO         5806    x$fpl$fflt          fz_ws.l(fflt_clz.o)
    0x080089ec   0x080089ec   0x00000026   Code   RO         5805    x$fpl$ffltu         fz_ws.l(fflt_clz.o)
    0x08008a12   0x08008a12   0x00000002   PAD
    0x08008a14   0x08008a14   0x00000068   Code   RO         5811    x$fpl$fleqf         fz_ws.l(fleqf.o)
    0x08008a7c   0x08008a7c   0x00000102   Code   RO         5813    x$fpl$fmul          fz_ws.l(fmul.o)
    0x08008b7e   0x08008b7e   0x0000008c   Code   RO         5870    x$fpl$fnaninf       fz_ws.l(fnaninf.o)
    0x08008c0a   0x08008c0a   0x0000000a   Code   RO         5872    x$fpl$fretinf       fz_ws.l(fretinf.o)
    0x08008c14   0x08008c14   0x00000062   Code   RO         5815    x$fpl$frleqf        fz_ws.l(frleqf.o)
    0x08008c76   0x08008c76   0x00000002   PAD
    0x08008c78   0x08008c78   0x00000060   Code   RO         5874    x$fpl$frnd          fz_ws.l(frnd.o)
    0x08008cd8   0x08008cd8   0x00000014   Code   RO         5788    x$fpl$frsb          fz_ws.l(faddsub_clz.o)
    0x08008cec   0x08008cec   0x000000ea   Code   RO         5789    x$fpl$fsub          fz_ws.l(faddsub_clz.o)
    0x08008dd6   0x08008dd6   0x00000064   Code   RO         5971    x$fpl$retnan        fz_ws.l(retnan.o)
    0x08008e3a   0x08008e3a   0x0000005c   Code   RO         5876    x$fpl$scalbn        fz_ws.l(scalbn.o)
    0x08008e96   0x08008e96   0x0000004c   Code   RO         5817    x$fpl$scalbnf       fz_ws.l(scalbnf.o)
    0x08008ee2   0x08008ee2   0x00000030   Code   RO         5988    x$fpl$trapveneer    fz_ws.l(trapv.o)
    0x08008f12   0x08008f12   0x00000000   Code   RO         5878    x$fpl$usenofp       fz_ws.l(usenofp.o)
    0x08008f12   0x08008f12   0x00000012   Data   RO         1277    .constdata          stm32f1xx_hal_rcc.o
    0x08008f24   0x08008f24   0x00000012   Data   RO         1369    .constdata          stm32f1xx_hal_rcc_ex.o
    0x08008f36   0x08008f36   0x00000010   Data   RO         3680    .constdata          system_stm32f1xx.o
    0x08008f46   0x08008f46   0x00000008   Data   RO         3681    .constdata          system_stm32f1xx.o
    0x08008f4e   0x08008f4e   0x00000002   PAD
    0x08008f50   0x08008f50   0x00000004   Data   RO         5426    .constdata          mymath.o
    0x08008f54   0x08008f54   0x00000004   Data   RO         5428    .constdata          mymath.o
    0x08008f58   0x08008f58   0x00000004   Data   RO         5429    .constdata          mymath.o
    0x08008f5c   0x08008f5c   0x00000005   Data   RO         5642    .constdata          nrf24l01.o
    0x08008f61   0x08008f61   0x00000007   PAD
    0x08008f68   0x08008f68   0x00000050   Data   RO         5821    .constdata          m_ws.l(asin.o)
    0x08008fb8   0x08008fb8   0x00000098   Data   RO         5881    .constdata          m_ws.l(atan.o)
    0x08009050   0x08009050   0x00000008   Data   RO         5923    .constdata          m_ws.l(qnan.o)
    0x08009058   0x08009058   0x00000020   Data   RO         5925    .constdata          m_ws.l(rredf.o)
    0x08009078   0x08009078   0x00000020   Data   RO         6114    Region$$Table       anon$$obj.o


    Execution Region RW_IRAM1 (Exec base: 0x20000000, Load base: 0x08009098, Size: 0x00001740, Max: 0x00005000, ABSOLUTE, COMPRESSED[0x00000138])

    Exec Addr    Load Addr    Size         Type   Attr      Idx    E Section Name        Object

    0x20000000   COMPRESSED   0x00000006   Data   RW           18    .data               main.o
    0x20000006   COMPRESSED   0x00000002   PAD
    0x20000008   COMPRESSED   0x0000000c   Data   RW         1114    .data               stm32f1xx_hal.o
    0x20000014   COMPRESSED   0x00000004   Data   RW         3682    .data               system_stm32f1xx.o
    0x20000018   COMPRESSED   0x0000001c   Data   RW         3769    .data               usbd_desc.o
    0x20000034   COMPRESSED   0x00000032   Data   RW         3770    .data               usbd_desc.o
    0x20000066   COMPRESSED   0x00000001   Data   RW         4204    .data               usbd_ctlreq.o
    0x20000067   COMPRESSED   0x00000001   PAD
    0x20000068   COMPRESSED   0x00000038   Data   RW         4331    .data               usbd_hid.o
    0x200000a0   COMPRESSED   0x000000ce   Data   RW         4332    .data               usbd_hid.o
    0x2000016e   COMPRESSED   0x00000002   PAD
    0x20000170   COMPRESSED   0x00000004   Data   RW         4402    .data               delay.o
    0x20000174   COMPRESSED   0x00000018   Data   RW         4455    .data               init.o
    0x2000018c   COMPRESSED   0x00000001   Data   RW         4456    .data               init.o
    0x2000018d   COMPRESSED   0x00000001   PAD
    0x2000018e   COMPRESSED   0x00000008   Data   RW         4457    .data               init.o
    0x20000196   COMPRESSED   0x00000002   PAD
    0x20000198   COMPRESSED   0x00000004   Data   RW         4616    .data               flash.o
    0x2000019c   COMPRESSED   0x00000005   Data   RW         4883    .data               usb_hid.o
    0x200001a1   COMPRESSED   0x00000001   PAD
    0x200001a2   COMPRESSED   0x00000004   Data   RW         4961    .data               ano_dt.o
    0x200001a6   COMPRESSED   0x00000002   PAD
    0x200001a8   COMPRESSED   0x00000054   Data   RW         5013    .data               control.o
    0x200001fc   COMPRESSED   0x0000000c   Data   RW         5168    .data               remote.o
    0x20000208   COMPRESSED   0x00000038   Data   RW         5292    .data               imu.o
    0x20000240   COMPRESSED   0x00000008   Data   RW         5547    .data               led.o
    0x20000248   COMPRESSED   0x0000004c   Data   RW         5581    .data               mpu6050.o
    0x20000294   COMPRESSED   0x0000003a   Data   RW         5721    .data               flow.o
    0x200002ce   COMPRESSED   0x00000002   PAD
    0x200002d0        -       0x00000074   Zero   RW          287    .bss                adc.o
    0x20000344        -       0x000000d8   Zero   RW          356    .bss                tim.o
    0x2000041c        -       0x0000008c   Zero   RW          413    .bss                usart.o
    0x200004a8        -       0x000002c4   Zero   RW         3717    .bss                usb_device.o
    0x2000076c        -       0x00000200   Zero   RW         3768    .bss                usbd_desc.o
    0x2000096c        -       0x000002ec   Zero   RW         3878    .bss                usbd_conf.o
    0x20000c58        -       0x0000000c   Zero   RW         4452    .bss                init.o
    0x20000c64        -       0x0000000c   Zero   RW         4453    .bss                init.o
    0x20000c70        -       0x00000270   Zero   RW         4454    .bss                init.o
    0x20000ee0        -       0x00000014   Zero   RW         4571    .bss                adc_1.o
    0x20000ef4        -       0x00000140   Zero   RW         4882    .bss                usb_hid.o
    0x20001034        -       0x00000054   Zero   RW         4960    .bss                ano_dt.o
    0x20001088        -       0x00000020   Zero   RW         5167    .bss                remote.o
    0x200010a8        -       0x0000000c   Zero   RW         5291    .bss                imu.o
    0x200010b4        -       0x00000018   Zero   RW         5580    .bss                mpu6050.o
    0x200010cc        -       0x00000010   Zero   RW         5716    .bss                flow.o
    0x200010dc        -       0x00000060   Zero   RW         5974    .bss                c_w.l(libspace.o)
    0x2000113c   COMPRESSED   0x00000004   PAD
    0x20001140        -       0x00000200   Zero   RW            2    HEAP                startup_stm32f103xb.o
    0x20001340        -       0x00000400   Zero   RW            1    STACK               startup_stm32f103xb.o


==============================================================================

Image component sizes


      Code (inc. data)   RO Data    RW Data    ZI Data      Debug   Object Name

       224         32          0          0        116       1663   adc.o
        32         10          0          0         20       1033   adc_1.o
      1200        114          0          4         84       4340   ano_dt.o
      2124        236          0         84          0       6835   control.o
       126         22          0          4          0       1910   delay.o
        60          4          0          0          0        726   dma.o
        36          8          0          4          0       1111   flash.o
       640         62          0         58         16       3042   flow.o
       196         14          0          0          0        911   gpio.o
       736         40          0          0          0       6469   iic_software.o
      1372         44          0         56         12       2986   imu.o
       432         88          0         33        648       3349   init.o
        84          0          0          0          0       1219   kalman.o
       136         14          0          8          0       2301   led.o
       378         36          0          6          0     470623   main.o
       332         22          0         76         24       2619   mpu6050.o
        56          6         12          0          0        921   mymath.o
       452         40          5          0          0       6042   nrf24l01.o
       232          0          0          0          0       2011   pid.o
       832         64          0         12         32       2812   remote.o
        96          8          0          0          0       1270   spi.o
        64         26        236          0       1536        792   startup_stm32f103xb.o
       128         24          0         12          0       5157   stm32f1xx_hal.o
      1134         56          0          0          0       8282   stm32f1xx_hal_adc.o
       216          6          0          0          0       1390   stm32f1xx_hal_adc_ex.o
       198         14          0          0          0      28815   stm32f1xx_hal_cortex.o
       808         36          0          0          0       4846   stm32f1xx_hal_dma.o
       490         34          0          0          0       2832   stm32f1xx_hal_gpio.o
        60          8          0          0          0        834   stm32f1xx_hal_msp.o
      3026          0          0          0          0      13365   stm32f1xx_hal_pcd.o
        60          0          0          0          0       1134   stm32f1xx_hal_pcd_ex.o
      1240         84         18          0          0       4992   stm32f1xx_hal_rcc.o
       400         28         18          0          0       2405   stm32f1xx_hal_rcc_ex.o
      1738         56          0          0          0      15666   stm32f1xx_hal_tim.o
       108         12          0          0          0       2321   stm32f1xx_hal_tim_ex.o
      1200         10          0          0          0       7760   stm32f1xx_hal_uart.o
        92         36          0          0          0       6238   stm32f1xx_it.o
      2528          0          0          0          0      15747   stm32f1xx_ll_usb.o
         2          0         24          4          0       1059   system_stm32f1xx.o
       760         54          0          0        216       3830   tim.o
       120         18          0          0          0       1266   tim_1.o
       236         28          0          0        140       1705   usart.o
        64         12          0          0        708        740   usb_device.o
       404         40          0          5        320       3651   usb_hid.o
       538         30          0          0        748      13181   usbd_conf.o
       670          0          0          0          0       9183   usbd_core.o
      1186         28          0          1          0       7736   usbd_ctlreq.o
       288        104          0         78        512       5721   usbd_desc.o
       370         20          0        262          0       7537   usbd_hid.o
       102          0          0          0          0       3532   usbd_ioreq.o

    ----------------------------------------------------------------------
     28056       1628        354        720       5132     705910   Object Totals
         0          0         32          0          0          0   (incl. Generated)
        50          0          9         13          0          0   (incl. Padding)

    ----------------------------------------------------------------------

      Code (inc. data)   RO Data    RW Data    ZI Data      Debug   Library Member Name

        90          0          0          0          0          0   __dczerorl2.o
         8          0          0          0          0         68   __main.o
         0          0          0          0          0          0   __rtentry.o
        12          0          0          0          0          0   __rtentry2.o
         6          0          0          0          0          0   __rtentry4.o
        52          8          0          0          0          0   __scatter.o
        28          0          0          0          0          0   __scatter_zi.o
        22          0          0          0          0        100   _rserrno.o
        18          0          0          0          0         80   exit.o
         6          0          0          0          0        152   heapauxi.o
         0          0          0          0          0          0   indicate_semi.o
         2          0          0          0          0          0   libinit.o
         2          0          0          0          0          0   libinit2.o
         2          0          0          0          0          0   libshutdown.o
         2          0          0          0          0          0   libshutdown2.o
         8          4          0          0         96         68   libspace.o
         8          4          0          0          0         68   rt_errno_addr_intlibspace.o
        78          0          0          0          0         80   rt_memclr_w.o
       138          0          0          0          0         68   rt_memcpy_v6.o
       100          0          0          0          0         80   rt_memcpy_w.o
         2          0          0          0          0          0   rtexit.o
        10          0          0          0          0          0   rtexit2.o
        12          4          0          0          0         68   sys_exit.o
        74          0          0          0          0         80   sys_stackheap_outer.o
         2          0          0          0          0         68   use_no_semi.o
        98          4          0          0          0         92   d2f.o
       826         16          0          0          0        348   daddsub_clz.o
        16          4          0          0          0         68   dcheck1.o
       688        140          0          0          0        208   ddiv.o
        94          4          0          0          0         92   dfix.o
        84          0          0          0          0        136   dflt_clz.o
       340         12          0          0          0        104   dmul.o
       156          4          0          0          0         92   dnaninf.o
        12          0          0          0          0         68   dretinf.o
       460         56          0          0          0        120   dsqrt_noumaal.o
        86          4          0          0          0         84   f2d.o
       450          8          0          0          0        236   faddsub_clz.o
        12          4          0          0          0         68   fcheck1.o
        24          0          0          0          0         68   fcmpi.o
       388         76          0          0          0         96   fdiv.o
        54          4          0          0          0         84   ffix.o
        62          4          0          0          0         84   ffixu.o
        86          0          0          0          0        136   fflt_clz.o
       104          4          0          0          0         84   fleqf.o
       258          4          0          0          0         84   fmul.o
       140          4          0          0          0         84   fnaninf.o
        10          0          0          0          0         68   fretinf.o
        98          0          0          0          0         68   frleqf.o
        96          4          0          0          0         76   frnd.o
       100          0          0          0          0         68   retnan.o
        92          0          0          0          0         68   scalbn.o
        76          0          0          0          0         68   scalbnf.o
        48          0          0          0          0         68   trapv.o
         0          0          0          0          0          0   usenofp.o
       624         52         80          0          0        168   asin.o
       544         70        152          0          0        124   atan.o
       384         38          0          0          0        144   atan2.o
        38          6          0          0          0        272   dunder.o
        40          0          0          0          0         68   fpclassify.o
        38          0          0          0          0         68   fpclassifyf.o
        24          0          0          0          0        204   funder.o
       170          0          0          0          0         96   poly.o
         0          0          8          0          0          0   qnan.o
       360         16         32          0          0         88   rredf.o
        76          0          0          0          0         84   sqrt.o
       372         58          0          0          0        124   tanf.o

    ----------------------------------------------------------------------
      8334        616        272          0        100       5340   Library Totals
        24          0          0          0          4          0   (incl. Padding)

    ----------------------------------------------------------------------

      Code (inc. data)   RO Data    RW Data    ZI Data      Debug   Library Name

       682         20          0          0         96        980   c_w.l
      4958        356          0          0          0       2920   fz_ws.l
      2670        240        272          0          0       1440   m_ws.l

    ----------------------------------------------------------------------
      8334        616        272          0        100       5340   Library Totals

    ----------------------------------------------------------------------

==============================================================================


      Code (inc. data)   RO Data    RW Data    ZI Data      Debug   

     36390       2244        626        720       5232     695178   Grand Totals
     36390       2244        626        312       5232     695178   ELF Image Totals (compressed)
     36390       2244        626        312          0          0   ROM Totals

==============================================================================

    Total RO  Size (Code + RO Data)                37016 (  36.15kB)
    Total RW  Size (RW Data + ZI Data)              5952 (   5.81kB)
    Total ROM Size (Code + RO Data + RW Data)      37328 (  36.45kB)

==============================================================================

